Archive member included to satisfy reference by file (symbol)

C:/Program Files/SEGGER/SEGGER Embedded Studio for ARM 4.22/lib/libc_v7em_fpv4_sp_d16_hard_t_le_eabi.a(libc_asm.o)
                              Output/ble_app_beacon_pca10040_s132 Release/Obj/bsp.o (__aeabi_uldivmod)
C:/Program Files/SEGGER/SEGGER Embedded Studio for ARM 4.22/lib/libc_v7em_fpv4_sp_d16_hard_t_le_eabi.a(libc2.o)
                              Output/ble_app_beacon_pca10040_s132 Release/Obj/ble_advdata.o (memcmp)
C:/Program Files/SEGGER/SEGGER Embedded Studio for ARM 4.22/lib/libc_v7em_fpv4_sp_d16_hard_t_le_eabi.a(libc2_asm.o)
                              Output/ble_app_beacon_pca10040_s132 Release/Obj/app_scheduler.o (memcpy)
C:/Program Files/SEGGER/SEGGER Embedded Studio for ARM 4.22/lib/libc_v7em_fpv4_sp_d16_hard_t_le_eabi.a(libc.o)
                              C:/Program Files/SEGGER/SEGGER Embedded Studio for ARM 4.22/lib/libc_v7em_fpv4_sp_d16_hard_t_le_eabi.a(libc2.o) (__heap_lock)
C:/Program Files/SEGGER/SEGGER Embedded Studio for ARM 4.22/lib/libdebugio_v7em_fpv4_sp_d16_hard_t_le_eabi.a(libdebugio.o)
                              Output/ble_app_beacon_pca10040_s132 Release/Obj/thumb_crt0.o (debug_fopen)
C:/Program Files/SEGGER/SEGGER Embedded Studio for ARM 4.22/lib/libdebugio_mempoll_v7em_fpv4_sp_d16_hard_t_le_eabi.a(mempoll_debug_operations.o)
                              C:/Program Files/SEGGER/SEGGER Embedded Studio for ARM 4.22/lib/libdebugio_v7em_fpv4_sp_d16_hard_t_le_eabi.a(libdebugio.o) (__do_debug_operation)
C:/Program Files/SEGGER/SEGGER Embedded Studio for ARM 4.22/lib/libdebugio_mempoll_v7em_fpv4_sp_d16_hard_t_le_eabi.a(do_nv_debug_operation.o)
                              C:/Program Files/SEGGER/SEGGER Embedded Studio for ARM 4.22/lib/libdebugio_v7em_fpv4_sp_d16_hard_t_le_eabi.a(libdebugio.o) (__do_nvdebug_operation)
C:/Program Files/SEGGER/SEGGER Embedded Studio for ARM 4.22/lib/libm_v7em_fpv4_sp_d16_hard_t_le_eabi.a(libm_asm.o)
                              C:/Program Files/SEGGER/SEGGER Embedded Studio for ARM 4.22/lib/libc_v7em_fpv4_sp_d16_hard_t_le_eabi.a(libc2.o) (__aeabi_i2d)
C:/Program Files/SEGGER/SEGGER Embedded Studio for ARM 4.22/lib/libm_v7em_fpv4_sp_d16_hard_t_le_eabi.a(libm2.o)
                              C:/Program Files/SEGGER/SEGGER Embedded Studio for ARM 4.22/lib/libvfprintf_v7em_fpv4_sp_d16_hard_t_le_eabi.o (frexp)
C:/Program Files/SEGGER/SEGGER Embedded Studio for ARM 4.22/lib/libm_v7em_fpv4_sp_d16_hard_t_le_eabi.a(libm2_asm.o)
                              C:/Program Files/SEGGER/SEGGER Embedded Studio for ARM 4.22/lib/libm_v7em_fpv4_sp_d16_hard_t_le_eabi.a(libm2.o) (fabs)

Discarded input sections

 .text          0x0000000000000000        0x0 Output/ble_app_beacon_pca10040_s132 Release/Obj/thumb_crt0.o
 .data          0x0000000000000000        0x0 Output/ble_app_beacon_pca10040_s132 Release/Obj/thumb_crt0.o
 .bss           0x0000000000000000        0x0 Output/ble_app_beacon_pca10040_s132 Release/Obj/thumb_crt0.o
 .text.__aeabi_read_tp
                0x0000000000000000        0x8 Output/ble_app_beacon_pca10040_s132 Release/Obj/thumb_crt0.o
 .text.abort    0x0000000000000000        0x2 Output/ble_app_beacon_pca10040_s132 Release/Obj/thumb_crt0.o
 .text.__assert
                0x0000000000000000        0x2 Output/ble_app_beacon_pca10040_s132 Release/Obj/thumb_crt0.o
 .text.__aeabi_assert
                0x0000000000000000        0x2 Output/ble_app_beacon_pca10040_s132 Release/Obj/thumb_crt0.o
 .text.__sync_synchronize
                0x0000000000000000        0x2 Output/ble_app_beacon_pca10040_s132 Release/Obj/thumb_crt0.o
 .text.__getchar
                0x0000000000000000        0x4 Output/ble_app_beacon_pca10040_s132 Release/Obj/thumb_crt0.o
 .text.__putchar
                0x0000000000000000        0x4 Output/ble_app_beacon_pca10040_s132 Release/Obj/thumb_crt0.o
 .text.__open   0x0000000000000000        0x4 Output/ble_app_beacon_pca10040_s132 Release/Obj/thumb_crt0.o
 .text.__close  0x0000000000000000        0x4 Output/ble_app_beacon_pca10040_s132 Release/Obj/thumb_crt0.o
 .text.__write  0x0000000000000000        0xa Output/ble_app_beacon_pca10040_s132 Release/Obj/thumb_crt0.o
 .text.__read   0x0000000000000000        0xa Output/ble_app_beacon_pca10040_s132 Release/Obj/thumb_crt0.o
 .text.__seek   0x0000000000000000       0x1a Output/ble_app_beacon_pca10040_s132 Release/Obj/thumb_crt0.o
 .bss.__user_locale_name_buffer
                0x0000000000000000        0x4 Output/ble_app_beacon_pca10040_s132 Release/Obj/thumb_crt0.o
 .stack         0x0000000000000000        0x0 Output/ble_app_beacon_pca10040_s132 Release/Obj/thumb_crt0.o
 .stack_process
                0x0000000000000000        0x0 Output/ble_app_beacon_pca10040_s132 Release/Obj/thumb_crt0.o
 .heap          0x0000000000000000        0x0 Output/ble_app_beacon_pca10040_s132 Release/Obj/thumb_crt0.o
 .group         0x0000000000000000        0xc Output/ble_app_beacon_pca10040_s132 Release/Obj/nrf_log_backend_rtt.o
[...]
Memory Configuration

Name             Origin             Length             Attributes
UNPLACED_SECTIONS 0x0000000100000000 0x0000000000000000 xw
RAM              0x0000000020000000 0x0000000000010000 xw
FLASH            0x0000000000000000 0x0000000000080000 xw
*default*        0x0000000000000000 0xffffffffffffffff

Linker script and memory map

                0x0000000000000000                __vfprintf = __vfprintf_long
                0x0000000000000000                __vfscanf = __vfscanf_int
                0x0000000020000000                __RAM_segment_start__ = 0x20000000
                0x0000000020010000                __RAM_segment_end__ = 0x20010000
                0x0000000000010000                __RAM_segment_size__ = 0x10000
                0x0000000000000000                __FLASH_segment_start__ = 0x0
                0x0000000000080000                __FLASH_segment_end__ = 0x80000
                0x0000000000080000                __FLASH_segment_size__ = 0x80000
                0x0000000000002000                __HEAPSIZE__ = 0x2000
                0x0000000000000000                __STACKSIZE_PROCESS__ = 0x0
                0x0000000000002000                __STACKSIZE__ = 0x2000
                0x0000000020000000                __reserved_ram_load_start__ = 0x20000000

.reserved_ram   0x0000000020000000     0x18a8
                0x0000000020000000                __reserved_ram_start__ = .
 *(.reserved_ram .reserved_ram.*)
                0x00000000200018a8                . = MAX (((__reserved_ram_start__ + 0x200018a8) - 0x20000000), .)
 *fill*         0x0000000020000000     0x18a8 
                0x00000000200018a8                __reserved_ram_end__ = (__reserved_ram_start__ + SIZEOF (.reserved_ram))
                0x00000000000018a8                __reserved_ram_size__ = SIZEOF (.reserved_ram)
                0x00000000200018a8                __reserved_ram_load_end__ = __reserved_ram_end__
                0x0000000000000001                . = ASSERT (((__reserved_ram_start__ == __reserved_ram_end__) || ((__reserved_ram_end__ - __RAM_segment_start__) <= __RAM_segment_size__)), error: .reserved_ram is too large to fit in RAM memory segment)
                0x00000000200018a8                __vectors_ram_load_start__ = 0x200018a8

.vectors_ram    0x00000000200018a8        0x0
                0x00000000200018a8                __vectors_ram_start__ = .
                0x00000000200018a8                __app_ram_start__ = __vectors_ram_start__
 *(.vectors_ram .vectors_ram.*)
                0x00000000200018a8                __vectors_ram_end__ = (__vectors_ram_start__ + SIZEOF (.vectors_ram))
                0x0000000000000000                __vectors_ram_size__ = SIZEOF (.vectors_ram)
                0x00000000200018a8                __vectors_ram_load_end__ = __vectors_ram_end__
                0x0000000000000001                . = ASSERT (((__vectors_ram_start__ == __vectors_ram_end__) || ((__vectors_ram_end__ - __RAM_segment_start__) <= __RAM_segment_size__)), error: .vectors_ram is too large to fit in RAM memory segment)
                0x0000000000000001                . = ASSERT ((__reserved_ram_end__ <= __vectors_ram_start__), error: section .reserved_ram overlaps absolute placed section .vectors_ram)
                0x00000000200018a8                __nrf_sections_run_load_start__ = ALIGN (__vectors_ram_end__, 0x4)

.nrf_sections_run
                0x00000000200018a8        0x0
                0x00000000200018a8                __nrf_sections_run_start__ = .
                0x00000000200018a8                __start_nrf_sections_run = __nrf_sections_run_start__
 *(.nrf_sections_run .nrf_sections_run.*)
                0x00000000200018a8                __nrf_sections_run_end__ = (__nrf_sections_run_start__ + SIZEOF (.nrf_sections_run))
                0x0000000000000000                __nrf_sections_run_size__ = SIZEOF (.nrf_sections_run)
                0x00000000200018a8                __nrf_sections_run_load_end__ = __nrf_sections_run_end__
                0x0000000000000001                . = ASSERT (((__nrf_sections_run_start__ == __nrf_sections_run_end__) || ((__nrf_sections_run_end__ - __RAM_segment_start__) <= __RAM_segment_size__)), error: .nrf_sections_run is too large to fit in RAM memory segment)
                0x0000000000000000                __reserved_flash_load_start__ = 0x0

.reserved_flash
                0x0000000000000000    0x26000
                0x0000000000000000                __reserved_flash_start__ = .
 *(.reserved_flash .reserved_flash.*)
                0x0000000000026000                . = MAX (((__reserved_flash_start__ + 0x26000) - 0x0), .)
 *fill*         0x0000000000000000    0x26000 
                0x0000000000026000                __reserved_flash_end__ = (__reserved_flash_start__ + SIZEOF (.reserved_flash))
                0x0000000000026000                __reserved_flash_size__ = SIZEOF (.reserved_flash)
                0x0000000000026000                __reserved_flash_load_end__ = __reserved_flash_end__
                0x0000000000000001                . = ASSERT (((__reserved_flash_start__ == __reserved_flash_end__) || ((__reserved_flash_end__ - __FLASH_segment_start__) <= __FLASH_segment_size__)), error: .reserved_flash is too large to fit in FLASH memory segment)
                0x0000000000026000                __vectors_load_start__ = 0x26000

.vectors        0x0000000000026000       0xdc
                0x0000000000026000                __vectors_start__ = .
 *(.vectors .vectors.*)
 .vectors       0x0000000000026000       0xdc Output/ble_app_beacon_pca10040_s132 Release/Obj/ses_nrf52_Vectors.o
                0x0000000000026000                _vectors
                0x00000000000260dc                __vectors_end__ = (__vectors_start__ + SIZEOF (.vectors))
                0x00000000000000dc                __vectors_size__ = SIZEOF (.vectors)
                0x00000000000260dc                __vectors_load_end__ = __vectors_end__
                0x0000000000000001                . = ASSERT (((__vectors_start__ == __vectors_end__) || ((__vectors_end__ - __FLASH_segment_start__) <= __FLASH_segment_size__)), error: .vectors is too large to fit in FLASH memory segment)
                0x0000000000000001                . = ASSERT ((__reserved_flash_end__ <= __vectors_start__), error: section .reserved_flash overlaps absolute placed section .vectors)
                0x00000000000260dc                __init_load_start__ = ALIGN (__vectors_end__, 0x4)

.init           0x00000000000260dc      0x214
                0x00000000000260dc                __init_start__ = .
 *(.init .init.*)
 .init          0x00000000000260dc      0x15c Output/ble_app_beacon_pca10040_s132 Release/Obj/thumb_crt0.o
                0x00000000000260dc                _start
                0x0000000000026190                exit
 .init          0x0000000000026238       0x58 Output/ble_app_beacon_pca10040_s132 Release/Obj/ses_nRF_Startup.o
                0x0000000000026238                Reset_Handler
                0x000000000002625c                InitializeUserMemorySections
 .init          0x0000000000026290       0x60 Output/ble_app_beacon_pca10040_s132 Release/Obj/ses_nrf52_Vectors.o
                0x0000000000026290                NMI_Handler
                0x0000000000026292                HardFault_Handler
                0x0000000000026294                MemoryManagement_Handler
                0x0000000000026296                BusFault_Handler
                0x0000000000026298                UsageFault_Handler
                0x000000000002629a                SVC_Handler
                0x000000000002629c                DebugMon_Handler
                0x000000000002629e                PendSV_Handler
                0x00000000000262a0                SysTick_Handler
                0x00000000000262a6                RADIO_IRQHandler
                0x00000000000262aa                SPIM0_SPIS0_TWIM0_TWIS0_SPI0_TWI0_IRQHandler
                0x00000000000262ac                SPIM1_SPIS1_TWIM1_TWIS1_SPI1_TWI1_IRQHandler
                0x00000000000262ae                NFCT_IRQHandler
                0x00000000000262b2                SAADC_IRQHandler
                0x00000000000262b4                TIMER0_IRQHandler
                0x00000000000262b6                TIMER1_IRQHandler
                0x00000000000262b8                TIMER2_IRQHandler
                0x00000000000262ba                RTC0_IRQHandler
                0x00000000000262bc                TEMP_IRQHandler
                0x00000000000262be                RNG_IRQHandler
                0x00000000000262c0                ECB_IRQHandler
                0x00000000000262c2                CCM_AAR_IRQHandler
                0x00000000000262c4                WDT_IRQHandler
                0x00000000000262c8                QDEC_IRQHandler
                0x00000000000262ca                COMP_LPCOMP_IRQHandler
                0x00000000000262ce                SWI1_EGU1_IRQHandler
                0x00000000000262d2                SWI3_EGU3_IRQHandler
                0x00000000000262d4                SWI4_EGU4_IRQHandler
                0x00000000000262d6                SWI5_EGU5_IRQHandler
                0x00000000000262d8                TIMER3_IRQHandler
                0x00000000000262da                TIMER4_IRQHandler
                0x00000000000262dc                PWM0_IRQHandler
                0x00000000000262de                PDM_IRQHandler
                0x00000000000262e0                MWU_IRQHandler
                0x00000000000262e2                PWM1_IRQHandler
                0x00000000000262e4                PWM2_IRQHandler
                0x00000000000262e6                SPIM2_SPIS2_SPI2_IRQHandler
                0x00000000000262e8                RTC2_IRQHandler
                0x00000000000262ea                I2S_IRQHandler
                0x00000000000262ec                FPU_IRQHandler
                0x00000000000262f0                __init_end__ = (__init_start__ + SIZEOF (.init))
                0x0000000000000214                __init_size__ = SIZEOF (.init)
                0x00000000000262f0                __init_load_end__ = __init_end__
                0x0000000000000001                . = ASSERT (((__init_start__ == __init_end__) || ((__init_end__ - __FLASH_segment_start__) <= __FLASH_segment_size__)), error: .init is too large to fit in FLASH memory segment)
                0x00000000000262f0                __init_rodata_load_start__ = ALIGN (__init_end__, 0x4)

.init_rodata    0x00000000000262f0        0x0
                0x00000000000262f0                __init_rodata_start__ = .
 *(.init_rodata .init_rodata.*)
                0x00000000000262f0                __init_rodata_end__ = (__init_rodata_start__ + SIZEOF (.init_rodata))
                0x0000000000000000                __init_rodata_size__ = SIZEOF (.init_rodata)
                0x00000000000262f0                __init_rodata_load_end__ = __init_rodata_end__
                0x0000000000000001                . = ASSERT (((__init_rodata_start__ == __init_rodata_end__) || ((__init_rodata_end__ - __FLASH_segment_start__) <= __FLASH_segment_size__)), error: .init_rodata is too large to fit in FLASH memory segment)
                0x00000000000262f0                __text_load_start__ = ALIGN (__init_rodata_end__, 0x4)

.text           0x00000000000262f0     0x237e
                0x00000000000262f0                __text_start__ = .
 *(.text .text.* .glue_7t .glue_7 .gnu.linkonce.t.* .gcc_except_table .ARM.extab* .gnu.linkonce.armextab.*)
 .glue_7        0x00000000000262f0        0x0 linker stubs
 .glue_7t       0x00000000000262f0        0x0 linker stubs
 .text.detection_delay_timeout_handler
                0x00000000000262f0       0xfc Output/ble_app_beacon_pca10040_s132 Release/Obj/app_button.o
 .text.gpiote_event_handler
                0x00000000000263ec       0x98 Output/ble_app_beacon_pca10040_s132 Release/Obj/app_button.o
 .text.app_button_init
                0x0000000000026484       0xa8 Output/ble_app_beacon_pca10040_s132 Release/Obj/app_button.o
                0x0000000000026484                app_button_init
 .text.app_button_enable
                0x000000000002652c       0x2c Output/ble_app_beacon_pca10040_s132 Release/Obj/app_button.o
                0x000000000002652c                app_button_enable
 .text.app_error_handler_bare
                0x0000000000026558       0x1a Output/ble_app_beacon_pca10040_s132 Release/Obj/app_error.o
                0x0000000000026558                app_error_handler_bare
 *fill*         0x0000000000026572        0x2 
 .text.app_error_fault_handler
                0x0000000000026574       0x34 Output/ble_app_beacon_pca10040_s132 Release/Obj/app_error_weak.o
                0x0000000000026574                app_error_fault_handler
 .text.user_op_alloc
                0x00000000000265a8       0x2c Output/ble_app_beacon_pca10040_s132 Release/Obj/app_timer.o
 .text.timer_stop_op_schedule
                0x00000000000265d4       0x50 Output/ble_app_beacon_pca10040_s132 Release/Obj/app_timer.o
 .text.nrfx_coredep_delay_us.part.0.constprop.4
                0x0000000000026624       0x10 Output/ble_app_beacon_pca10040_s132 Release/Obj/app_timer.o
 .text.rtc1_stop
                0x0000000000026634       0x44 Output/ble_app_beacon_pca10040_s132 Release/Obj/app_timer.o
 .text.RTC1_IRQHandler
                0x0000000000026678       0x9c Output/ble_app_beacon_pca10040_s132 Release/Obj/app_timer.o
                0x0000000000026678                RTC1_IRQHandler
 .text.SWI0_EGU0_IRQHandler
                0x0000000000026714      0x2b8 Output/ble_app_beacon_pca10040_s132 Release/Obj/app_timer.o
                0x0000000000026714                SWI0_EGU0_IRQHandler
 .text.app_timer_init
                0x00000000000269cc       0x60 Output/ble_app_beacon_pca10040_s132 Release/Obj/app_timer.o
                0x00000000000269cc                app_timer_init
 .text.app_timer_create
                0x0000000000026a2c       0x24 Output/ble_app_beacon_pca10040_s132 Release/Obj/app_timer.o
                0x0000000000026a2c                app_timer_create
 .text.app_timer_start
                0x0000000000026a50       0x8c Output/ble_app_beacon_pca10040_s132 Release/Obj/app_timer.o
                0x0000000000026a50                app_timer_start
 .text.app_timer_stop
                0x0000000000026adc       0x20 Output/ble_app_beacon_pca10040_s132 Release/Obj/app_timer.o
                0x0000000000026adc                app_timer_stop
 .text.app_util_critical_region_enter
                0x0000000000026afc       0x48 Output/ble_app_beacon_pca10040_s132 Release/Obj/app_util_platform.o
                0x0000000000026afc                app_util_critical_region_enter
 .text.app_util_critical_region_exit
                0x0000000000026b44       0x2c Output/ble_app_beacon_pca10040_s132 Release/Obj/app_util_platform.o
                0x0000000000026b44                app_util_critical_region_exit
 .text.sd_app_evt_wait
                0x0000000000026b70        0x4 Output/ble_app_beacon_pca10040_s132 Release/Obj/nrf_pwr_mgmt.o
 .text.nrf_pwr_mgmt_init
                0x0000000000026b74       0x2c Output/ble_app_beacon_pca10040_s132 Release/Obj/nrf_pwr_mgmt.o
                0x0000000000026b74                nrf_pwr_mgmt_init
 .text.nrf_pwr_mgmt_run
                0x0000000000026ba0       0x4c Output/ble_app_beacon_pca10040_s132 Release/Obj/nrf_pwr_mgmt.o
                0x0000000000026ba0                nrf_pwr_mgmt_run
 .text.nrf_section_iter_init
                0x0000000000026bec       0x14 Output/ble_app_beacon_pca10040_s132 Release/Obj/nrf_section_iter.o
                0x0000000000026bec                nrf_section_iter_init
 .text.nrf_section_iter_next
                0x0000000000026c00       0x18 Output/ble_app_beacon_pca10040_s132 Release/Obj/nrf_section_iter.o
                0x0000000000026c00                nrf_section_iter_next
 .text.errata_12
                0x0000000000026c18       0x40 Output/ble_app_beacon_pca10040_s132 Release/Obj/system_nrf52.o
 .text.errata_16
                0x0000000000026c58       0x34 Output/ble_app_beacon_pca10040_s132 Release/Obj/system_nrf52.o
 .text.SystemInit
                0x0000000000026c8c      0x25c Output/ble_app_beacon_pca10040_s132 Release/Obj/system_nrf52.o
                0x0000000000026c8c                SystemInit
 .text.bsp_board_led_state_get
                0x0000000000026ee8       0x1c Output/ble_app_beacon_pca10040_s132 Release/Obj/boards.o
                0x0000000000026ee8                bsp_board_led_state_get
 .text.bsp_board_led_on
                0x0000000000026f04       0x18 Output/ble_app_beacon_pca10040_s132 Release/Obj/boards.o
                0x0000000000026f04                bsp_board_led_on
 .text.bsp_board_led_off
                0x0000000000026f1c       0x18 Output/ble_app_beacon_pca10040_s132 Release/Obj/boards.o
                0x0000000000026f1c                bsp_board_led_off
 .text.bsp_board_leds_off
                0x0000000000026f34       0x1e Output/ble_app_beacon_pca10040_s132 Release/Obj/boards.o
                0x0000000000026f34                bsp_board_leds_off
 .text.bsp_board_leds_on
                0x0000000000026f52       0x1e Output/ble_app_beacon_pca10040_s132 Release/Obj/boards.o
                0x0000000000026f52                bsp_board_leds_on
 .text.bsp_board_led_invert
                0x0000000000026f70       0x24 Output/ble_app_beacon_pca10040_s132 Release/Obj/boards.o
                0x0000000000026f70                bsp_board_led_invert
 .text.bsp_board_pin_to_button_idx
                0x0000000000026f94       0x24 Output/ble_app_beacon_pca10040_s132 Release/Obj/boards.o
                0x0000000000026f94                bsp_board_pin_to_button_idx
 .text.bsp_board_init
                0x0000000000026fb8       0x3e Output/ble_app_beacon_pca10040_s132 Release/Obj/boards.o
                0x0000000000026fb8                bsp_board_init
 *fill*         0x0000000000026ff6        0x2 
 .text.clock_clk_started_notify
                0x0000000000026ff8       0x24 Output/ble_app_beacon_pca10040_s132 Release/Obj/nrf_drv_clock.o
 .text.clock_irq_handler
                0x000000000002701c       0x1c Output/ble_app_beacon_pca10040_s132 Release/Obj/nrf_drv_clock.o
 .text.soc_evt_handler
                0x0000000000027038       0x14 Output/ble_app_beacon_pca10040_s132 Release/Obj/nrf_drv_clock.o
 .text.nrf_drv_clock_init
                0x000000000002704c       0x38 Output/ble_app_beacon_pca10040_s132 Release/Obj/nrf_drv_clock.o
                0x000000000002704c                nrf_drv_clock_init
 .text.nrf_drv_clock_lfclk_request
                0x0000000000027084       0x68 Output/ble_app_beacon_pca10040_s132 Release/Obj/nrf_drv_clock.o
                0x0000000000027084                nrf_drv_clock_lfclk_request
 .text.nrf_drv_clock_lfclk_release
                0x00000000000270ec       0x34 Output/ble_app_beacon_pca10040_s132 Release/Obj/nrf_drv_clock.o
                0x00000000000270ec                nrf_drv_clock_lfclk_release
 .text.sd_state_evt_handler
                0x0000000000027120       0x58 Output/ble_app_beacon_pca10040_s132 Release/Obj/nrf_drv_clock.o
 .text.nrf_clock_event_clear
                0x0000000000027178       0x14 Output/ble_app_beacon_pca10040_s132 Release/Obj/nrfx_clock.o
 .text.nrfx_clock_init
                0x000000000002718c       0x18 Output/ble_app_beacon_pca10040_s132 Release/Obj/nrfx_clock.o
                0x000000000002718c                nrfx_clock_init
 .text.nrfx_clock_enable
                0x00000000000271a4       0x28 Output/ble_app_beacon_pca10040_s132 Release/Obj/nrfx_clock.o
                0x00000000000271a4                nrfx_clock_enable
 .text.nrfx_clock_lfclk_start
                0x00000000000271cc       0x4c Output/ble_app_beacon_pca10040_s132 Release/Obj/nrfx_clock.o
                0x00000000000271cc                nrfx_clock_lfclk_start
 .text.nrfx_clock_lfclk_stop
                0x0000000000027218       0x18 Output/ble_app_beacon_pca10040_s132 Release/Obj/nrfx_clock.o
                0x0000000000027218                nrfx_clock_lfclk_stop
 .text.POWER_CLOCK_IRQHandler
                0x0000000000027230       0x58 Output/ble_app_beacon_pca10040_s132 Release/Obj/nrfx_clock.o
                0x0000000000027230                POWER_CLOCK_IRQHandler
 .text.nrf_gpiote_event_clear
                0x0000000000027288       0x18 Output/ble_app_beacon_pca10040_s132 Release/Obj/nrfx_gpiote.o
 .text.nrf_gpio_cfg_sense_set
                0x00000000000272a0       0x20 Output/ble_app_beacon_pca10040_s132 Release/Obj/nrfx_gpiote.o
 .text.channel_free
                0x00000000000272c0       0x1c Output/ble_app_beacon_pca10040_s132 Release/Obj/nrfx_gpiote.o
 .text.nrfx_gpiote_init
                0x00000000000272dc       0x74 Output/ble_app_beacon_pca10040_s132 Release/Obj/nrfx_gpiote.o
                0x00000000000272dc                nrfx_gpiote_init
 .text.nrfx_gpiote_is_init
                0x0000000000027350       0x14 Output/ble_app_beacon_pca10040_s132 Release/Obj/nrfx_gpiote.o
                0x0000000000027350                nrfx_gpiote_is_init
 .text.nrfx_gpiote_in_init
                0x0000000000027364       0xe8 Output/ble_app_beacon_pca10040_s132 Release/Obj/nrfx_gpiote.o
                0x0000000000027364                nrfx_gpiote_in_init
 .text.nrfx_gpiote_in_event_enable
                0x000000000002744c       0x88 Output/ble_app_beacon_pca10040_s132 Release/Obj/nrfx_gpiote.o
                0x000000000002744c                nrfx_gpiote_in_event_enable
 .text.nrfx_gpiote_in_is_set
                0x00000000000274d4       0x12 Output/ble_app_beacon_pca10040_s132 Release/Obj/nrfx_gpiote.o
                0x00000000000274d4                nrfx_gpiote_in_is_set
 *fill*         0x00000000000274e6        0x2 
 .text.GPIOTE_IRQHandler
                0x00000000000274e8      0x180 Output/ble_app_beacon_pca10040_s132 Release/Obj/nrfx_gpiote.o
                0x00000000000274e8                GPIOTE_IRQHandler
 .text.UARTE0_UART0_IRQHandler
                0x0000000000027668        0xc Output/ble_app_beacon_pca10040_s132 Release/Obj/nrfx_prs.o
                0x0000000000027668                UARTE0_UART0_IRQHandler
 .text.alert_timer_handler
                0x0000000000027674        0x6 Output/ble_app_beacon_pca10040_s132 Release/Obj/bsp.o
 *fill*         0x000000000002767a        0x2 
 .text.bsp_button_event_handler
                0x000000000002767c       0x9c Output/ble_app_beacon_pca10040_s132 Release/Obj/bsp.o
 .text.button_timer_handler
                0x0000000000027718        0x8 Output/ble_app_beacon_pca10040_s132 Release/Obj/bsp.o
 .text.leds_off
                0x0000000000027720       0x2c Output/ble_app_beacon_pca10040_s132 Release/Obj/bsp.o
 .text.bsp_led_indication
                0x000000000002774c      0x1fc Output/ble_app_beacon_pca10040_s132 Release/Obj/bsp.o
 .text.leds_timer_handler
                0x0000000000027948       0x1c Output/ble_app_beacon_pca10040_s132 Release/Obj/bsp.o
 .text.bsp_indication_set
                0x0000000000027964       0x18 Output/ble_app_beacon_pca10040_s132 Release/Obj/bsp.o
                0x0000000000027964                bsp_indication_set
 .text.bsp_init
                0x000000000002797c       0x9c Output/ble_app_beacon_pca10040_s132 Release/Obj/bsp.o
                0x000000000002797c                bsp_init
 .text.sd_ble_gap_addr_set
                0x0000000000027a18        0x4 Output/ble_app_beacon_pca10040_s132 Release/Obj/main.o
 .text.sd_ble_gap_addr_get
                0x0000000000027a1c        0x4 Output/ble_app_beacon_pca10040_s132 Release/Obj/main.o
 .text.sd_ble_gap_adv_set_configure
                0x0000000000027a20        0x4 Output/ble_app_beacon_pca10040_s132 Release/Obj/main.o
 .text.sd_ble_gap_adv_start
                0x0000000000027a24        0x4 Output/ble_app_beacon_pca10040_s132 Release/Obj/main.o
 .text.sd_ble_gap_adv_stop
                0x0000000000027a28        0x4 Output/ble_app_beacon_pca10040_s132 Release/Obj/main.o
 .text.sd_ble_gap_tx_power_set
                0x0000000000027a2c        0x4 Output/ble_app_beacon_pca10040_s132 Release/Obj/main.o
 .text.battery_measure_voltage
                0x0000000000027a30       0xe4 Output/ble_app_beacon_pca10040_s132 Release/Obj/main.o
 .text.data_ary_append
                0x0000000000027b14       0x60 Output/ble_app_beacon_pca10040_s132 Release/Obj/main.o
                0x0000000000027b14                data_ary_append
 .text.renew_advertising
                0x0000000000027b74       0xc8 Output/ble_app_beacon_pca10040_s132 Release/Obj/main.o
 .text.battery_measure_handler
                0x0000000000027c3c       0x28 Output/ble_app_beacon_pca10040_s132 Release/Obj/main.o
 .text.btn_state_handler
                0x0000000000027c64       0x10 Output/ble_app_beacon_pca10040_s132 Release/Obj/main.o
 .text.bsp_event_handler
                0x0000000000027c74       0x30 Output/ble_app_beacon_pca10040_s132 Release/Obj/main.o
 .text.ble_mac_addr_modify
                0x0000000000027ca4       0x40 Output/ble_app_beacon_pca10040_s132 Release/Obj/main.o
                0x0000000000027ca4                ble_mac_addr_modify
 .text.startup.main
                0x0000000000027ce4       0xd8 Output/ble_app_beacon_pca10040_s132 Release/Obj/main.o
                0x0000000000027ce4                main
 .text.sd_ble_gap_addr_get
                0x0000000000027dbc        0x4 Output/ble_app_beacon_pca10040_s132 Release/Obj/ble_advdata.o
 .text.sd_ble_gap_appearance_get
                0x0000000000027dc0        0x4 Output/ble_app_beacon_pca10040_s132 Release/Obj/ble_advdata.o
 .text.sd_ble_gap_device_name_get
                0x0000000000027dc4        0x4 Output/ble_app_beacon_pca10040_s132 Release/Obj/ble_advdata.o
 .text.sd_ble_uuid_encode
                0x0000000000027dc8        0x4 Output/ble_app_beacon_pca10040_s132 Release/Obj/ble_advdata.o
 .text.uuid_list_sized_encode
                0x0000000000027dcc       0xac Output/ble_app_beacon_pca10040_s132 Release/Obj/ble_advdata.o
 .text.uuid_list_encode
                0x0000000000027e78       0x38 Output/ble_app_beacon_pca10040_s132 Release/Obj/ble_advdata.o
 .text.ble_advdata_encode
                0x0000000000027eb0      0x380 Output/ble_app_beacon_pca10040_s132 Release/Obj/ble_advdata.o
                0x0000000000027eb0                ble_advdata_encode
 .text.sd_softdevice_enable
                0x0000000000028230        0x4 Output/ble_app_beacon_pca10040_s132 Release/Obj/nrf_sdh.o
 .text.sdh_request_observer_notify
                0x0000000000028234       0x30 Output/ble_app_beacon_pca10040_s132 Release/Obj/nrf_sdh.o
 .text.sdh_state_observer_notify
                0x0000000000028264       0x28 Output/ble_app_beacon_pca10040_s132 Release/Obj/nrf_sdh.o
 .text.softdevices_evt_irq_enable
                0x000000000002828c       0x38 Output/ble_app_beacon_pca10040_s132 Release/Obj/nrf_sdh.o
 .text.nrf_sdh_enable_request
                0x00000000000282c4       0x8c Output/ble_app_beacon_pca10040_s132 Release/Obj/nrf_sdh.o
                0x00000000000282c4                nrf_sdh_enable_request
 .text.nrf_sdh_is_enabled
                0x0000000000028350        0xc Output/ble_app_beacon_pca10040_s132 Release/Obj/nrf_sdh.o
                0x0000000000028350                nrf_sdh_is_enabled
 .text.nrf_sdh_evts_poll
                0x000000000002835c       0x28 Output/ble_app_beacon_pca10040_s132 Release/Obj/nrf_sdh.o
                0x000000000002835c                nrf_sdh_evts_poll
 .text.SWI2_EGU2_IRQHandler
                0x0000000000028384        0x4 Output/ble_app_beacon_pca10040_s132 Release/Obj/nrf_sdh.o
                0x0000000000028384                SWI2_EGU2_IRQHandler
 .text.sd_ble_enable
                0x0000000000028388        0x4 Output/ble_app_beacon_pca10040_s132 Release/Obj/nrf_sdh_ble.o
 .text.sd_ble_cfg_set
                0x000000000002838c        0x4 Output/ble_app_beacon_pca10040_s132 Release/Obj/nrf_sdh_ble.o
 .text.sd_ble_evt_get
                0x0000000000028390        0x4 Output/ble_app_beacon_pca10040_s132 Release/Obj/nrf_sdh_ble.o
 .text.nrf_sdh_ble_evts_poll
                0x0000000000028394       0x50 Output/ble_app_beacon_pca10040_s132 Release/Obj/nrf_sdh_ble.o
 .text.nrf_sdh_ble_default_cfg_set
                0x00000000000283e4       0xb0 Output/ble_app_beacon_pca10040_s132 Release/Obj/nrf_sdh_ble.o
                0x00000000000283e4                nrf_sdh_ble_default_cfg_set
 .text.nrf_sdh_ble_enable
                0x0000000000028494       0x14 Output/ble_app_beacon_pca10040_s132 Release/Obj/nrf_sdh_ble.o
                0x0000000000028494                nrf_sdh_ble_enable
 .text.sd_evt_get
                0x00000000000284a8        0x4 Output/ble_app_beacon_pca10040_s132 Release/Obj/nrf_sdh_soc.o
 .text.nrf_sdh_soc_evts_poll
                0x00000000000284ac       0x3c Output/ble_app_beacon_pca10040_s132 Release/Obj/nrf_sdh_soc.o
 .text.libc.__int64_udivmod
                0x00000000000284e8       0xce C:/Program Files/SEGGER/SEGGER Embedded Studio for ARM 4.22/lib/libc_v7em_fpv4_sp_d16_hard_t_le_eabi.a(libc_asm.o)
                0x00000000000284e8                __aeabi_uldivmod
                0x00000000000284e8                __int64_udiv
                0x00000000000284e8                __udivdi3
                0x00000000000284e8                __int64_udivmod
 .text.libc.memcpy
                0x00000000000285b6       0x52 C:/Program Files/SEGGER/SEGGER Embedded Studio for ARM 4.22/lib/libc_v7em_fpv4_sp_d16_hard_t_le_eabi.a(libc2_asm.o)
                0x00000000000285b6                __aeabi_memcpy
                0x00000000000285b6                memcpy
                0x00000000000285c2                __aeabi_memcpy8
                0x00000000000285c2                __aeabi_memcpy4
 .text.libc.memset
                0x0000000000028608       0x66 C:/Program Files/SEGGER/SEGGER Embedded Studio for ARM 4.22/lib/libc_v7em_fpv4_sp_d16_hard_t_le_eabi.a(libc2_asm.o)
                0x0000000000028608                memset
                0x000000000002866e                __text_end__ = (__text_start__ + SIZEOF (.text))
                0x000000000000237e                __text_size__ = SIZEOF (.text)
                0x000000000002866e                __text_load_end__ = __text_end__

.vfp11_veneer   0x0000000100000000        0x0
 .vfp11_veneer  0x0000000100000000        0x0 linker stubs

.v4_bx          0x0000000100000000        0x0
 .v4_bx         0x0000000100000000        0x0 linker stubs

.iplt           0x0000000100000000        0x0
 .iplt          0x0000000100000000        0x0 Output/ble_app_beacon_pca10040_s132 Release/Obj/thumb_crt0.o
                0x0000000000000001                . = ASSERT (((__text_start__ == __text_end__) || ((__text_end__ - __FLASH_segment_start__) <= __FLASH_segment_size__)), error: .text is too large to fit in FLASH memory segment)
                0x0000000000028670                __sdh_soc_observers_load_start__ = ALIGN (__text_end__, 0x4)

.sdh_soc_observers
                0x0000000000028670        0x8
                0x0000000000028670                __sdh_soc_observers_start__ = .
                0x0000000000028670                __start_sdh_soc_observers = __sdh_soc_observers_start__
 *(SORT_BY_NAME(.sdh_soc_observers*))
 .sdh_soc_observers0
                0x0000000000028670        0x8 Output/ble_app_beacon_pca10040_s132 Release/Obj/nrf_drv_clock.o
                0x0000000000028678                __sdh_soc_observers_end__ = (__sdh_soc_observers_start__ + SIZEOF (.sdh_soc_observers))
                0x0000000000000008                __sdh_soc_observers_size__ = SIZEOF (.sdh_soc_observers)
                0x0000000000028678                __stop_sdh_soc_observers = __sdh_soc_observers_end__
                0x0000000000028678                __sdh_soc_observers_load_end__ = __sdh_soc_observers_end__
                0x0000000000000001                . = ASSERT (((__sdh_soc_observers_start__ == __sdh_soc_observers_end__) || ((__sdh_soc_observers_end__ - __FLASH_segment_start__) <= __FLASH_segment_size__)), error: .sdh_soc_observers is too large to fit in FLASH memory segment)
                0x0000000000028678                __sdh_ble_observers_load_start__ = ALIGN (__sdh_soc_observers_end__, 0x4)

.sdh_ble_observers
                0x0000000000028678        0x0
                0x0000000000028678                __sdh_ble_observers_start__ = .
                0x0000000000028678                __start_sdh_ble_observers = __sdh_ble_observers_start__
 *(SORT_BY_NAME(.sdh_ble_observers*))
                0x0000000000028678                __sdh_ble_observers_end__ = (__sdh_ble_observers_start__ + SIZEOF (.sdh_ble_observers))
                0x0000000000000000                __sdh_ble_observers_size__ = SIZEOF (.sdh_ble_observers)
                0x0000000000028678                __stop_sdh_ble_observers = __sdh_ble_observers_end__
                0x0000000000028678                __sdh_ble_observers_load_end__ = __sdh_ble_observers_end__
                0x0000000000000001                . = ASSERT (((__sdh_ble_observers_start__ == __sdh_ble_observers_end__) || ((__sdh_ble_observers_end__ - __FLASH_segment_start__) <= __FLASH_segment_size__)), error: .sdh_ble_observers is too large to fit in FLASH memory segment)
                0x0000000000028678                __pwr_mgmt_data_load_start__ = ALIGN (__sdh_ble_observers_end__, 0x4)

.pwr_mgmt_data  0x0000000000028678        0x0
                0x0000000000028678                __pwr_mgmt_data_start__ = .
                0x0000000000028678                __start_pwr_mgmt_data = __pwr_mgmt_data_start__
 *(SORT_BY_NAME(.pwr_mgmt_data*))
                0x0000000000028678                __pwr_mgmt_data_end__ = (__pwr_mgmt_data_start__ + SIZEOF (.pwr_mgmt_data))
                0x0000000000000000                __pwr_mgmt_data_size__ = SIZEOF (.pwr_mgmt_data)
                0x0000000000028678                __stop_pwr_mgmt_data = __pwr_mgmt_data_end__
                0x0000000000028678                __pwr_mgmt_data_load_end__ = __pwr_mgmt_data_end__
                0x0000000000000001                . = ASSERT (((__pwr_mgmt_data_start__ == __pwr_mgmt_data_end__) || ((__pwr_mgmt_data_end__ - __FLASH_segment_start__) <= __FLASH_segment_size__)), error: .pwr_mgmt_data is too large to fit in FLASH memory segment)
                0x0000000000028678                __log_const_data_load_start__ = ALIGN (__pwr_mgmt_data_end__, 0x4)

.log_const_data
                0x0000000000028678        0x0
                0x0000000000028678                __log_const_data_start__ = .
                0x0000000000028678                __start_log_const_data = __log_const_data_start__
 *(SORT_BY_NAME(.log_const_data*))
                0x0000000000028678                __log_const_data_end__ = (__log_const_data_start__ + SIZEOF (.log_const_data))
                0x0000000000000000                __log_const_data_size__ = SIZEOF (.log_const_data)
                0x0000000000028678                __stop_log_const_data = __log_const_data_end__
                0x0000000000028678                __log_const_data_load_end__ = __log_const_data_end__
                0x0000000000000001                . = ASSERT (((__log_const_data_start__ == __log_const_data_end__) || ((__log_const_data_end__ - __FLASH_segment_start__) <= __FLASH_segment_size__)), error: .log_const_data is too large to fit in FLASH memory segment)
                0x0000000000028678                __nrf_balloc_load_start__ = ALIGN (__log_const_data_end__, 0x4)

.nrf_balloc     0x0000000000028678        0x0
                0x0000000000028678                __nrf_balloc_start__ = .
                0x0000000000028678                __start_nrf_balloc = __nrf_balloc_start__
 *(.nrf_balloc*)
                0x0000000000028678                __nrf_balloc_end__ = (__nrf_balloc_start__ + SIZEOF (.nrf_balloc))
                0x0000000000000000                __nrf_balloc_size__ = SIZEOF (.nrf_balloc)
                0x0000000000028678                __stop_nrf_balloc = __nrf_balloc_end__
                0x0000000000028678                __nrf_balloc_load_end__ = __nrf_balloc_end__
                0x0000000000000001                . = ASSERT (((__nrf_balloc_start__ == __nrf_balloc_end__) || ((__nrf_balloc_end__ - __FLASH_segment_start__) <= __FLASH_segment_size__)), error: .nrf_balloc is too large to fit in FLASH memory segment)
                0x0000000000028678                __sdh_state_observers_load_start__ = ALIGN (__nrf_balloc_end__, 0x4)

.sdh_state_observers
                0x0000000000028678        0x8
                0x0000000000028678                __sdh_state_observers_start__ = .
                0x0000000000028678                __start_sdh_state_observers = __sdh_state_observers_start__
 *(SORT_BY_NAME(.sdh_state_observers*))
 .sdh_state_observers0
                0x0000000000028678        0x8 Output/ble_app_beacon_pca10040_s132 Release/Obj/nrf_drv_clock.o
                0x0000000000028680                __sdh_state_observers_end__ = (__sdh_state_observers_start__ + SIZEOF (.sdh_state_observers))
                0x0000000000000008                __sdh_state_observers_size__ = SIZEOF (.sdh_state_observers)
                0x0000000000028680                __stop_sdh_state_observers = __sdh_state_observers_end__
                0x0000000000028680                __sdh_state_observers_load_end__ = __sdh_state_observers_end__
                0x0000000000000001                . = ASSERT (((__sdh_state_observers_start__ == __sdh_state_observers_end__) || ((__sdh_state_observers_end__ - __FLASH_segment_start__) <= __FLASH_segment_size__)), error: .sdh_state_observers is too large to fit in FLASH memory segment)
                0x0000000000028680                __sdh_stack_observers_load_start__ = ALIGN (__sdh_state_observers_end__, 0x4)

.sdh_stack_observers
                0x0000000000028680       0x10
                0x0000000000028680                __sdh_stack_observers_start__ = .
                0x0000000000028680                __start_sdh_stack_observers = __sdh_stack_observers_start__
 *(SORT_BY_NAME(.sdh_stack_observers*))
 .sdh_stack_observers0
                0x0000000000028680        0x8 Output/ble_app_beacon_pca10040_s132 Release/Obj/nrf_sdh_ble.o
 .sdh_stack_observers0
                0x0000000000028688        0x8 Output/ble_app_beacon_pca10040_s132 Release/Obj/nrf_sdh_soc.o
                0x0000000000028690                __sdh_stack_observers_end__ = (__sdh_stack_observers_start__ + SIZEOF (.sdh_stack_observers))
                0x0000000000000010                __sdh_stack_observers_size__ = SIZEOF (.sdh_stack_observers)
                0x0000000000028690                __stop_sdh_stack_observers = __sdh_stack_observers_end__
                0x0000000000028690                __sdh_stack_observers_load_end__ = __sdh_stack_observers_end__
                0x0000000000000001                . = ASSERT (((__sdh_stack_observers_start__ == __sdh_stack_observers_end__) || ((__sdh_stack_observers_end__ - __FLASH_segment_start__) <= __FLASH_segment_size__)), error: .sdh_stack_observers is too large to fit in FLASH memory segment)
                0x0000000000028690                __sdh_req_observers_load_start__ = ALIGN (__sdh_stack_observers_end__, 0x4)

.sdh_req_observers
                0x0000000000028690        0x0
                0x0000000000028690                __sdh_req_observers_start__ = .
                0x0000000000028690                __start_sdh_req_observers = __sdh_req_observers_start__
 *(SORT_BY_NAME(.sdh_req_observers*))
                0x0000000000028690                __sdh_req_observers_end__ = (__sdh_req_observers_start__ + SIZEOF (.sdh_req_observers))
                0x0000000000000000                __sdh_req_observers_size__ = SIZEOF (.sdh_req_observers)
                0x0000000000028690                __stop_sdh_req_observers = __sdh_req_observers_end__
                0x0000000000028690                __sdh_req_observers_load_end__ = __sdh_req_observers_end__
                0x0000000000000001                . = ASSERT (((__sdh_req_observers_start__ == __sdh_req_observers_end__) || ((__sdh_req_observers_end__ - __FLASH_segment_start__) <= __FLASH_segment_size__)), error: .sdh_req_observers is too large to fit in FLASH memory segment)
                0x0000000000028690                __nrf_queue_load_start__ = ALIGN (__sdh_req_observers_end__, 0x4)

.nrf_queue      0x0000000000028690        0x0
                0x0000000000028690                __nrf_queue_start__ = .
                0x0000000000028690                __start_nrf_queue = __nrf_queue_start__
 *(.nrf_queue*)
                0x0000000000028690                __nrf_queue_end__ = (__nrf_queue_start__ + SIZEOF (.nrf_queue))
                0x0000000000000000                __nrf_queue_size__ = SIZEOF (.nrf_queue)
                0x0000000000028690                __stop_nrf_queue = __nrf_queue_end__
                0x0000000000028690                __nrf_queue_load_end__ = __nrf_queue_end__
                0x0000000000000001                . = ASSERT (((__nrf_queue_start__ == __nrf_queue_end__) || ((__nrf_queue_end__ - __FLASH_segment_start__) <= __FLASH_segment_size__)), error: .nrf_queue is too large to fit in FLASH memory segment)
                0x0000000000028690                __cli_command_load_start__ = ALIGN (__nrf_queue_end__, 0x4)

.cli_command    0x0000000000028690        0x0
                0x0000000000028690                __cli_command_start__ = .
                0x0000000000028690                __start_cli_command = __cli_command_start__
 *(.cli_command*)
                0x0000000000028690                __cli_command_end__ = (__cli_command_start__ + SIZEOF (.cli_command))
                0x0000000000000000                __cli_command_size__ = SIZEOF (.cli_command)
                0x0000000000028690                __stop_cli_command = __cli_command_end__
                0x0000000000028690                __cli_command_load_end__ = __cli_command_end__
                0x0000000000000001                . = ASSERT (((__cli_command_start__ == __cli_command_end__) || ((__cli_command_end__ - __FLASH_segment_start__) <= __FLASH_segment_size__)), error: .cli_command is too large to fit in FLASH memory segment)
                0x0000000000028690                __crypto_data_load_start__ = ALIGN (__cli_command_end__, 0x4)

.crypto_data    0x0000000000028690        0x0
                0x0000000000028690                __crypto_data_start__ = .
                0x0000000000028690                __start_crypto_data = __crypto_data_start__
 *(SORT_BY_NAME(.crypto_data*))
                0x0000000000028690                __crypto_data_end__ = (__crypto_data_start__ + SIZEOF (.crypto_data))
                0x0000000000000000                __crypto_data_size__ = SIZEOF (.crypto_data)
                0x0000000000028690                __stop_crypto_data = __crypto_data_end__
                0x0000000000028690                __crypto_data_load_end__ = __crypto_data_end__
                0x0000000000000001                . = ASSERT (((__crypto_data_start__ == __crypto_data_end__) || ((__crypto_data_end__ - __FLASH_segment_start__) <= __FLASH_segment_size__)), error: .crypto_data is too large to fit in FLASH memory segment)
                0x0000000000028690                __nrf_sections_load_start__ = ALIGN (__crypto_data_end__, 0x4)

.nrf_sections   0x0000000000028690        0x0
                0x0000000000028690                __nrf_sections_start__ = .
                0x0000000000028690                __start_nrf_sections = __nrf_sections_start__
 *(.nrf_sections .nrf_sections.*)
                0x0000000000028690                __nrf_sections_end__ = (__nrf_sections_start__ + SIZEOF (.nrf_sections))
                0x0000000000000000                __nrf_sections_size__ = SIZEOF (.nrf_sections)
                0x0000000000028690                __nrf_sections_load_end__ = __nrf_sections_end__
                0x0000000000000001                . = ASSERT (((__nrf_sections_start__ == __nrf_sections_end__) || ((__nrf_sections_end__ - __FLASH_segment_start__) <= __FLASH_segment_size__)), error: .nrf_sections is too large to fit in FLASH memory segment)
                0x0000000000028690                __log_dynamic_data_load_start__ = ALIGN (__nrf_sections_end__, 0x4)

.log_dynamic_data
                0x00000000200018a8        0x0 load address 0x0000000000028690
                0x00000000200018a8                __log_dynamic_data_start__ = .
 *(SORT_BY_NAME(.log_dynamic_data*))
                0x00000000200018a8                __log_dynamic_data_end__ = (__log_dynamic_data_start__ + SIZEOF (.log_dynamic_data))
                0x0000000000000000                __log_dynamic_data_size__ = SIZEOF (.log_dynamic_data)
                0x0000000000028690                __log_dynamic_data_load_end__ = (__log_dynamic_data_load_start__ + SIZEOF (.log_dynamic_data))
                0x0000000000000001                . = ASSERT (((__log_dynamic_data_load_start__ == __log_dynamic_data_load_end__) || ((__log_dynamic_data_load_end__ - __FLASH_segment_start__) <= __FLASH_segment_size__)), error: .log_dynamic_data is too large to fit in FLASH memory segment)

.log_dynamic_data_run
                0x00000000200018a8        0x0
                0x00000000200018a8                __log_dynamic_data_run_start__ = .
                0x00000000200018a8                __start_log_dynamic_data = __log_dynamic_data_run_start__
                0x00000000200018a8                . = MAX ((__log_dynamic_data_run_start__ + SIZEOF (.log_dynamic_data)), .)
                0x00000000200018a8                __log_dynamic_data_run_end__ = (__log_dynamic_data_run_start__ + SIZEOF (.log_dynamic_data_run))
                0x0000000000000000                __log_dynamic_data_run_size__ = SIZEOF (.log_dynamic_data_run)
                0x00000000200018a8                __stop_log_dynamic_data = __log_dynamic_data_run_end__
                0x00000000200018a8                __log_dynamic_data_run_load_end__ = __log_dynamic_data_run_end__
                0x0000000000000001                . = ASSERT (((__log_dynamic_data_run_start__ == __log_dynamic_data_run_end__) || ((__log_dynamic_data_run_end__ - __RAM_segment_start__) <= __RAM_segment_size__)), error: .log_dynamic_data_run is too large to fit in RAM memory segment)
                0x0000000000028690                __cli_sorted_cmd_ptrs_load_start__ = ALIGN ((__log_dynamic_data_load_start__ + SIZEOF (.log_dynamic_data)), 0x4)

.cli_sorted_cmd_ptrs
                0x00000000200018a8        0x0 load address 0x0000000000028690
                0x00000000200018a8                __cli_sorted_cmd_ptrs_start__ = .
 *(.cli_sorted_cmd_ptrs*)
                0x00000000200018a8                __cli_sorted_cmd_ptrs_end__ = (__cli_sorted_cmd_ptrs_start__ + SIZEOF (.cli_sorted_cmd_ptrs))
                0x0000000000000000                __cli_sorted_cmd_ptrs_size__ = SIZEOF (.cli_sorted_cmd_ptrs)
                0x0000000000028690                __cli_sorted_cmd_ptrs_load_end__ = (__cli_sorted_cmd_ptrs_load_start__ + SIZEOF (.cli_sorted_cmd_ptrs))
                0x0000000000000001                . = ASSERT (((__cli_sorted_cmd_ptrs_load_start__ == __cli_sorted_cmd_ptrs_load_end__) || ((__cli_sorted_cmd_ptrs_load_end__ - __FLASH_segment_start__) <= __FLASH_segment_size__)), error: .cli_sorted_cmd_ptrs is too large to fit in FLASH memory segment)

.cli_sorted_cmd_ptrs_run
                0x00000000200018a8        0x0
                0x00000000200018a8                __cli_sorted_cmd_ptrs_run_start__ = .
                0x00000000200018a8                __start_cli_sorted_cmd_ptrs = __cli_sorted_cmd_ptrs_run_start__
                0x00000000200018a8                . = MAX ((__cli_sorted_cmd_ptrs_run_start__ + SIZEOF (.cli_sorted_cmd_ptrs)), .)
                0x00000000200018a8                __cli_sorted_cmd_ptrs_run_end__ = (__cli_sorted_cmd_ptrs_run_start__ + SIZEOF (.cli_sorted_cmd_ptrs_run))
                0x0000000000000000                __cli_sorted_cmd_ptrs_run_size__ = SIZEOF (.cli_sorted_cmd_ptrs_run)
                0x00000000200018a8                __stop_cli_sorted_cmd_ptrs = __cli_sorted_cmd_ptrs_run_end__
                0x00000000200018a8                __cli_sorted_cmd_ptrs_run_load_end__ = __cli_sorted_cmd_ptrs_run_end__
                0x0000000000000001                . = ASSERT (((__cli_sorted_cmd_ptrs_run_start__ == __cli_sorted_cmd_ptrs_run_end__) || ((__cli_sorted_cmd_ptrs_run_end__ - __RAM_segment_start__) <= __RAM_segment_size__)), error: .cli_sorted_cmd_ptrs_run is too large to fit in RAM memory segment)
                0x0000000000028690                __fs_data_load_start__ = ALIGN ((__cli_sorted_cmd_ptrs_load_start__ + SIZEOF (.cli_sorted_cmd_ptrs)), 0x4)

.fs_data        0x00000000200018a8        0x0 load address 0x0000000000028690
                0x00000000200018a8                __fs_data_start__ = .
 *(.fs_data*)
                0x00000000200018a8                __fs_data_end__ = (__fs_data_start__ + SIZEOF (.fs_data))
                0x0000000000000000                __fs_data_size__ = SIZEOF (.fs_data)
                0x0000000000028690                __fs_data_load_end__ = (__fs_data_load_start__ + SIZEOF (.fs_data))
                0x0000000000000001                . = ASSERT (((__fs_data_load_start__ == __fs_data_load_end__) || ((__fs_data_load_end__ - __FLASH_segment_start__) <= __FLASH_segment_size__)), error: .fs_data is too large to fit in FLASH memory segment)

.fs_data_run    0x00000000200018a8        0x0
                0x00000000200018a8                __fs_data_run_start__ = .
                0x00000000200018a8                __start_fs_data = __fs_data_run_start__
                0x00000000200018a8                . = MAX ((__fs_data_run_start__ + SIZEOF (.fs_data)), .)
                0x00000000200018a8                __fs_data_run_end__ = (__fs_data_run_start__ + SIZEOF (.fs_data_run))
                0x0000000000000000                __fs_data_run_size__ = SIZEOF (.fs_data_run)
                0x00000000200018a8                __stop_fs_data = __fs_data_run_end__
                0x00000000200018a8                __fs_data_run_load_end__ = __fs_data_run_end__
                0x0000000000000001                . = ASSERT (((__fs_data_run_start__ == __fs_data_run_end__) || ((__fs_data_run_end__ - __RAM_segment_start__) <= __RAM_segment_size__)), error: .fs_data_run is too large to fit in RAM memory segment)
                0x00000000200018a8                __nrf_sections_run_end_load_start__ = ALIGN (__fs_data_run_end__, 0x4)

.nrf_sections_run_end
                0x00000000200018a8        0x0
                0x00000000200018a8                __nrf_sections_run_end_start__ = .
                0x00000000200018a8                __end_nrf_sections_run = __nrf_sections_run_end_start__
 *(.nrf_sections_run_end .nrf_sections_run_end.*)
                0x00000000200018a8                __nrf_sections_run_end_end__ = (__nrf_sections_run_end_start__ + SIZEOF (.nrf_sections_run_end))
                0x0000000000000000                __nrf_sections_run_end_size__ = SIZEOF (.nrf_sections_run_end)
                0x00000000200018a8                __nrf_sections_run_end_load_end__ = __nrf_sections_run_end_end__
                0x0000000000000001                . = ASSERT (((__nrf_sections_run_end_start__ == __nrf_sections_run_end_end__) || ((__nrf_sections_run_end_end__ - __RAM_segment_start__) <= __RAM_segment_size__)), error: .nrf_sections_run_end is too large to fit in RAM memory segment)
                0x0000000000028690                __dtors_load_start__ = ALIGN ((__fs_data_load_start__ + SIZEOF (.fs_data)), 0x4)

.dtors          0x0000000000028690        0x0
                0x0000000000028690                __dtors_start__ = .
 *(SORT_BY_NAME(.dtors.*))
 *(.dtors)
 *(.fini_array)
 *(SORT_BY_NAME(.fini_array.*))
                0x0000000000028690                __dtors_end__ = (__dtors_start__ + SIZEOF (.dtors))
                0x0000000000000000                __dtors_size__ = SIZEOF (.dtors)
                0x0000000000028690                __dtors_load_end__ = __dtors_end__
                0x0000000000000001                . = ASSERT (((__dtors_start__ == __dtors_end__) || ((__dtors_end__ - __FLASH_segment_start__) <= __FLASH_segment_size__)), error: .dtors is too large to fit in FLASH memory segment)
                0x0000000000028690                __ctors_load_start__ = ALIGN (__dtors_end__, 0x4)

.ctors          0x0000000000028690        0x0
                0x0000000000028690                __ctors_start__ = .
 *(SORT_BY_NAME(.ctors.*))
 *(.ctors)
 *(.init_array)
 *(SORT_BY_NAME(.init_array.*))
                0x0000000000028690                __ctors_end__ = (__ctors_start__ + SIZEOF (.ctors))
                0x0000000000000000                __ctors_size__ = SIZEOF (.ctors)
                0x0000000000028690                __ctors_load_end__ = __ctors_end__
                0x0000000000000001                . = ASSERT (((__ctors_start__ == __ctors_end__) || ((__ctors_end__ - __FLASH_segment_start__) <= __FLASH_segment_size__)), error: .ctors is too large to fit in FLASH memory segment)
                0x0000000000028690                __rodata_load_start__ = ALIGN (__ctors_end__, 0x4)

.rodata         0x0000000000028690       0x9c
                0x0000000000028690                __rodata_start__ = .
 *(.rodata .rodata.* .gnu.linkonce.r.*)
 .rodata.m_detection_delay_timer_id
                0x0000000000028690        0x4 Output/ble_app_beacon_pca10040_s132 Release/Obj/app_button.o
 *fill*         0x0000000000028694        0xc 
 .rodata.delay_bytecode.8289
                0x00000000000286a0        0x6 Output/ble_app_beacon_pca10040_s132 Release/Obj/app_timer.o
 *fill*         0x00000000000286a6        0x2 
 .rodata.pwr_mgmt_data
                0x00000000000286a8        0xc Output/ble_app_beacon_pca10040_s132 Release/Obj/nrf_pwr_mgmt.o
 .rodata.m_board_led_list
                0x00000000000286b4        0x4 Output/ble_app_beacon_pca10040_s132 Release/Obj/boards.o
 .rodata.app_buttons
                0x00000000000286b8       0x20 Output/ble_app_beacon_pca10040_s132 Release/Obj/bsp.o
 .rodata.m_bsp_alert_tmr
                0x00000000000286d8        0x4 Output/ble_app_beacon_pca10040_s132 Release/Obj/bsp.o
 .rodata.m_bsp_button_tmr
                0x00000000000286dc        0x4 Output/ble_app_beacon_pca10040_s132 Release/Obj/bsp.o
 .rodata.m_bsp_leds_tmr
                0x00000000000286e0        0x4 Output/ble_app_beacon_pca10040_s132 Release/Obj/bsp.o
 .rodata.battery_measure_timer
                0x00000000000286e4        0x4 Output/ble_app_beacon_pca10040_s132 Release/Obj/main.o
 .rodata.btn_state_timer
                0x00000000000286e8        0x4 Output/ble_app_beacon_pca10040_s132 Release/Obj/main.o
 .rodata        0x00000000000286ec        0x4 Output/ble_app_beacon_pca10040_s132 Release/Obj/nrf_sdh.o
 .rodata.sdh_req_observers
                0x00000000000286f0        0xc Output/ble_app_beacon_pca10040_s132 Release/Obj/nrf_sdh.o
 .rodata.sdh_stack_observers
                0x00000000000286fc        0xc Output/ble_app_beacon_pca10040_s132 Release/Obj/nrf_sdh.o
 .rodata.sdh_state_observers
                0x0000000000028708        0xc Output/ble_app_beacon_pca10040_s132 Release/Obj/nrf_sdh.o
 .rodata.sdh_ble_observers
                0x0000000000028714        0xc Output/ble_app_beacon_pca10040_s132 Release/Obj/nrf_sdh_ble.o
 .rodata.sdh_soc_observers
                0x0000000000028720        0xc Output/ble_app_beacon_pca10040_s132 Release/Obj/nrf_sdh_soc.o
                0x000000000002872c                __rodata_end__ = (__rodata_start__ + SIZEOF (.rodata))
                0x000000000000009c                __rodata_size__ = SIZEOF (.rodata)
                0x000000000002872c                __rodata_load_end__ = __rodata_end__

.rel.dyn        0x000000000002872c        0x0
 .rel.iplt      0x000000000002872c        0x0 Output/ble_app_beacon_pca10040_s132 Release/Obj/thumb_crt0.o
                0x0000000000000001                . = ASSERT (((__rodata_start__ == __rodata_end__) || ((__rodata_end__ - __FLASH_segment_start__) <= __FLASH_segment_size__)), error: .rodata is too large to fit in FLASH memory segment)
                0x000000000002872c                __ARM.exidx_load_start__ = ALIGN (__rodata_end__, 0x4)

.ARM.exidx      0x000000000002872c        0x0
                0x000000000002872c                __ARM.exidx_start__ = .
                0x000000000002872c                __exidx_start = __ARM.exidx_start__
 *(.ARM.exidx .ARM.exidx.*)
                0x000000000002872c                __ARM.exidx_end__ = (__ARM.exidx_start__ + SIZEOF (.ARM.exidx))
                0x0000000000000000                __ARM.exidx_size__ = SIZEOF (.ARM.exidx)
                0x000000000002872c                __exidx_end = __ARM.exidx_end__
                0x000000000002872c                __ARM.exidx_load_end__ = __ARM.exidx_end__
                0x0000000000000001                . = ASSERT (((__ARM.exidx_start__ == __ARM.exidx_end__) || ((__ARM.exidx_end__ - __FLASH_segment_start__) <= __FLASH_segment_size__)), error: .ARM.exidx is too large to fit in FLASH memory segment)
                0x000000000002872c                __fast_load_start__ = ALIGN (__ARM.exidx_end__, 0x4)

.fast           0x00000000200018a8        0x0 load address 0x000000000002872c
                0x00000000200018a8                __fast_start__ = .
 *(.fast .fast.*)
                0x00000000200018a8                __fast_end__ = (__fast_start__ + SIZEOF (.fast))
                0x0000000000000000                __fast_size__ = SIZEOF (.fast)
                0x000000000002872c                __fast_load_end__ = (__fast_load_start__ + SIZEOF (.fast))
                0x0000000000000001                . = ASSERT (((__fast_load_start__ == __fast_load_end__) || ((__fast_load_end__ - __FLASH_segment_start__) <= __FLASH_segment_size__)), error: .fast is too large to fit in FLASH memory segment)

.fast_run       0x00000000200018a8        0x0
                0x00000000200018a8                __fast_run_start__ = .
                0x00000000200018a8                . = MAX ((__fast_run_start__ + SIZEOF (.fast)), .)
                0x00000000200018a8                __fast_run_end__ = (__fast_run_start__ + SIZEOF (.fast_run))
                0x0000000000000000                __fast_run_size__ = SIZEOF (.fast_run)
                0x00000000200018a8                __fast_run_load_end__ = __fast_run_end__
                0x0000000000000001                . = ASSERT (((__fast_run_start__ == __fast_run_end__) || ((__fast_run_end__ - __RAM_segment_start__) <= __RAM_segment_size__)), error: .fast_run is too large to fit in RAM memory segment)
                0x000000000002872c                __data_load_start__ = ALIGN ((__fast_load_start__ + SIZEOF (.fast)), 0x4)

.data           0x00000000200018a8       0x15 load address 0x000000000002872c
                0x00000000200018a8                __data_start__ = .
 *(.data .data.* .gnu.linkonce.d.*)
 .data.SystemCoreClock
                0x00000000200018a8        0x4 Output/ble_app_beacon_pca10040_s132 Release/Obj/system_nrf52.o
                0x00000000200018a8                SystemCoreClock
 .data.m_adv_data
                0x00000000200018ac       0x10 Output/ble_app_beacon_pca10040_s132 Release/Obj/main.o
 .data.m_adv_handle
                0x00000000200018bc        0x1 Output/ble_app_beacon_pca10040_s132 Release/Obj/main.o
                0x00000000200018bd                __data_end__ = (__data_start__ + SIZEOF (.data))
                0x0000000000000015                __data_size__ = SIZEOF (.data)
                0x0000000000028741                __data_load_end__ = (__data_load_start__ + SIZEOF (.data))

.igot.plt       0x0000000100000000        0x0
 .igot.plt      0x0000000100000000        0x0 Output/ble_app_beacon_pca10040_s132 Release/Obj/thumb_crt0.o
                0x0000000000000001                . = ASSERT (((__data_load_start__ == __data_load_end__) || ((__data_load_end__ - __FLASH_segment_start__) <= __FLASH_segment_size__)), error: .data is too large to fit in FLASH memory segment)

.data_run       0x00000000200018a8       0x15 load address 0x000000000002872c
                0x00000000200018a8                __data_run_start__ = .
                0x00000000200018bd                . = MAX ((__data_run_start__ + SIZEOF (.data)), .)
 *fill*         0x00000000200018a8       0x15 
                0x00000000200018bd                __data_run_end__ = (__data_run_start__ + SIZEOF (.data_run))
                0x0000000000000015                __data_run_size__ = SIZEOF (.data_run)
                0x00000000200018bd                __data_run_load_end__ = __data_run_end__
                0x0000000000000001                . = ASSERT (((__data_run_start__ == __data_run_end__) || ((__data_run_end__ - __RAM_segment_start__) <= __RAM_segment_size__)), error: .data_run is too large to fit in RAM memory segment)
                0x0000000000028744                __tdata_load_start__ = ALIGN ((__data_load_start__ + SIZEOF (.data)), 0x4)

.tdata          0x00000000200018c0        0x0 load address 0x0000000000028744
                0x00000000200018c0                __tdata_start__ = .
 *(.tdata .tdata.*)
                0x00000000200018c0                __tdata_end__ = (__tdata_start__ + SIZEOF (.tdata))
                0x0000000000000000                __tdata_size__ = SIZEOF (.tdata)
                0x0000000000028744                __tdata_load_end__ = (__tdata_load_start__ + SIZEOF (.tdata))
                0x0000000000028744                __FLASH_segment_used_end__ = (ALIGN ((__data_load_start__ + SIZEOF (.data)), 0x4) + SIZEOF (.tdata))
                0x0000000000028744                __FLASH_segment_used_size__ = (__FLASH_segment_used_end__ - __FLASH_segment_start__)
                0x0000000000000001                . = ASSERT (((__tdata_load_start__ == __tdata_load_end__) || ((__tdata_load_end__ - __FLASH_segment_start__) <= __FLASH_segment_size__)), error: .tdata is too large to fit in FLASH memory segment)

.tdata_run      0x00000000200018c0        0x0
                0x00000000200018c0                __tdata_run_start__ = .
                0x00000000200018c0                . = MAX ((__tdata_run_start__ + SIZEOF (.tdata)), .)
                0x00000000200018c0                __tdata_run_end__ = (__tdata_run_start__ + SIZEOF (.tdata_run))
                0x0000000000000000                __tdata_run_size__ = SIZEOF (.tdata_run)
                0x00000000200018c0                __tdata_run_load_end__ = __tdata_run_end__
                0x0000000000000001                . = ASSERT (((__tdata_run_start__ == __tdata_run_end__) || ((__tdata_run_end__ - __RAM_segment_start__) <= __RAM_segment_size__)), error: .tdata_run is too large to fit in RAM memory segment)
                0x00000000200018c0                __bss_load_start__ = ALIGN (__tdata_run_end__, 0x4)

.bss            0x00000000200018c0      0x30a
                0x00000000200018c0                __bss_start__ = .
 *(.bss .bss.* .gnu.linkonce.b.*)
 .bss.m_button_count
                0x00000000200018c0        0x1 Output/ble_app_beacon_pca10040_s132 Release/Obj/app_button.o
 *fill*         0x00000000200018c1        0x3 
 .bss.m_detection_delay
                0x00000000200018c4        0x4 Output/ble_app_beacon_pca10040_s132 Release/Obj/app_button.o
 .bss.m_detection_delay_timer_id_data
                0x00000000200018c8       0x20 Output/ble_app_beacon_pca10040_s132 Release/Obj/app_button.o
 .bss.m_pin_state
                0x00000000200018e8        0x8 Output/ble_app_beacon_pca10040_s132 Release/Obj/app_button.o
 .bss.m_pin_transition
                0x00000000200018f0        0x8 Output/ble_app_beacon_pca10040_s132 Release/Obj/app_button.o
 .bss.mp_buttons
                0x00000000200018f8        0x4 Output/ble_app_beacon_pca10040_s132 Release/Obj/app_button.o
 .bss.m_op_queue
                0x00000000200018fc      0x10c Output/ble_app_beacon_pca10040_s132 Release/Obj/app_timer.o
 .bss.m_rtc1_reset
                0x0000000020001a08        0x1 Output/ble_app_beacon_pca10040_s132 Release/Obj/app_timer.o
 .bss.m_rtc1_running
                0x0000000020001a09        0x1 Output/ble_app_beacon_pca10040_s132 Release/Obj/app_timer.o
 *fill*         0x0000000020001a0a        0x2 
 .bss.m_ticks_elapsed
                0x0000000020001a0c        0x8 Output/ble_app_beacon_pca10040_s132 Release/Obj/app_timer.o
 .bss.m_ticks_elapsed_q_read_ind
                0x0000000020001a14        0x1 Output/ble_app_beacon_pca10040_s132 Release/Obj/app_timer.o
 .bss.m_ticks_elapsed_q_write_ind
                0x0000000020001a15        0x1 Output/ble_app_beacon_pca10040_s132 Release/Obj/app_timer.o
 *fill*         0x0000000020001a16        0x2 
 .bss.m_ticks_latest
                0x0000000020001a18        0x4 Output/ble_app_beacon_pca10040_s132 Release/Obj/app_timer.o
 .bss.mp_timer_id_head
                0x0000000020001a1c        0x4 Output/ble_app_beacon_pca10040_s132 Release/Obj/app_timer.o
 .bss.nrf_nvic_state
                0x0000000020001a20        0xc Output/ble_app_beacon_pca10040_s132 Release/Obj/app_util_platform.o
                0x0000000020001a20                nrf_nvic_state
 .bss.m_handlers_iter
                0x0000000020001a2c        0x8 Output/ble_app_beacon_pca10040_s132 Release/Obj/nrf_pwr_mgmt.o
 .bss.m_shutdown_started
                0x0000000020001a34        0x1 Output/ble_app_beacon_pca10040_s132 Release/Obj/nrf_pwr_mgmt.o
 *fill*         0x0000000020001a35        0x3 
 .bss.m_sysoff_mtx
                0x0000000020001a38        0x4 Output/ble_app_beacon_pca10040_s132 Release/Obj/nrf_pwr_mgmt.o
 .bss.m_clock_cb
                0x0000000020001a3c       0x14 Output/ble_app_beacon_pca10040_s132 Release/Obj/nrf_drv_clock.o
 .bss.m_clock_cb
                0x0000000020001a50        0x8 Output/ble_app_beacon_pca10040_s132 Release/Obj/nrfx_clock.o
 .bss.m_cb      0x0000000020001a58       0x5c Output/ble_app_beacon_pca10040_s132 Release/Obj/nrfx_gpiote.o
 .bss.m_prs_box_4
                0x0000000020001ab4        0x8 Output/ble_app_beacon_pca10040_s132 Release/Obj/nrfx_prs.o
 .bss.current_long_push_pin_no.8417
                0x0000000020001abc        0x1 Output/ble_app_beacon_pca10040_s132 Release/Obj/bsp.o
 .bss.m_alert_on
                0x0000000020001abd        0x1 Output/ble_app_beacon_pca10040_s132 Release/Obj/bsp.o
 *fill*         0x0000000020001abe        0x2 
 .bss.m_bsp_alert_tmr_data
                0x0000000020001ac0       0x20 Output/ble_app_beacon_pca10040_s132 Release/Obj/bsp.o
 .bss.m_bsp_button_tmr_data
                0x0000000020001ae0       0x20 Output/ble_app_beacon_pca10040_s132 Release/Obj/bsp.o
 .bss.m_bsp_leds_tmr_data
                0x0000000020001b00       0x20 Output/ble_app_beacon_pca10040_s132 Release/Obj/bsp.o
 .bss.m_events_list
                0x0000000020001b20        0xc Output/ble_app_beacon_pca10040_s132 Release/Obj/bsp.o
 .bss.m_indication_type
                0x0000000020001b2c        0x4 Output/ble_app_beacon_pca10040_s132 Release/Obj/bsp.o
 .bss.m_leds_clear
                0x0000000020001b30        0x1 Output/ble_app_beacon_pca10040_s132 Release/Obj/bsp.o
 *fill*         0x0000000020001b31        0x3 
 .bss.m_registered_callback
                0x0000000020001b34        0x4 Output/ble_app_beacon_pca10040_s132 Release/Obj/bsp.o
 .bss.m_stable_state
                0x0000000020001b38        0x1 Output/ble_app_beacon_pca10040_s132 Release/Obj/bsp.o
 .bss.release_event_at_push.8418
                0x0000000020001b39        0x4 Output/ble_app_beacon_pca10040_s132 Release/Obj/bsp.o
 .bss.BATT_LVL  0x0000000020001b3d        0x1 Output/ble_app_beacon_pca10040_s132 Release/Obj/main.o
                0x0000000020001b3d                BATT_LVL
 .bss.BTN_PRS   0x0000000020001b3e        0x1 Output/ble_app_beacon_pca10040_s132 Release/Obj/main.o
                0x0000000020001b3e                BTN_PRS
 .bss.FINAL_DATA
                0x0000000020001b3f        0x4 Output/ble_app_beacon_pca10040_s132 Release/Obj/main.o
                0x0000000020001b3f                FINAL_DATA
 .bss.NEW_BATT_LVL
                0x0000000020001b43        0x1 Output/ble_app_beacon_pca10040_s132 Release/Obj/main.o
                0x0000000020001b43                NEW_BATT_LVL
 .bss.bAdvertiseEnabled
                0x0000000020001b44        0x1 Output/ble_app_beacon_pca10040_s132 Release/Obj/main.o
                0x0000000020001b44                bAdvertiseEnabled
 *fill*         0x0000000020001b45        0x3 
 .bss.battery_measure_timer_data
                0x0000000020001b48       0x20 Output/ble_app_beacon_pca10040_s132 Release/Obj/main.o
 .bss.btn_state_timer_data
                0x0000000020001b68       0x20 Output/ble_app_beacon_pca10040_s132 Release/Obj/main.o
 .bss.m_adv_params
                0x0000000020001b88       0x18 Output/ble_app_beacon_pca10040_s132 Release/Obj/main.o
 .bss.m_enc_advdata
                0x0000000020001ba0       0x1f Output/ble_app_beacon_pca10040_s132 Release/Obj/main.o
 *fill*         0x0000000020001bbf        0x1 
 .bss.precise_result
                0x0000000020001bc0        0x4 Output/ble_app_beacon_pca10040_s132 Release/Obj/main.o
                0x0000000020001bc0                precise_result
 .bss.result    0x0000000020001bc4        0x2 Output/ble_app_beacon_pca10040_s132 Release/Obj/main.o
                0x0000000020001bc4                result
 .bss.m_nrf_sdh_continue
                0x0000000020001bc6        0x1 Output/ble_app_beacon_pca10040_s132 Release/Obj/nrf_sdh.o
 .bss.m_nrf_sdh_enabled
                0x0000000020001bc7        0x1 Output/ble_app_beacon_pca10040_s132 Release/Obj/nrf_sdh.o
 .bss.m_nrf_sdh_suspended
                0x0000000020001bc8        0x1 Output/ble_app_beacon_pca10040_s132 Release/Obj/nrf_sdh.o
 .bss.m_stack_is_enabled
                0x0000000020001bc9        0x1 Output/ble_app_beacon_pca10040_s132 Release/Obj/nrf_sdh_ble.o
 *(COMMON)
                0x0000000020001bca                __bss_end__ = (__bss_start__ + SIZEOF (.bss))
                0x000000000000030a                __bss_size__ = SIZEOF (.bss)
                0x0000000020001bca                __bss_load_end__ = __bss_end__
                0x0000000000000001                . = ASSERT (((__bss_start__ == __bss_end__) || ((__bss_end__ - __RAM_segment_start__) <= __RAM_segment_size__)), error: .bss is too large to fit in RAM memory segment)
                0x0000000020001bcc                __tbss_load_start__ = ALIGN (__bss_end__, 0x4)

.tbss           0x0000000020001bcc        0x0
                0x0000000020001bcc                __tbss_start__ = .
 *(.tbss .tbss.*)
                0x0000000020001bcc                __tbss_end__ = (__tbss_start__ + SIZEOF (.tbss))
                0x0000000000000000                __tbss_size__ = SIZEOF (.tbss)
                0x0000000020001bcc                __tbss_load_end__ = __tbss_end__
                0x0000000000000001                . = ASSERT (((__tbss_start__ == __tbss_end__) || ((__tbss_end__ - __RAM_segment_start__) <= __RAM_segment_size__)), error: .tbss is too large to fit in RAM memory segment)
                0x0000000020001bcc                __non_init_load_start__ = ALIGN (__tbss_end__, 0x4)

.non_init       0x0000000020001bcc        0x0
                0x0000000020001bcc                __non_init_start__ = .
 *(.non_init .non_init.*)
                0x0000000020001bcc                __non_init_end__ = (__non_init_start__ + SIZEOF (.non_init))
                0x0000000000000000                __non_init_size__ = SIZEOF (.non_init)
                0x0000000020001bcc                __non_init_load_end__ = __non_init_end__
                0x0000000000000001                . = ASSERT (((__non_init_start__ == __non_init_end__) || ((__non_init_end__ - __RAM_segment_start__) <= __RAM_segment_size__)), error: .non_init is too large to fit in RAM memory segment)
                0x0000000020001bcc                __heap_load_start__ = ALIGN (__non_init_end__, 0x4)

.heap           0x0000000020001bcc     0x2000
                0x0000000020001bcc                __heap_start__ = .
 *(.heap .heap.*)
                0x0000000020003bcc                . = ALIGN (MAX ((__heap_start__ + __HEAPSIZE__), .), 0x4)
 *fill*         0x0000000020001bcc     0x2000 
                0x0000000020003bcc                __heap_end__ = (__heap_start__ + SIZEOF (.heap))
                0x0000000000002000                __heap_size__ = SIZEOF (.heap)
                0x0000000020003bcc                __heap_load_end__ = __heap_end__
                0x0000000000000001                . = ASSERT (((__heap_start__ == __heap_end__) || ((__heap_end__ - __RAM_segment_start__) <= __RAM_segment_size__)), error: .heap is too large to fit in RAM memory segment)
                0x000000002000e000                __stack_load_start__ = (__RAM_segment_start__ + (__RAM_segment_size__ - 0x2000))

.stack          0x000000002000e000     0x2000
                0x000000002000e000                __stack_start__ = .
                0x000000002000e000                __StackLimit = __stack_start__
 *(.stack .stack.*)
                0x0000000020010000                . = ALIGN (MAX ((__stack_start__ + __STACKSIZE__), .), 0x8)
 *fill*         0x000000002000e000     0x2000 
                0x0000000020010000                __stack_end__ = (__stack_start__ + SIZEOF (.stack))
                0x0000000000002000                __stack_size__ = SIZEOF (.stack)
                0x0000000020010000                __StackTop = __stack_end__
                0x0000000020010000                __stack_load_end__ = __stack_end__
                0x0000000000000001                . = ASSERT (((__stack_start__ == __stack_end__) || ((__stack_end__ - __RAM_segment_start__) <= __RAM_segment_size__)), error: .stack is too large to fit in RAM memory segment)
                0x0000000000000001                . = ASSERT ((__heap_end__ <= __stack_start__), error: section .heap overlaps absolute placed section .stack)
                0x0000000020010000                __stack_process_load_start__ = ALIGN (__stack_end__, 0x8)

.stack_process  0x0000000020010000        0x0
                0x0000000020010000                __stack_process_start__ = .
 *(.stack_process .stack_process.*)
                0x0000000020010000                . = ALIGN (MAX ((__stack_process_start__ + __STACKSIZE_PROCESS__), .), 0x8)
                0x0000000020010000                __stack_process_end__ = (__stack_process_start__ + SIZEOF (.stack_process))
                0x0000000000000000                __stack_process_size__ = SIZEOF (.stack_process)
                0x0000000020010000                __stack_process_load_end__ = __stack_process_end__
                0x0000000020010000                __RAM_segment_used_end__ = (ALIGN (__stack_end__, 0x8) + SIZEOF (.stack_process))
                0x0000000000010000                __RAM_segment_used_size__ = (__RAM_segment_used_end__ - __RAM_segment_start__)
                0x0000000000000001                . = ASSERT (((__stack_process_start__ == __stack_process_end__) || ((__stack_process_end__ - __RAM_segment_start__) <= __RAM_segment_size__)), error: .stack_process is too large to fit in RAM memory segment)
START GROUP
LOAD Output/ble_app_beacon_pca10040_s132 Release/Obj/thumb_crt0.o
LOAD Output/ble_app_beacon_pca10040_s132 Release/Obj/nrf_log_backend_rtt.o
LOAD Output/ble_app_beacon_pca10040_s132 Release/Obj/nrf_log_backend_serial.o
LOAD Output/ble_app_beacon_pca10040_s132 Release/Obj/nrf_log_backend_uart.o
LOAD Output/ble_app_beacon_pca10040_s132 Release/Obj/nrf_log_default_backends.o
LOAD Output/ble_app_beacon_pca10040_s132 Release/Obj/nrf_log_frontend.o
LOAD Output/ble_app_beacon_pca10040_s132 Release/Obj/nrf_log_str_formatter.o
LOAD Output/ble_app_beacon_pca10040_s132 Release/Obj/app_button.o
LOAD Output/ble_app_beacon_pca10040_s132 Release/Obj/app_error.o
LOAD Output/ble_app_beacon_pca10040_s132 Release/Obj/app_error_handler_gcc.o
LOAD Output/ble_app_beacon_pca10040_s132 Release/Obj/app_error_weak.o
LOAD Output/ble_app_beacon_pca10040_s132 Release/Obj/app_scheduler.o
LOAD Output/ble_app_beacon_pca10040_s132 Release/Obj/app_timer.o
LOAD Output/ble_app_beacon_pca10040_s132 Release/Obj/app_util_platform.o
LOAD Output/ble_app_beacon_pca10040_s132 Release/Obj/hardfault_implementation.o
LOAD Output/ble_app_beacon_pca10040_s132 Release/Obj/nrf_assert.o
LOAD Output/ble_app_beacon_pca10040_s132 Release/Obj/nrf_atfifo.o
LOAD Output/ble_app_beacon_pca10040_s132 Release/Obj/nrf_atomic.o
LOAD Output/ble_app_beacon_pca10040_s132 Release/Obj/nrf_balloc.o
LOAD Output/ble_app_beacon_pca10040_s132 Release/Obj/nrf_fprintf.o
LOAD Output/ble_app_beacon_pca10040_s132 Release/Obj/nrf_fprintf_format.o
LOAD Output/ble_app_beacon_pca10040_s132 Release/Obj/nrf_memobj.o
LOAD Output/ble_app_beacon_pca10040_s132 Release/Obj/nrf_pwr_mgmt.o
LOAD Output/ble_app_beacon_pca10040_s132 Release/Obj/nrf_section_iter.o
LOAD Output/ble_app_beacon_pca10040_s132 Release/Obj/nrf_strerror.o
LOAD Output/ble_app_beacon_pca10040_s132 Release/Obj/ses_nRF_Startup.o
LOAD Output/ble_app_beacon_pca10040_s132 Release/Obj/ses_nrf52_Vectors.o
LOAD Output/ble_app_beacon_pca10040_s132 Release/Obj/system_nrf52.o
LOAD Output/ble_app_beacon_pca10040_s132 Release/Obj/boards.o
LOAD Output/ble_app_beacon_pca10040_s132 Release/Obj/nrf_drv_clock.o
LOAD Output/ble_app_beacon_pca10040_s132 Release/Obj/nrf_drv_uart.o
LOAD Output/ble_app_beacon_pca10040_s132 Release/Obj/nrfx_clock.o
LOAD Output/ble_app_beacon_pca10040_s132 Release/Obj/nrfx_gpiote.o
LOAD Output/ble_app_beacon_pca10040_s132 Release/Obj/nrfx_power_clock.o
LOAD Output/ble_app_beacon_pca10040_s132 Release/Obj/nrfx_prs.o
LOAD Output/ble_app_beacon_pca10040_s132 Release/Obj/nrfx_uart.o
LOAD Output/ble_app_beacon_pca10040_s132 Release/Obj/nrfx_uarte.o
LOAD Output/ble_app_beacon_pca10040_s132 Release/Obj/bsp.o
LOAD Output/ble_app_beacon_pca10040_s132 Release/Obj/main.o
LOAD Output/ble_app_beacon_pca10040_s132 Release/Obj/SEGGER_RTT.o
LOAD Output/ble_app_beacon_pca10040_s132 Release/Obj/SEGGER_RTT_Syscalls_SES.o
LOAD Output/ble_app_beacon_pca10040_s132 Release/Obj/SEGGER_RTT_printf.o
LOAD Output/ble_app_beacon_pca10040_s132 Release/Obj/ble_advdata.o
LOAD Output/ble_app_beacon_pca10040_s132 Release/Obj/ble_srv_common.o
LOAD Output/ble_app_beacon_pca10040_s132 Release/Obj/nrf_sdh.o
LOAD Output/ble_app_beacon_pca10040_s132 Release/Obj/nrf_sdh_ble.o
LOAD Output/ble_app_beacon_pca10040_s132 Release/Obj/nrf_sdh_soc.o
LOAD C:/Program Files/SEGGER/SEGGER Embedded Studio for ARM 4.22/lib/libdebugio_mempoll_v7em_fpv4_sp_d16_hard_t_le_eabi.a
LOAD C:/Program Files/SEGGER/SEGGER Embedded Studio for ARM 4.22/lib/libm_v7em_fpv4_sp_d16_hard_t_le_eabi.a
LOAD C:/Program Files/SEGGER/SEGGER Embedded Studio for ARM 4.22/lib/libc_v7em_fpv4_sp_d16_hard_t_le_eabi.a
LOAD C:/Program Files/SEGGER/SEGGER Embedded Studio for ARM 4.22/lib/libcpp_v7em_fpv4_sp_d16_hard_t_le_eabi.a
LOAD C:/Program Files/SEGGER/SEGGER Embedded Studio for ARM 4.22/lib/libdebugio_v7em_fpv4_sp_d16_hard_t_le_eabi.a
LOAD C:/Program Files/SEGGER/SEGGER Embedded Studio for ARM 4.22/lib/libvfprintf_v7em_fpv4_sp_d16_hard_t_le_eabi.o
LOAD C:/Program Files/SEGGER/SEGGER Embedded Studio for ARM 4.22/lib/libvfscanf_v7em_fpv4_sp_d16_hard_t_le_eabi.o
END GROUP
OUTPUT(Output/Release/Exe/ble_app_beacon_pca10040_s132.elf elf32-littlearm)

.ARM.attributes
                0x0000000000000000       0x35
 .ARM.attributes
                0x0000000000000000       0x25 Output/ble_app_beacon_pca10040_s132 Release/Obj/thumb_crt0.o
 .ARM.attributes
                0x0000000000000025       0x39 Output/ble_app_beacon_pca10040_s132 Release/Obj/app_button.o
 .ARM.attributes
                0x000000000000005e       0x39 Output/ble_app_beacon_pca10040_s132 Release/Obj/app_error.o
 .ARM.attributes
                0x0000000000000097       0x39 Output/ble_app_beacon_pca10040_s132 Release/Obj/app_error_weak.o
 .ARM.attributes
                0x00000000000000d0       0x39 Output/ble_app_beacon_pca10040_s132 Release/Obj/app_timer.o
 .ARM.attributes
                0x0000000000000109       0x39 Output/ble_app_beacon_pca10040_s132 Release/Obj/app_util_platform.o
 .ARM.attributes
                0x0000000000000142       0x39 Output/ble_app_beacon_pca10040_s132 Release/Obj/nrf_pwr_mgmt.o
 .ARM.attributes
                0x000000000000017b       0x39 Output/ble_app_beacon_pca10040_s132 Release/Obj/nrf_section_iter.o
 .ARM.attributes
                0x00000000000001b4       0x25 Output/ble_app_beacon_pca10040_s132 Release/Obj/ses_nRF_Startup.o
 .ARM.attributes
                0x00000000000001d9       0x25 Output/ble_app_beacon_pca10040_s132 Release/Obj/ses_nrf52_Vectors.o
 .ARM.attributes
                0x00000000000001fe       0x39 Output/ble_app_beacon_pca10040_s132 Release/Obj/system_nrf52.o
 .ARM.attributes
                0x0000000000000237       0x39 Output/ble_app_beacon_pca10040_s132 Release/Obj/boards.o
 .ARM.attributes
                0x0000000000000270       0x39 Output/ble_app_beacon_pca10040_s132 Release/Obj/nrf_drv_clock.o
 .ARM.attributes
                0x00000000000002a9       0x39 Output/ble_app_beacon_pca10040_s132 Release/Obj/nrfx_clock.o
 .ARM.attributes
                0x00000000000002e2       0x39 Output/ble_app_beacon_pca10040_s132 Release/Obj/nrfx_gpiote.o
 .ARM.attributes
                0x000000000000031b       0x39 Output/ble_app_beacon_pca10040_s132 Release/Obj/nrfx_prs.o
 .ARM.attributes
                0x0000000000000354       0x39 Output/ble_app_beacon_pca10040_s132 Release/Obj/bsp.o
 .ARM.attributes
                0x000000000000038d       0x39 Output/ble_app_beacon_pca10040_s132 Release/Obj/main.o
 .ARM.attributes
                0x00000000000003c6       0x39 Output/ble_app_beacon_pca10040_s132 Release/Obj/ble_advdata.o
 .ARM.attributes
                0x00000000000003ff       0x39 Output/ble_app_beacon_pca10040_s132 Release/Obj/nrf_sdh.o
 .ARM.attributes
                0x0000000000000438       0x39 Output/ble_app_beacon_pca10040_s132 Release/Obj/nrf_sdh_ble.o
 .ARM.attributes
                0x0000000000000471       0x39 Output/ble_app_beacon_pca10040_s132 Release/Obj/nrf_sdh_soc.o
 .ARM.attributes
                0x00000000000004aa       0x20 C:/Program Files/SEGGER/SEGGER Embedded Studio for ARM 4.22/lib/libc_v7em_fpv4_sp_d16_hard_t_le_eabi.a(libc_asm.o)
 .ARM.attributes
                0x00000000000004ca       0x20 C:/Program Files/SEGGER/SEGGER Embedded Studio for ARM 4.22/lib/libc_v7em_fpv4_sp_d16_hard_t_le_eabi.a(libc2_asm.o)

.comment        0x0000000000000000       0x43
 .comment       0x0000000000000000       0x43 Output/ble_app_beacon_pca10040_s132 Release/Obj/app_button.o
                                         0x44 (size before relaxing)
 .comment       0x0000000000000043       0x44 Output/ble_app_beacon_pca10040_s132 Release/Obj/app_error.o
 .comment       0x0000000000000043       0x44 Output/ble_app_beacon_pca10040_s132 Release/Obj/app_error_weak.o
 .comment       0x0000000000000043       0x44 Output/ble_app_beacon_pca10040_s132 Release/Obj/app_timer.o
 .comment       0x0000000000000043       0x44 Output/ble_app_beacon_pca10040_s132 Release/Obj/app_util_platform.o
 .comment       0x0000000000000043       0x44 Output/ble_app_beacon_pca10040_s132 Release/Obj/nrf_pwr_mgmt.o
 .comment       0x0000000000000043       0x44 Output/ble_app_beacon_pca10040_s132 Release/Obj/nrf_section_iter.o
 .comment       0x0000000000000043       0x44 Output/ble_app_beacon_pca10040_s132 Release/Obj/system_nrf52.o
 .comment       0x0000000000000043       0x44 Output/ble_app_beacon_pca10040_s132 Release/Obj/boards.o
 .comment       0x0000000000000043       0x44 Output/ble_app_beacon_pca10040_s132 Release/Obj/nrf_drv_clock.o
 .comment       0x0000000000000043       0x44 Output/ble_app_beacon_pca10040_s132 Release/Obj/nrfx_clock.o
 .comment       0x0000000000000043       0x44 Output/ble_app_beacon_pca10040_s132 Release/Obj/nrfx_gpiote.o
 .comment       0x0000000000000043       0x44 Output/ble_app_beacon_pca10040_s132 Release/Obj/nrfx_prs.o
 .comment       0x0000000000000043       0x44 Output/ble_app_beacon_pca10040_s132 Release/Obj/bsp.o
 .comment       0x0000000000000043       0x44 Output/ble_app_beacon_pca10040_s132 Release/Obj/main.o
 .comment       0x0000000000000043       0x44 Output/ble_app_beacon_pca10040_s132 Release/Obj/ble_advdata.o
 .comment       0x0000000000000043       0x44 Output/ble_app_beacon_pca10040_s132 Release/Obj/nrf_sdh.o
 .comment       0x0000000000000043       0x44 Output/ble_app_beacon_pca10040_s132 Release/Obj/nrf_sdh_ble.o
 .comment       0x0000000000000043       0x44 Output/ble_app_beacon_pca10040_s132 Release/Obj/nrf_sdh_soc.o

.debug_line     0x0000000000000000     0xd29d
 .debug_line    0x0000000000000000      0x1ed Output/ble_app_beacon_pca10040_s132 Release/Obj/thumb_crt0.o
 .debug_line    0x00000000000001ed      0x963 Output/ble_app_beacon_pca10040_s132 Release/Obj/app_button.o
 .debug_line    0x0000000000000b50      0x3cc Output/ble_app_beacon_pca10040_s132 Release/Obj/app_error.o
 .debug_line    0x0000000000000f1c      0x730 Output/ble_app_beacon_pca10040_s132 Release/Obj/app_error_weak.o
 .debug_line    0x000000000000164c     0x11c1 Output/ble_app_beacon_pca10040_s132 Release/Obj/app_timer.o
 .debug_line    0x000000000000280d      0x60f Output/ble_app_beacon_pca10040_s132 Release/Obj/app_util_platform.o
 .debug_line    0x0000000000002e1c      0xcb7 Output/ble_app_beacon_pca10040_s132 Release/Obj/nrf_pwr_mgmt.o
 .debug_line    0x0000000000003ad3      0x417 Output/ble_app_beacon_pca10040_s132 Release/Obj/nrf_section_iter.o
 .debug_line    0x0000000000003eea       0xcf Output/ble_app_beacon_pca10040_s132 Release/Obj/ses_nRF_Startup.o
 .debug_line    0x0000000000003fb9       0xd8 Output/ble_app_beacon_pca10040_s132 Release/Obj/ses_nrf52_Vectors.o
 .debug_line    0x0000000000004091      0x623 Output/ble_app_beacon_pca10040_s132 Release/Obj/system_nrf52.o
 .debug_line    0x00000000000046b4      0xa98 Output/ble_app_beacon_pca10040_s132 Release/Obj/boards.o
 .debug_line    0x000000000000514c      0xdcb Output/ble_app_beacon_pca10040_s132 Release/Obj/nrf_drv_clock.o
 .debug_line    0x0000000000005f17      0xc8f Output/ble_app_beacon_pca10040_s132 Release/Obj/nrfx_clock.o
 .debug_line    0x0000000000006ba6     0x1b00 Output/ble_app_beacon_pca10040_s132 Release/Obj/nrfx_gpiote.o
 .debug_line    0x00000000000086a6      0x766 Output/ble_app_beacon_pca10040_s132 Release/Obj/nrfx_prs.o
 .debug_line    0x0000000000008e0c      0xd05 Output/ble_app_beacon_pca10040_s132 Release/Obj/bsp.o
 .debug_line    0x0000000000009b11     0x1037 Output/ble_app_beacon_pca10040_s132 Release/Obj/main.o
 .debug_line    0x000000000000ab48      0xe78 Output/ble_app_beacon_pca10040_s132 Release/Obj/ble_advdata.o
 .debug_line    0x000000000000b9c0      0xaf7 Output/ble_app_beacon_pca10040_s132 Release/Obj/nrf_sdh.o
 .debug_line    0x000000000000c4b7      0x811 Output/ble_app_beacon_pca10040_s132 Release/Obj/nrf_sdh_ble.o
 .debug_line    0x000000000000ccc8      0x5d5 Output/ble_app_beacon_pca10040_s132 Release/Obj/nrf_sdh_soc.o

.debug_info     0x0000000000000000    0x1c2dc
 .debug_info    0x0000000000000000       0x22 Output/ble_app_beacon_pca10040_s132 Release/Obj/thumb_crt0.o
 .debug_info    0x0000000000000022      0xd24 Output/ble_app_beacon_pca10040_s132 Release/Obj/app_button.o
 .debug_info    0x0000000000000d46      0x876 Output/ble_app_beacon_pca10040_s132 Release/Obj/app_error.o
 .debug_info    0x00000000000015bc      0xa47 Output/ble_app_beacon_pca10040_s132 Release/Obj/app_error_weak.o
 .debug_info    0x0000000000002003     0x22c4 Output/ble_app_beacon_pca10040_s132 Release/Obj/app_timer.o
 .debug_info    0x00000000000042c7      0xfe3 Output/ble_app_beacon_pca10040_s132 Release/Obj/app_util_platform.o
 .debug_info    0x00000000000052aa     0x18b0 Output/ble_app_beacon_pca10040_s132 Release/Obj/nrf_pwr_mgmt.o
 .debug_info    0x0000000000006b5a      0x754 Output/ble_app_beacon_pca10040_s132 Release/Obj/nrf_section_iter.o
 .debug_info    0x00000000000072ae       0x26 Output/ble_app_beacon_pca10040_s132 Release/Obj/ses_nRF_Startup.o
 .debug_info    0x00000000000072d4       0x26 Output/ble_app_beacon_pca10040_s132 Release/Obj/ses_nrf52_Vectors.o
 .debug_info    0x00000000000072fa     0x11e3 Output/ble_app_beacon_pca10040_s132 Release/Obj/system_nrf52.o
 .debug_info    0x00000000000084dd     0x124e Output/ble_app_beacon_pca10040_s132 Release/Obj/boards.o
 .debug_info    0x000000000000972b     0x1a6d Output/ble_app_beacon_pca10040_s132 Release/Obj/nrf_drv_clock.o
 .debug_info    0x000000000000b198     0x1a25 Output/ble_app_beacon_pca10040_s132 Release/Obj/nrfx_clock.o
 .debug_info    0x000000000000cbbd     0x38db Output/ble_app_beacon_pca10040_s132 Release/Obj/nrfx_gpiote.o
 .debug_info    0x0000000000010498      0xdb0 Output/ble_app_beacon_pca10040_s132 Release/Obj/nrfx_prs.o
 .debug_info    0x0000000000011248     0x1791 Output/ble_app_beacon_pca10040_s132 Release/Obj/bsp.o
 .debug_info    0x00000000000129d9     0x2900 Output/ble_app_beacon_pca10040_s132 Release/Obj/main.o
 .debug_info    0x00000000000152d9     0x209d Output/ble_app_beacon_pca10040_s132 Release/Obj/ble_advdata.o
 .debug_info    0x0000000000017376     0x18ff Output/ble_app_beacon_pca10040_s132 Release/Obj/nrf_sdh.o
 .debug_info    0x0000000000018c75     0x2b47 Output/ble_app_beacon_pca10040_s132 Release/Obj/nrf_sdh_ble.o
 .debug_info    0x000000000001b7bc      0xb20 Output/ble_app_beacon_pca10040_s132 Release/Obj/nrf_sdh_soc.o

.debug_abbrev   0x0000000000000000     0x4709
 .debug_abbrev  0x0000000000000000       0x12 Output/ble_app_beacon_pca10040_s132 Release/Obj/thumb_crt0.o
 .debug_abbrev  0x0000000000000012      0x28c Output/ble_app_beacon_pca10040_s132 Release/Obj/app_button.o
 .debug_abbrev  0x000000000000029e      0x1d8 Output/ble_app_beacon_pca10040_s132 Release/Obj/app_error.o
 .debug_abbrev  0x0000000000000476      0x205 Output/ble_app_beacon_pca10040_s132 Release/Obj/app_error_weak.o
 .debug_abbrev  0x000000000000067b      0x573 Output/ble_app_beacon_pca10040_s132 Release/Obj/app_timer.o
 .debug_abbrev  0x0000000000000bee      0x36f Output/ble_app_beacon_pca10040_s132 Release/Obj/app_util_platform.o
 .debug_abbrev  0x0000000000000f5d      0x487 Output/ble_app_beacon_pca10040_s132 Release/Obj/nrf_pwr_mgmt.o
 .debug_abbrev  0x00000000000013e4      0x15e Output/ble_app_beacon_pca10040_s132 Release/Obj/nrf_section_iter.o
 .debug_abbrev  0x0000000000001542       0x14 Output/ble_app_beacon_pca10040_s132 Release/Obj/ses_nRF_Startup.o
 .debug_abbrev  0x0000000000001556       0x14 Output/ble_app_beacon_pca10040_s132 Release/Obj/ses_nrf52_Vectors.o
 .debug_abbrev  0x000000000000156a      0x24b Output/ble_app_beacon_pca10040_s132 Release/Obj/system_nrf52.o
 .debug_abbrev  0x00000000000017b5      0x371 Output/ble_app_beacon_pca10040_s132 Release/Obj/boards.o
 .debug_abbrev  0x0000000000001b26      0x549 Output/ble_app_beacon_pca10040_s132 Release/Obj/nrf_drv_clock.o
 .debug_abbrev  0x000000000000206f      0x49f Output/ble_app_beacon_pca10040_s132 Release/Obj/nrfx_clock.o
 .debug_abbrev  0x000000000000250e      0x5c4 Output/ble_app_beacon_pca10040_s132 Release/Obj/nrfx_gpiote.o
 .debug_abbrev  0x0000000000002ad2      0x2d4 Output/ble_app_beacon_pca10040_s132 Release/Obj/nrfx_prs.o
 .debug_abbrev  0x0000000000002da6      0x449 Output/ble_app_beacon_pca10040_s132 Release/Obj/bsp.o
 .debug_abbrev  0x00000000000031ef      0x526 Output/ble_app_beacon_pca10040_s132 Release/Obj/main.o
 .debug_abbrev  0x0000000000003715      0x461 Output/ble_app_beacon_pca10040_s132 Release/Obj/ble_advdata.o
 .debug_abbrev  0x0000000000003b76      0x53c Output/ble_app_beacon_pca10040_s132 Release/Obj/nrf_sdh.o
 .debug_abbrev  0x00000000000040b2      0x414 Output/ble_app_beacon_pca10040_s132 Release/Obj/nrf_sdh_ble.o
 .debug_abbrev  0x00000000000044c6      0x243 Output/ble_app_beacon_pca10040_s132 Release/Obj/nrf_sdh_soc.o

.debug_aranges  0x0000000000000000      0x848
 .debug_aranges
                0x0000000000000000       0x80 Output/ble_app_beacon_pca10040_s132 Release/Obj/thumb_crt0.o
 .debug_aranges
                0x0000000000000080       0x48 Output/ble_app_beacon_pca10040_s132 Release/Obj/app_button.o
 .debug_aranges
                0x00000000000000c8       0x28 Output/ble_app_beacon_pca10040_s132 Release/Obj/app_error.o
 .debug_aranges
                0x00000000000000f0       0x20 Output/ble_app_beacon_pca10040_s132 Release/Obj/app_error_weak.o
 .debug_aranges
                0x0000000000000110       0x90 Output/ble_app_beacon_pca10040_s132 Release/Obj/app_timer.o
 .debug_aranges
                0x00000000000001a0       0x48 Output/ble_app_beacon_pca10040_s132 Release/Obj/app_util_platform.o
 .debug_aranges
                0x00000000000001e8       0x48 Output/ble_app_beacon_pca10040_s132 Release/Obj/nrf_pwr_mgmt.o
 .debug_aranges
                0x0000000000000230       0x28 Output/ble_app_beacon_pca10040_s132 Release/Obj/nrf_section_iter.o
 .debug_aranges
                0x0000000000000258       0x20 Output/ble_app_beacon_pca10040_s132 Release/Obj/ses_nRF_Startup.o
 .debug_aranges
                0x0000000000000278       0x20 Output/ble_app_beacon_pca10040_s132 Release/Obj/ses_nrf52_Vectors.o
 .debug_aranges
                0x0000000000000298       0x38 Output/ble_app_beacon_pca10040_s132 Release/Obj/system_nrf52.o
 .debug_aranges
                0x00000000000002d0       0x78 Output/ble_app_beacon_pca10040_s132 Release/Obj/boards.o
 .debug_aranges
                0x0000000000000348       0xb0 Output/ble_app_beacon_pca10040_s132 Release/Obj/nrf_drv_clock.o
 .debug_aranges
                0x00000000000003f8       0x80 Output/ble_app_beacon_pca10040_s132 Release/Obj/nrfx_clock.o
 .debug_aranges
                0x0000000000000478       0xf8 Output/ble_app_beacon_pca10040_s132 Release/Obj/nrfx_gpiote.o
 .debug_aranges
                0x0000000000000570       0x30 Output/ble_app_beacon_pca10040_s132 Release/Obj/nrfx_prs.o
 .debug_aranges
                0x00000000000005a0       0x88 Output/ble_app_beacon_pca10040_s132 Release/Obj/bsp.o
 .debug_aranges
                0x0000000000000628       0x98 Output/ble_app_beacon_pca10040_s132 Release/Obj/main.o
 .debug_aranges
                0x00000000000006c0       0x80 Output/ble_app_beacon_pca10040_s132 Release/Obj/ble_advdata.o
 .debug_aranges