Component: ARM Compiler 5.06 update 6 (build 750) Tool: armlink [4d35ed]

==============================================================================

Section Cross References

    main.o(i.advertising_init) refers to main.o(i.data_ary_append) for data_ary_append
    main.o(i.advertising_init) refers to memseta.o(.text) for __aeabi_memclr4
    main.o(i.advertising_init) refers to ble_advdata.o(i.ble_advdata_encode) for ble_advdata_encode
    main.o(i.advertising_init) refers to app_error.o(i.app_error_handler_bare) for app_error_handler_bare
    main.o(i.advertising_init) refers to main.o(.bss) for .bss
    main.o(i.advertising_init) refers to main.o(.data) for .data
    main.o(i.advertising_start) refers to app_error.o(i.app_error_handler_bare) for app_error_handler_bare
    main.o(i.advertising_start) refers to bsp.o(i.bsp_indication_set) for bsp_indication_set
    main.o(i.advertising_start) refers to main.o(.data) for .data
    main.o(i.assert_nrf_callback) refers to app_error_handler_keil.o(.emb_text) for app_error_handler
    main.o(i.ble_mac_addr_modify) refers to app_error.o(i.app_error_handler_bare) for app_error_handler_bare
    main.o(i.ble_tag_test) refers to rand.o(.text) for rand
    main.o(i.ble_tag_test) refers to main.o(i.bps_dia_update) for bps_dia_update
    main.o(i.ble_tag_test) refers to main.o(i.bps_sys_update) for bps_sys_update
    main.o(i.ble_tag_test) refers to main.o(i.pulse_update) for pulse_update
    main.o(i.ble_tag_test) refers to main.o(i.body_temp_update) for body_temp_update
    main.o(i.body_temp_update) refers to main.o(.data) for .data
    main.o(i.bps_dia_update) refers to main.o(.data) for .data
    main.o(i.bps_sys_update) refers to main.o(.data) for .data
    main.o(i.bsp_event_handler) refers to main.o(i.btn_state_update) for btn_state_update
    main.o(i.bsp_event_handler) refers to main.o(i.advertising_init) for advertising_init
    main.o(i.bsp_event_handler) refers to main.o(i.advertising_start) for advertising_start
    main.o(i.bsp_event_handler) refers to app_timer.o(i.app_timer_start) for app_timer_start
    main.o(i.bsp_event_handler) refers to app_error.o(i.app_error_handler_bare) for app_error_handler_bare
    main.o(i.bsp_event_handler) refers to main.o(.constdata) for .constdata
    main.o(i.btn_state_handler) refers to main.o(i.btn_state_update) for btn_state_update
    main.o(i.btn_state_update) refers to main.o(.data) for .data
    main.o(i.data_ary_append) refers to malloc.o(i.malloc) for malloc
    main.o(i.data_ary_append) refers to memcpya.o(.text) for __aeabi_memcpy
    main.o(i.data_ary_append) refers to malloc.o(i.free) for free
    main.o(i.data_ary_append) refers to main.o(.data) for .data
    main.o(i.data_ary_append) refers to main.o(.bss) for .bss
    main.o(i.generateRandomNumber) refers to rand.o(.text) for rand
    main.o(i.generateRandomNumber) refers to main.o(.data) for .data
    main.o(i.main) refers to nrf_log_frontend.o(i.nrf_log_init) for nrf_log_init
    main.o(i.main) refers to app_error.o(i.app_error_handler_bare) for app_error_handler_bare
    main.o(i.main) refers to nrf_log_default_backends.o(i.nrf_log_default_backends_init) for nrf_log_default_backends_init
    main.o(i.main) refers to app_timer.o(i.app_timer_init) for app_timer_init
    main.o(i.main) refers to app_timer.o(i.app_timer_create) for app_timer_create
    main.o(i.main) refers to bsp.o(i.bsp_init) for bsp_init
    main.o(i.main) refers to nrf_pwr_mgmt.o(i.nrf_pwr_mgmt_init) for nrf_pwr_mgmt_init
    main.o(i.main) refers to nrf_sdh.o(i.nrf_sdh_enable_request) for nrf_sdh_enable_request
    main.o(i.main) refers to nrf_sdh_ble.o(i.nrf_sdh_ble_default_cfg_set) for nrf_sdh_ble_default_cfg_set
    main.o(i.main) refers to nrf_sdh_ble.o(i.nrf_sdh_ble_enable) for nrf_sdh_ble_enable
    main.o(i.main) refers to nrf_log_frontend.o(i.nrf_log_frontend_std_6) for nrf_log_frontend_std_6
    main.o(i.main) refers to main.o(i.ble_tag_test) for ble_tag_test
    main.o(i.main) refers to main.o(i.advertising_init) for advertising_init
    main.o(i.main) refers to nrf_log_frontend.o(i.nrf_log_frontend_std_0) for nrf_log_frontend_std_0
    main.o(i.main) refers to app_timer.o(i.app_timer_start) for app_timer_start
    main.o(i.main) refers to main.o(i.advertising_start) for advertising_start
    main.o(i.main) refers to nrf_log_frontend.o(i.nrf_log_frontend_dequeue) for nrf_log_frontend_dequeue
    main.o(i.main) refers to nrf_pwr_mgmt.o(i.nrf_pwr_mgmt_run) for nrf_pwr_mgmt_run
    main.o(i.main) refers to main.o(i.restarter_timer_handler) for restarter_timer_handler
    main.o(i.main) refers to main.o(.constdata) for .constdata
    main.o(i.main) refers to main.o(i.btn_state_handler) for btn_state_handler
    main.o(i.main) refers to main.o(i.bsp_event_handler) for bsp_event_handler
    main.o(i.main) refers to nrf_log_frontend.o(log_dynamic_data) for m_nrf_log_app_logs_data_dynamic
    main.o(i.pulse_update) refers to main.o(.data) for .data
[...]
    log_const_data                           0x0002b264   Section        8  nrfx_uarte.o(log_const_data)
    __tagsym$$used                           0x0002b264   Number         0  nrfx_uarte.o(log_const_data)
    log_const_data                           0x0002b26c   Section        8  nrf_pwr_mgmt.o(log_const_data)
    __tagsym$$used                           0x0002b26c   Number         0  nrf_pwr_mgmt.o(log_const_data)
    log_const_data                           0x0002b274   Section       16  nrf_log_frontend.o(log_const_data)
    __tagsym$$used                           0x0002b274   Number         0  nrf_log_frontend.o(log_const_data)
    __tagsym$$used                           0x0002b27c   Number         0  nrf_log_frontend.o(log_const_data)
    log_const_data                           0x0002b284   Section        8  nrf_sdh.o(log_const_data)
    __tagsym$$used                           0x0002b284   Number         0  nrf_sdh.o(log_const_data)
    log_const_data                           0x0002b28c   Section        8  nrf_sdh_ble.o(log_const_data)
    __tagsym$$used                           0x0002b28c   Number         0  nrf_sdh_ble.o(log_const_data)
    log_const_data                           0x0002b294   Section        8  nrf_sdh_soc.o(log_const_data)
    __tagsym$$used                           0x0002b294   Number         0  nrf_sdh_soc.o(log_const_data)
    nrf_balloc                               0x0002b29c   Section       24  nrf_log_frontend.o(nrf_balloc)
    __tagsym$$used                           0x0002b29c   Number         0  nrf_log_frontend.o(nrf_balloc)
    sdh_soc_observers0                       0x0002b2b4   Section        8  nrf_drv_clock.o(sdh_soc_observers0)
    __tagsym$$used                           0x0002b2b4   Number         0  nrf_drv_clock.o(sdh_soc_observers0)
    m_soc_evt_observer                       0x0002b2b4   Data           8  nrf_drv_clock.o(sdh_soc_observers0)
    sdh_stack_observers0                     0x0002b2bc   Section        8  nrf_sdh_ble.o(sdh_stack_observers0)
    __tagsym$$used                           0x0002b2bc   Number         0  nrf_sdh_ble.o(sdh_stack_observers0)
    m_nrf_sdh_ble_evts_poll                  0x0002b2bc   Data           8  nrf_sdh_ble.o(sdh_stack_observers0)
    sdh_stack_observers0                     0x0002b2c4   Section        8  nrf_sdh_soc.o(sdh_stack_observers0)
    __tagsym$$used                           0x0002b2c4   Number         0  nrf_sdh_soc.o(sdh_stack_observers0)
    m_nrf_sdh_soc_evts_poll                  0x0002b2c4   Data           8  nrf_sdh_soc.o(sdh_stack_observers0)
    sdh_state_observers0                     0x0002b2cc   Section        8  nrf_drv_clock.o(sdh_state_observers0)
    __tagsym$$used                           0x0002b2cc   Number         0  nrf_drv_clock.o(sdh_state_observers0)
    m_sd_state_observer                      0x0002b2cc   Data           8  nrf_drv_clock.o(sdh_state_observers0)
    .data                                    0x200018a8   Section       36  main.o(.data)
    m_adv_handle                             0x200018a8   Data           1  main.o(.data)
    m_adv_data                               0x200018bc   Data          16  main.o(.data)
    .data                                    0x200018cc   Section       16  bsp.o(.data)
    m_stable_state                           0x200018cc   Data           1  bsp.o(.data)
    m_leds_clear                             0x200018cd   Data           1  bsp.o(.data)
    m_alert_on                               0x200018ce   Data           1  bsp.o(.data)
    current_long_push_pin_no                 0x200018cf   Data           1  bsp.o(.data)
    m_indication_type                        0x200018d0   Data           4  bsp.o(.data)
    m_registered_callback                    0x200018d4   Data           4  bsp.o(.data)
    release_event_at_push                    0x200018d8   Data           4  bsp.o(.data)
    .data                                    0x200018dc   Section       12  nrf_drv_uart.o(.data)
    m_handlers                               0x200018e0   Data           4  nrf_drv_uart.o(.data)
    m_contexts                               0x200018e4   Data           4  nrf_drv_uart.o(.data)
    .data                                    0x200018e8   Section        8  nrfx_clock.o(.data)
    m_clock_cb                               0x200018e8   Data           8  nrfx_clock.o(.data)
    .data                                    0x200018f0   Section        8  nrfx_prs.o(.data)
    m_prs_box_4                              0x200018f0   Data           8  nrfx_prs.o(.data)
    .data                                    0x200018f8   Section       32  app_button.o(.data)
    m_button_count                           0x200018f8   Data           1  app_button.o(.data)
    mp_buttons                               0x200018fc   Data           4  app_button.o(.data)
    m_detection_delay                        0x20001900   Data           4  app_button.o(.data)
    m_pin_state                              0x20001908   Data           8  app_button.o(.data)
    m_pin_transition                         0x20001910   Data           8  app_button.o(.data)
    .data                                    0x20001918   Section       20  app_timer.o(.data)
    m_ticks_elapsed_q_read_ind               0x20001918   Data           1  app_timer.o(.data)
    m_ticks_elapsed_q_write_ind              0x20001919   Data           1  app_timer.o(.data)
    m_rtc1_running                           0x2000191a   Data           1  app_timer.o(.data)
    m_rtc1_reset                             0x2000191b   Data           1  app_timer.o(.data)
    mp_timer_id_head                         0x2000191c   Data           4  app_timer.o(.data)
    m_ticks_latest                           0x20001920   Data           4  app_timer.o(.data)
    m_ticks_elapsed                          0x20001924   Data           8  app_timer.o(.data)
    .data                                    0x2000192c   Section        8  nrf_pwr_mgmt.o(.data)
    m_pwr_mgmt_evt                           0x2000192c   Data           1  nrf_pwr_mgmt.o(.data)
    m_shutdown_started                       0x2000192d   Data           1  nrf_pwr_mgmt.o(.data)
    m_sysoff_mtx                             0x20001930   Data           4  nrf_pwr_mgmt.o(.data)
    .data                                    0x20001934   Section        1  nrf_log_backend_rtt.o(.data)
    m_host_present                           0x20001934   Data           1  nrf_log_backend_rtt.o(.data)
    .data                                    0x20001938   Section       24  nrf_log_backend_uart.o(.data)
    m_xfer_done                              0x20001938   Data           1  nrf_log_backend_uart.o(.data)
    m_async_mode                             0x20001939   Data           1  nrf_log_backend_uart.o(.data)
    .data                                    0x20001950   Section       24  nrf_log_default_backends.o(.data)
    rtt_log_backend                          0x20001950   Data          12  nrf_log_default_backends.o(.data)
    uart_log_backend                         0x2000195c   Data          12  nrf_log_default_backends.o(.data)
    .data                                    0x20001968   Section        8  nrf_log_frontend.o(.data)
    log_mempool_nrf_balloc_pool_stack        0x20001968   Data           8  nrf_log_frontend.o(.data)
    .data                                    0x20001970   Section        8  nrf_log_frontend.o(.data)
    log_mempool_nrf_balloc_cb                0x20001970   Data           8  nrf_log_frontend.o(.data)
    .data                                    0x20001978   Section       64  nrf_log_str_formatter.o(.data)
    m_freq                                   0x20001978   Data           4  nrf_log_str_formatter.o(.data)
    m_timestamp_div                          0x2000197c   Data           4  nrf_log_str_formatter.o(.data)
    severity_names                           0x20001980   Data          20  nrf_log_str_formatter.o(.data)
    m_colors                                 0x20001994   Data          36  nrf_log_str_formatter.o(.data)
    .data                                    0x200019b8   Section        3  nrf_sdh.o(.data)
    m_nrf_sdh_enabled                        0x200019b8   Data           1  nrf_sdh.o(.data)
    m_nrf_sdh_suspended                      0x200019b9   Data           1  nrf_sdh.o(.data)
    m_nrf_sdh_continue                       0x200019ba   Data           1  nrf_sdh.o(.data)
    .data                                    0x200019bb   Section        1  nrf_sdh_ble.o(.data)
    m_stack_is_enabled                       0x200019bb   Data           1  nrf_sdh_ble.o(.data)
    .data                                    0x200019bc   Section        4  system_nrf52.o(.data)
    __tagsym$$used                           0x200019bc   Number         0  system_nrf52.o(.data)
    .data                                    0x200019c0   Section        4  rand.o(.data)
    _rand_state                              0x200019c0   Data           4  rand.o(.data)
    .data                                    0x200019c4   Section        4  mvars.o(.data)
    .data                                    0x200019c8   Section        4  mvars.o(.data)
    log_dynamic_data                         0x200019cc   Section        4  nrf_drv_clock.o(log_dynamic_data)
    __tagsym$$used                           0x200019cc   Number         0  nrf_drv_clock.o(log_dynamic_data)
    log_dynamic_data                         0x200019d0   Section        4  nrfx_clock.o(log_dynamic_data)
    __tagsym$$used                           0x200019d0   Number         0  nrfx_clock.o(log_dynamic_data)
    log_dynamic_data                         0x200019d4   Section        4  nrfx_gpiote.o(log_dynamic_data)
    __tagsym$$used                           0x200019d4   Number         0  nrfx_gpiote.o(log_dynamic_data)
    log_dynamic_data                         0x200019d8   Section        4  nrfx_prs.o(log_dynamic_data)
    __tagsym$$used                           0x200019d8   Number         0  nrfx_prs.o(log_dynamic_data)
    log_dynamic_data                         0x200019dc   Section        4  nrfx_uart.o(log_dynamic_data)
    __tagsym$$used                           0x200019dc   Number         0  nrfx_uart.o(log_dynamic_data)
    log_dynamic_data                         0x200019e0   Section        4  nrfx_uarte.o(log_dynamic_data)
    __tagsym$$used                           0x200019e0   Number         0  nrfx_uarte.o(log_dynamic_data)
    log_dynamic_data                         0x200019e4   Section        4  nrf_pwr_mgmt.o(log_dynamic_data)
    __tagsym$$used                           0x200019e4   Number         0  nrf_pwr_mgmt.o(log_dynamic_data)
    log_dynamic_data                         0x200019e8   Section        8  nrf_log_frontend.o(log_dynamic_data)
    __tagsym$$used                           0x200019e8   Number         0  nrf_log_frontend.o(log_dynamic_data)
    __tagsym$$used                           0x200019ec   Number         0  nrf_log_frontend.o(log_dynamic_data)
    log_dynamic_data                         0x200019f0   Section        4  nrf_sdh.o(log_dynamic_data)
    __tagsym$$used                           0x200019f0   Number         0  nrf_sdh.o(log_dynamic_data)
    log_dynamic_data                         0x200019f4   Section        4  nrf_sdh_ble.o(log_dynamic_data)
    __tagsym$$used                           0x200019f4   Number         0  nrf_sdh_ble.o(log_dynamic_data)
    log_dynamic_data                         0x200019f8   Section        4  nrf_sdh_soc.o(log_dynamic_data)
    __tagsym$$used                           0x200019f8   Number         0  nrf_sdh_soc.o(log_dynamic_data)
    .bss                                     0x200019fc   Section       32  main.o(.bss)
    restarter_timer_data                     0x200019fc   Data          32  main.o(.bss)
    .bss                                     0x20001a1c   Section       32  main.o(.bss)
    btn_state_timer_data                     0x20001a1c   Data          32  main.o(.bss)
    .bss                                     0x20001a3c   Section       37  main.o(.bss)
    m_adv_params                             0x20001a3c   Data          24  main.o(.bss)
    .bss                                     0x20001a61   Section       31  main.o(.bss)
    m_enc_advdata                            0x20001a61   Data          31  main.o(.bss)
    .bss                                     0x20001a80   Section       32  bsp.o(.bss)
    m_bsp_leds_tmr_data                      0x20001a80   Data          32  bsp.o(.bss)
    .bss                                     0x20001aa0   Section       32  bsp.o(.bss)
    m_bsp_alert_tmr_data                     0x20001aa0   Data          32  bsp.o(.bss)
    .bss                                     0x20001ac0   Section       12  bsp.o(.bss)
    m_events_list                            0x20001ac0   Data          12  bsp.o(.bss)
    .bss                                     0x20001acc   Section       32  bsp.o(.bss)
    m_bsp_button_tmr_data                    0x20001acc   Data          32  bsp.o(.bss)
    .bss                                     0x20001aec   Section       20  nrf_drv_clock.o(.bss)
    m_clock_cb                               0x20001aec   Data          20  nrf_drv_clock.o(.bss)
    .bss                                     0x20001b00   Section       92  nrfx_gpiote.o(.bss)
    m_cb                                     0x20001b00   Data          92  nrfx_gpiote.o(.bss)
    .bss                                     0x20001b5c   Section       44  nrfx_uart.o(.bss)
    m_cb                                     0x20001b5c   Data          44  nrfx_uart.o(.bss)
    .bss                                     0x20001b88   Section       36  nrfx_uarte.o(.bss)
    m_cb                                     0x20001b88   Data          36  nrfx_uarte.o(.bss)
    .bss                                     0x20001bac   Section       32  app_button.o(.bss)
    m_detection_delay_timer_id_data          0x20001bac   Data          32  app_button.o(.bss)
    .bss                                     0x20001bcc   Section      268  app_timer.o(.bss)
    m_op_queue                               0x20001bcc   Data         268  app_timer.o(.bss)
    .bss                                     0x20001cd8   Section       12  app_util_platform.o(.bss)
    .bss                                     0x20001ce4   Section       12  nrf_pwr_mgmt.o(.bss)
    m_handlers_iter                          0x20001ce4   Data          12  nrf_pwr_mgmt.o(.bss)
    .bss                                     0x20001cf0   Section       64  nrf_log_backend_rtt.o(.bss)
    m_string_buff                            0x20001cf0   Data          64  nrf_log_backend_rtt.o(.bss)
    .bss                                     0x20001d30   Section       64  nrf_log_backend_uart.o(.bss)
    m_string_buff                            0x20001d30   Data          64  nrf_log_backend_uart.o(.bss)
    .bss                                     0x20001d70   Section      192  nrf_log_frontend.o(.bss)
    log_mempool_nrf_balloc_pool_mem          0x20001d70   Data         192  nrf_log_frontend.o(.bss)
    .bss                                     0x20001e30   Section     1060  nrf_log_frontend.o(.bss)
    m_log_data                               0x20001e30   Data        1060  nrf_log_frontend.o(.bss)
    .bss                                     0x20002254   Section      648  segger_rtt.o(.bss)
    _acUpBuffer                              0x200022cc   Data         512  segger_rtt.o(.bss)
    _acDownBuffer                            0x200024cc   Data          16  segger_rtt.o(.bss)
    HEAP                                     0x200024e0   Section     8192  arm_startup_nrf52.o(HEAP)
    STACK                                    0x200044e0   Section     8192  arm_startup_nrf52.o(STACK)

    Global Symbols

    Symbol Name                              Value     Ov Type        Size  Object(Section)

    BuildAttributes$$THM_ISAv4$E$P$D$K$B$S$7EM$VFPi3$EXTD16$VFPS$VFMA$PE$A:L22UL41UL21$X:L11$S22US41US21$IEEE1$IW$USESV6$~STKCKD$USESV7$~SHL$OSPACE$EBA8$MICROLIB$REQ8$EABIv2 0x00000000   Number         0  anon$$obj.o ABSOLUTE
    __ARM_use_no_argv                        0x00000000   Number         0  main.o ABSOLUTE
    __use_no_errno                           0x00000000   Number         0  useno.o ABSOLUTE
    __use_no_exception_handling              0x00000000   Number         0  useno.o ABSOLUTE
    __use_no_fp                              0x00000000   Number         0  useno.o ABSOLUTE
    __use_no_heap                            0x00000000   Number         0  useno.o ABSOLUTE
    __use_no_heap_region                     0x00000000   Number         0  useno.o ABSOLUTE
    __use_no_semihosting                     0x00000000   Number         0  useno.o ABSOLUTE
    __use_no_semihosting_swi                 0x00000000   Number         0  useno.o ABSOLUTE
    __use_no_signal_handling                 0x00000000   Number         0  useno.o ABSOLUTE
    __cpp_initialize__aeabi_                  - Undefined Weak Reference
    __cxa_finalize                            - Undefined Weak Reference
    _clock_init                               - Undefined Weak Reference
    _microlib_exit                            - Undefined Weak Reference
    pwr_mgmt_data0$$Base                      - Undefined Reference
    pwr_mgmt_data0$$Limit                     - Undefined Reference
    pwr_mgmt_data1$$Base                      - Undefined Reference
    pwr_mgmt_data1$$Limit                     - Undefined Reference
    pwr_mgmt_data2$$Base                      - Undefined Reference
    pwr_mgmt_data2$$Limit                     - Undefined Reference
    sdh_ble_observers0$$Base                  - Undefined Reference
    sdh_ble_observers0$$Limit                 - Undefined Reference
    sdh_ble_observers1$$Base                  - Undefined Reference
    sdh_ble_observers1$$Limit                 - Undefined Reference
    sdh_ble_observers2$$Base                  - Undefined Reference
    sdh_ble_observers2$$Limit                 - Undefined Reference
    sdh_ble_observers3$$Base                  - Undefined Reference
    sdh_ble_observers3$$Limit                 - Undefined Reference
    sdh_req_observers0$$Base                  - Undefined Reference
    sdh_req_observers0$$Limit                 - Undefined Reference
    sdh_req_observers1$$Base                  - Undefined Reference
    sdh_req_observers1$$Limit                 - Undefined Reference
    sdh_soc_observers1$$Base                  - Undefined Reference
    sdh_soc_observers1$$Limit                 - Undefined Reference
    sdh_stack_observers1$$Base                - Undefined Reference
    sdh_stack_observers1$$Limit               - Undefined Reference
    sdh_state_observers1$$Base                - Undefined Reference
    sdh_state_observers1$$Limit               - Undefined Reference
    __Vectors_Size                           0x00000200   Number         0  arm_startup_nrf52.o ABSOLUTE
    __Vectors                                0x00026000   Data           4  arm_startup_nrf52.o(RESET)
    __Vectors_End                            0x00026200   Data           0  arm_startup_nrf52.o(RESET)
    __main                                   0x00026201   Thumb Code     0  entry.o(.ARM.Collect$$$$00000000)
    _main_stk                                0x00026201   Thumb Code     0  entry2.o(.ARM.Collect$$$$00000001)
    _main_scatterload                        0x00026205   Thumb Code     0  entry5.o(.ARM.Collect$$$$00000004)
    __main_after_scatterload                 0x00026209   Thumb Code     0  entry5.o(.ARM.Collect$$$$00000004)
    _main_clock                              0x00026209   Thumb Code     0  entry7b.o(.ARM.Collect$$$$00000008)
    _main_cpp_init                           0x00026209   Thumb Code     0  entry8b.o(.ARM.Collect$$$$0000000A)
    _main_init                               0x00026209   Thumb Code     0  entry9a.o(.ARM.Collect$$$$0000000B)
    __rt_final_cpp                           0x00026211   Thumb Code     0  entry10a.o(.ARM.Collect$$$$0000000D)
    __rt_final_exit                          0x00026211   Thumb Code     0  entry11a.o(.ARM.Collect$$$$0000000F)
    __asm___12_nrf_atomic_c_85ca2469__nrf_atomic_internal_mov 0x00026215   Thumb Code    24  nrf_atomic.o(.emb_text)
    __asm___12_nrf_atomic_c_85ca2469__nrf_atomic_internal_orr 0x0002622d   Thumb Code    26  nrf_atomic.o(.emb_text)
    __asm___12_nrf_atomic_c_85ca2469__nrf_atomic_internal_and 0x00026247   Thumb Code    26  nrf_atomic.o(.emb_text)
    __asm___12_nrf_atomic_c_85ca2469__nrf_atomic_internal_eor 0x00026261   Thumb Code    26  nrf_atomic.o(.emb_text)
    __asm___12_nrf_atomic_c_85ca2469__nrf_atomic_internal_add 0x0002627b   Thumb Code    26  nrf_atomic.o(.emb_text)
    __asm___12_nrf_atomic_c_85ca2469__nrf_atomic_internal_sub 0x00026295   Thumb Code    26  nrf_atomic.o(.emb_text)
    __asm___12_nrf_atomic_c_85ca2469__nrf_atomic_internal_cmp_exch 0x000262af   Thumb Code    42  nrf_atomic.o(.emb_text)
    __asm___12_nrf_atomic_c_85ca2469__nrf_atomic_internal_sub_hs 0x000262d9   Thumb Code    30  nrf_atomic.o(.emb_text)
    Reset_Handler                            0x000262f9   Thumb Code     8  arm_startup_nrf52.o(.text)
    NMI_Handler                              0x00026301   Thumb Code     2  arm_startup_nrf52.o(.text)
    HardFault_Handler                        0x00026303   Thumb Code     2  arm_startup_nrf52.o(.text)
    MemoryManagement_Handler                 0x00026305   Thumb Code     2  arm_startup_nrf52.o(.text)
    BusFault_Handler                         0x00026307   Thumb Code     2  arm_startup_nrf52.o(.text)
    UsageFault_Handler                       0x00026309   Thumb Code     2  arm_startup_nrf52.o(.text)
    SVC_Handler                              0x0002630b   Thumb Code     2  arm_startup_nrf52.o(.text)
    DebugMon_Handler                         0x0002630d   Thumb Code     2  arm_startup_nrf52.o(.text)
    PendSV_Handler                           0x0002630f   Thumb Code     2  arm_startup_nrf52.o(.text)
    SysTick_Handler                          0x00026311   Thumb Code     2  arm_startup_nrf52.o(.text)
    CCM_AAR_IRQHandler                       0x00026313   Thumb Code     0  arm_startup_nrf52.o(.text)
    COMP_LPCOMP_IRQHandler                   0x00026313   Thumb Code     0  arm_startup_nrf52.o(.text)
    ECB_IRQHandler                           0x00026313   Thumb Code     0  arm_startup_nrf52.o(.text)
    FPU_IRQHandler                           0x00026313   Thumb Code     0  arm_startup_nrf52.o(.text)
    I2S_IRQHandler                           0x00026313   Thumb Code     0  arm_startup_nrf52.o(.text)
    MWU_IRQHandler                           0x00026313   Thumb Code     0  arm_startup_nrf52.o(.text)
    NFCT_IRQHandler                          0x00026313   Thumb Code     0  arm_startup_nrf52.o(.text)
    PDM_IRQHandler                           0x00026313   Thumb Code     0  arm_startup_nrf52.o(.text)
    PWM0_IRQHandler                          0x00026313   Thumb Code     0  arm_startup_nrf52.o(.text)
    PWM1_IRQHandler                          0x00026313   Thumb Code     0  arm_startup_nrf52.o(.text)
    PWM2_IRQHandler                          0x00026313   Thumb Code     0  arm_startup_nrf52.o(.text)
    QDEC_IRQHandler                          0x00026313   Thumb Code     0  arm_startup_nrf52.o(.text)
    RADIO_IRQHandler                         0x00026313   Thumb Code     0  arm_startup_nrf52.o(.text)
    RNG_IRQHandler                           0x00026313   Thumb Code     0  arm_startup_nrf52.o(.text)
    RTC0_IRQHandler                          0x00026313   Thumb Code     0  arm_startup_nrf52.o(.text)
    RTC2_IRQHandler                          0x00026313   Thumb Code     0  arm_startup_nrf52.o(.text)
    SAADC_IRQHandler                         0x00026313   Thumb Code     0  arm_startup_nrf52.o(.text)
    SPIM0_SPIS0_TWIM0_TWIS0_SPI0_TWI0_IRQHandler 0x00026313   Thumb Code     0  arm_startup_nrf52.o(.text)
    SPIM1_SPIS1_TWIM1_TWIS1_SPI1_TWI1_IRQHandler 0x00026313   Thumb Code     0  arm_startup_nrf52.o(.text)
    SPIM2_SPIS2_SPI2_IRQHandler              0x00026313   Thumb Code     0  arm_startup_nrf52.o(.text)
    SWI1_EGU1_IRQHandler                     0x00026313   Thumb Code     0  arm_startup_nrf52.o(.text)
    SWI3_EGU3_IRQHandler                     0x00026313   Thumb Code     0  arm_startup_nrf52.o(.text)
    SWI4_EGU4_IRQHandler                     0x00026313   Thumb Code     0  arm_startup_nrf52.o(.text)
    SWI5_EGU5_IRQHandler                     0x00026313   Thumb Code     0  arm_startup_nrf52.o(.text)
    TEMP_IRQHandler                          0x00026313   Thumb Code     0  arm_startup_nrf52.o(.text)
    TIMER0_IRQHandler                        0x00026313   Thumb Code     0  arm_startup_nrf52.o(.text)
    TIMER1_IRQHandler                        0x00026313   Thumb Code     0  arm_startup_nrf52.o(.text)
    TIMER2_IRQHandler                        0x00026313   Thumb Code     0  arm_startup_nrf52.o(.text)
    TIMER3_IRQHandler                        0x00026313   Thumb Code     0  arm_startup_nrf52.o(.text)
    TIMER4_IRQHandler                        0x00026313   Thumb Code     0  arm_startup_nrf52.o(.text)
    WDT_IRQHandler                           0x00026313   Thumb Code     0  arm_startup_nrf52.o(.text)
    __aeabi_uldivmod                         0x0002631d   Thumb Code    98  uldiv.o(.text)
    __aeabi_llsl                             0x0002637f   Thumb Code    30  llshl.o(.text)
    _ll_shift_l                              0x0002637f   Thumb Code     0  llshl.o(.text)
    __rt_ctype_table                         0x0002639d   Thumb Code     4  ctype_o.o(.text)
    rand                                     0x000263a5   Thumb Code    20  rand.o(.text)
    srand                                    0x000263b9   Thumb Code     6  rand.o(.text)
    __aeabi_memcpy                           0x000263c9   Thumb Code    36  memcpya.o(.text)
    __aeabi_memcpy4                          0x000263c9   Thumb Code     0  memcpya.o(.text)
    __aeabi_memcpy8                          0x000263c9   Thumb Code     0  memcpya.o(.text)
    __aeabi_memset                           0x000263ed   Thumb Code    14  memseta.o(.text)
    __aeabi_memset4                          0x000263ed   Thumb Code     0  memseta.o(.text)
    __aeabi_memset8                          0x000263ed   Thumb Code     0  memseta.o(.text)
    __aeabi_memclr                           0x000263fb   Thumb Code     4  memseta.o(.text)
    __aeabi_memclr4                          0x000263fb   Thumb Code     0  memseta.o(.text)
    __aeabi_memclr8                          0x000263fb   Thumb Code     0  memseta.o(.text)
    _memset$wrapper                          0x000263ff   Thumb Code    18  memseta.o(.text)
    strlen                                   0x00026411   Thumb Code    14  strlen.o(.text)
    strcpy                                   0x0002641f   Thumb Code    18  strcpy.o(.text)
    __aeabi_llsr                             0x00026431   Thumb Code    32  llushr.o(.text)
    _ll_ushift_r                             0x00026431   Thumb Code     0  llushr.o(.text)
    __scatterload                            0x00026451   Thumb Code    28  init.o(.text)
    __scatterload_rt2                        0x00026451   Thumb Code     0  init.o(.text)
    __decompress                             0x00026475   Thumb Code     0  __dczerorl2.o(.text)
    __decompress1                            0x00026475   Thumb Code    86  __dczerorl2.o(.text)
    GPIOTE_IRQHandler                        0x000264cd   Thumb Code   346  nrfx_gpiote.o(i.GPIOTE_IRQHandler)
    POWER_CLOCK_IRQHandler                   0x00026695   Thumb Code    82  nrfx_clock.o(i.POWER_CLOCK_IRQHandler)
    RTC1_IRQHandler                          0x000266ed   Thumb Code    32  app_timer.o(i.RTC1_IRQHandler)
    SEGGER_RTT_Init                          0x00026711   Thumb Code     4  segger_rtt.o(i.SEGGER_RTT_Init)
    SEGGER_RTT_WriteNoLock                   0x00026715   Thumb Code    86  segger_rtt.o(i.SEGGER_RTT_WriteNoLock)
    SWI0_EGU0_IRQHandler                     0x00026771   Thumb Code     4  app_timer.o(i.SWI0_EGU0_IRQHandler)
    SWI2_EGU2_IRQHandler                     0x00026775   Thumb Code     4  nrf_sdh.o(i.SWI2_EGU2_IRQHandler)
    SystemInit                               0x00026779   Thumb Code   726  system_nrf52.o(i.SystemInit)
    UARTE0_UART0_IRQHandler                  0x00026a95   Thumb Code     6  nrfx_prs.o(i.UARTE0_UART0_IRQHandler)
    __scatterload_copy                       0x00026bbb   Thumb Code    14  handlers.o(i.__scatterload_copy)
    __scatterload_null                       0x00026bc9   Thumb Code     2  handlers.o(i.__scatterload_null)
    __scatterload_zeroinit                   0x00026bcb   Thumb Code    14  handlers.o(i.__scatterload_zeroinit)
    app_button_enable                        0x00026cc5   Thumb Code    32  app_button.o(i.app_button_enable)
    app_button_init                          0x00026ce9   Thumb Code   102  app_button.o(i.app_button_init)
    app_error_fault_handler                  0x00026d61   Thumb Code    84  app_error_weak.o(i.app_error_fault_handler)
    app_error_handler_bare                   0x00026ddd   Thumb Code    22  app_error.o(i.app_error_handler_bare)
    app_timer_create                         0x00026df5   Thumb Code    36  app_timer.o(i.app_timer_create)
    app_timer_init                           0x00026e1d   Thumb Code    70  app_timer.o(i.app_timer_init)
    app_timer_start                          0x00026e71   Thumb Code   128  app_timer.o(i.app_timer_start)
    app_timer_stop                           0x00026ef9   Thumb Code    26  app_timer.o(i.app_timer_stop)
    app_util_critical_region_enter           0x00026f19   Thumb Code    64  app_util_platform.o(i.app_util_critical_region_enter)
    app_util_critical_region_exit            0x00026f61   Thumb Code    46  app_util_platform.o(i.app_util_critical_region_exit)
    ble_advdata_encode                       0x000270a5   Thumb Code   386  ble_advdata.o(i.ble_advdata_encode)
    ble_tag_test                             0x00027287   Thumb Code    82  main.o(i.ble_tag_test)
    body_temp_update                         0x000272d9   Thumb Code    50  main.o(i.body_temp_update)
    bps_dia_update                           0x00027311   Thumb Code    52  main.o(i.bps_dia_update)
    bps_sys_update                           0x00027349   Thumb Code    50  main.o(i.bps_sys_update)
    bsp_board_init                           0x00027381   Thumb Code    80  boards.o(i.bsp_board_init)
    bsp_board_led_invert                     0x000273d5   Thumb Code    32  boards.o(i.bsp_board_led_invert)
    bsp_board_led_off                        0x000273f9   Thumb Code    10  boards.o(i.bsp_board_led_off)
    bsp_board_led_on                         0x00027409   Thumb Code    10  boards.o(i.bsp_board_led_on)
    bsp_board_led_state_get                  0x00027419   Thumb Code    28  boards.o(i.bsp_board_led_state_get)
    bsp_board_leds_off                       0x00027439   Thumb Code    18  boards.o(i.bsp_board_leds_off)
    bsp_board_leds_on                        0x0002744b   Thumb Code    18  boards.o(i.bsp_board_leds_on)
    bsp_board_pin_to_button_idx              0x0002745d   Thumb Code    30  boards.o(i.bsp_board_pin_to_button_idx)
    bsp_event_to_button_action_assign        0x00027565   Thumb Code    64  bsp.o(i.bsp_event_to_button_action_assign)
    bsp_indication_set                       0x000275a9   Thumb Code    20  bsp.o(i.bsp_indication_set)
    bsp_init                                 0x000275c1   Thumb Code   128  bsp.o(i.bsp_init)
    btn_state_update                         0x00027835   Thumb Code     6  main.o(i.btn_state_update)
    buffer_is_empty                          0x000278f1   Thumb Code    16  nrf_log_frontend.o(i.buffer_is_empty)
    data_ary_append                          0x00027af9   Thumb Code   108  main.o(i.data_ary_append)
    free                                     0x00027c59   Thumb Code    76  malloc.o(i.free)
    main                                     0x00028079   Thumb Code   338  main.o(i.main)
    malloc                                   0x00028219   Thumb Code    92  malloc.o(i.malloc)
    nrf_atomic_flag_clear_fetch              0x0002842d   Thumb Code     6  nrf_atomic.o(i.nrf_atomic_flag_clear_fetch)
    nrf_atomic_flag_set                      0x00028433   Thumb Code     6  nrf_atomic.o(i.nrf_atomic_flag_set)
    nrf_atomic_u32_add                       0x00028439   Thumb Code    12  nrf_atomic.o(i.nrf_atomic_u32_add)
    nrf_atomic_u32_fetch_and                 0x00028445   Thumb Code    10  nrf_atomic.o(i.nrf_atomic_u32_fetch_and)
    nrf_atomic_u32_fetch_store               0x0002844f   Thumb Code    10  nrf_atomic.o(i.nrf_atomic_u32_fetch_store)
    nrf_atomic_u32_or                        0x00028459   Thumb Code    12  nrf_atomic.o(i.nrf_atomic_u32_or)
    nrf_atomic_u32_sub                       0x00028465   Thumb Code    12  nrf_atomic.o(i.nrf_atomic_u32_sub)
    nrf_balloc_alloc                         0x00028471   Thumb Code    68  nrf_balloc.o(i.nrf_balloc_alloc)
    nrf_balloc_free                          0x000284b5   Thumb Code    48  nrf_balloc.o(i.nrf_balloc_free)
    nrf_balloc_init                          0x000284e5   Thumb Code    48  nrf_balloc.o(i.nrf_balloc_init)
    nrf_drv_clock_init                       0x00028559   Thumb Code    48  nrf_drv_clock.o(i.nrf_drv_clock_init)
    nrf_drv_clock_lfclk_release              0x00028591   Thumb Code    42  nrf_drv_clock.o(i.nrf_drv_clock_lfclk_release)
    nrf_drv_uart_init                        0x000285c1   Thumb Code    90  nrf_drv_uart.o(i.nrf_drv_uart_init)
    nrf_fprintf                              0x00028629   Thumb Code    26  nrf_fprintf.o(i.nrf_fprintf)
    nrf_fprintf_buffer_flush                 0x00028643   Thumb Code    24  nrf_fprintf.o(i.nrf_fprintf_buffer_flush)
    nrf_fprintf_fmt                          0x0002865b   Thumb Code   474  nrf_fprintf_format.o(i.nrf_fprintf_fmt)
    nrf_log_backend_add                      0x000289b9   Thumb Code    74  nrf_log_frontend.o(i.nrf_log_backend_add)
    nrf_log_backend_rtt_init                 0x00028a0b   Thumb Code     4  nrf_log_backend_rtt.o(i.nrf_log_backend_rtt_init)
    nrf_log_backend_serial_put               0x00028a29   Thumb Code   200  nrf_log_backend_serial.o(i.nrf_log_backend_serial_put)
    nrf_log_backend_uart_init                0x00028af3   Thumb Code     6  nrf_log_backend_uart.o(i.nrf_log_backend_uart_init)
    nrf_log_color_id_get                     0x00028b3d   Thumb Code    42  nrf_log_frontend.o(i.nrf_log_color_id_get)
    nrf_log_default_backends_init            0x00028b6d   Thumb Code    42  nrf_log_default_backends.o(i.nrf_log_default_backends_init)
    nrf_log_frontend_dequeue                 0x00028b9d   Thumb Code   510  nrf_log_frontend.o(i.nrf_log_frontend_dequeue)
    nrf_log_frontend_std_0                   0x00028dbd   Thumb Code     8  nrf_log_frontend.o(i.nrf_log_frontend_std_0)
    nrf_log_frontend_std_1                   0x00028dc5   Thumb Code    14  nrf_log_frontend.o(i.nrf_log_frontend_std_1)
    nrf_log_frontend_std_2                   0x00028dd3   Thumb Code    16  nrf_log_frontend.o(i.nrf_log_frontend_std_2)
    nrf_log_frontend_std_6                   0x00028de3   Thumb Code    28  nrf_log_frontend.o(i.nrf_log_frontend_std_6)
    nrf_log_hexdump_entry_process            0x00028e01   Thumb Code   146  nrf_log_str_formatter.o(i.nrf_log_hexdump_entry_process)
    nrf_log_init                             0x00028ead   Thumb Code    66  nrf_log_frontend.o(i.nrf_log_init)
    nrf_log_module_cnt_get                   0x00028f05   Thumb Code    10  nrf_log_frontend.o(i.nrf_log_module_cnt_get)
    nrf_log_module_name_get                  0x00028f19   Thumb Code    24  nrf_log_frontend.o(i.nrf_log_module_name_get)
    nrf_log_panic                            0x00028f35   Thumb Code    34  nrf_log_frontend.o(i.nrf_log_panic)
    nrf_log_std_entry_process                0x00028f5d   Thumb Code   182  nrf_log_str_formatter.o(i.nrf_log_std_entry_process)
    nrf_memobj_alloc                         0x00029013   Thumb Code    96  nrf_memobj.o(i.nrf_memobj_alloc)
    nrf_memobj_free                          0x00029073   Thumb Code    50  nrf_memobj.o(i.nrf_memobj_free)
    nrf_memobj_get                           0x000290a5   Thumb Code     8  nrf_memobj.o(i.nrf_memobj_get)
    nrf_memobj_pool_init                     0x000290ad   Thumb Code     4  nrf_memobj.o(i.nrf_memobj_pool_init)
    nrf_memobj_put                           0x000290b1   Thumb Code    30  nrf_memobj.o(i.nrf_memobj_put)
    nrf_memobj_read                          0x000290cf   Thumb Code    12  nrf_memobj.o(i.nrf_memobj_read)
    nrf_memobj_write                         0x000290db   Thumb Code    12  nrf_memobj.o(i.nrf_memobj_write)
    nrf_pwr_mgmt_init                        0x000290e9   Thumb Code    28  nrf_pwr_mgmt.o(i.nrf_pwr_mgmt_init)
    nrf_pwr_mgmt_run                         0x00029111   Thumb Code    64  nrf_pwr_mgmt.o(i.nrf_pwr_mgmt_run)
    nrf_sdh_ble_app_ram_start_get            0x00029155   Thumb Code    16  nrf_sdh_ble.o(i.nrf_sdh_ble_app_ram_start_get)
    nrf_sdh_ble_default_cfg_set              0x00029169   Thumb Code   232  nrf_sdh_ble.o(i.nrf_sdh_ble_default_cfg_set)
    nrf_sdh_ble_enable                       0x00029269   Thumb Code   116  nrf_sdh_ble.o(i.nrf_sdh_ble_enable)
    nrf_sdh_enable_request                   0x000293f1   Thumb Code   130  nrf_sdh.o(i.nrf_sdh_enable_request)
    nrf_sdh_evts_poll                        0x00029481   Thumb Code    32  nrf_sdh.o(i.nrf_sdh_evts_poll)
    nrf_sdh_is_enabled                       0x000294a5   Thumb Code     6  nrf_sdh.o(i.nrf_sdh_is_enabled)
    nrf_section_iter_init                    0x000294ed   Thumb Code    10  nrf_section_iter.o(i.nrf_section_iter_init)
    nrf_section_iter_next                    0x0002951b   Thumb Code    32  nrf_section_iter.o(i.nrf_section_iter_next)
    nrf_strerror_find                        0x0002953d   Thumb Code    52  nrf_strerror.o(i.nrf_strerror_find)
    nrf_strerror_get                         0x00029575   Thumb Code    14  nrf_strerror.o(i.nrf_strerror_get)
    nrfx_clock_enable                        0x000295c1   Thumb Code    36  nrfx_clock.o(i.nrfx_clock_enable)
    nrfx_clock_init                          0x000295ed   Thumb Code    26  nrfx_clock.o(i.nrfx_clock_init)
    nrfx_clock_lfclk_stop                    0x0002960d   Thumb Code    20  nrfx_clock.o(i.nrfx_clock_lfclk_stop)
    nrfx_gpiote_in_event_enable              0x00029639   Thumb Code   156  nrfx_gpiote.o(i.nrfx_gpiote_in_event_enable)
    nrfx_gpiote_in_init                      0x000296dd   Thumb Code   194  nrfx_gpiote.o(i.nrfx_gpiote_in_init)
    nrfx_gpiote_in_is_set                    0x000297ad   Thumb Code    20  nrfx_gpiote.o(i.nrfx_gpiote_in_is_set)
    nrfx_gpiote_init                         0x000297c1   Thumb Code    98  nrfx_gpiote.o(i.nrfx_gpiote_init)
    nrfx_gpiote_is_init                      0x00029831   Thumb Code    14  nrfx_gpiote.o(i.nrfx_gpiote_is_init)
    nrfx_prs_acquire                         0x00029855   Thumb Code    58  nrfx_prs.o(i.nrfx_prs_acquire)
    nrfx_prs_release                         0x0002988f   Thumb Code    18  nrfx_prs.o(i.nrfx_prs_release)
    nrfx_uart_0_irq_handler                  0x000298a1   Thumb Code     8  nrfx_uart.o(i.nrfx_uart_0_irq_handler)
    nrfx_uart_init                           0x000298b1   Thumb Code   200  nrfx_uart.o(i.nrfx_uart_init)
    nrfx_uart_tx                             0x00029985   Thumb Code   160  nrfx_uart.o(i.nrfx_uart_tx)
    nrfx_uart_tx_in_progress                 0x00029a29   Thumb Code    26  nrfx_uart.o(i.nrfx_uart_tx_in_progress)
    nrfx_uart_uninit                         0x00029a49   Thumb Code   170  nrfx_uart.o(i.nrfx_uart_uninit)
    nrfx_uarte_0_irq_handler                 0x00029afd   Thumb Code     8  nrfx_uarte.o(i.nrfx_uarte_0_irq_handler)
    nrfx_uarte_init                          0x00029b0d   Thumb Code   100  nrfx_uarte.o(i.nrfx_uarte_init)
    nrfx_uarte_tx                            0x00029b79   Thumb Code   138  nrfx_uarte.o(i.nrfx_uarte_tx)
    nrfx_uarte_tx_in_progress                0x00029c09   Thumb Code    22  nrfx_uarte.o(i.nrfx_uarte_tx_in_progress)
    nrfx_uarte_uninit                        0x00029c25   Thumb Code   166  nrfx_uarte.o(i.nrfx_uarte_uninit)
    pulse_update                             0x00029df1   Thumb Code    52  main.o(i.pulse_update)
    nrf_log_backend_rtt_api                  0x0002aa58   Data          12  nrf_log_backend_rtt.o(.constdata)
    nrf_log_backend_uart_api                 0x0002aa78   Data          12  nrf_log_backend_uart.o(.constdata)
    m_ram_start                              0x0002ab1c   Data           4  nrf_sdh_ble.o(.constdata)
    __ctype_table                            0x0002ab48   Data         129  ctype_o.o(.constdata)
    Region$$Table$$Base                      0x0002b21c   Number         0  anon$$obj.o(Region$$Table)
    Region$$Table$$Limit                     0x0002b23c   Number         0  anon$$obj.o(Region$$Table)
    log_const_data$$Base                     0x0002b23c   Number         0  nrf_drv_clock.o(log_const_data)
    m_nrf_log_clock_logs_data_const          0x0002b23c   Data           8  nrf_drv_clock.o(log_const_data)
    m_nrf_log_CLOCK_logs_data_const          0x0002b244   Data           8  nrfx_clock.o(log_const_data)
    m_nrf_log_GPIOTE_logs_data_const         0x0002b24c   Data           8  nrfx_gpiote.o(log_const_data)
    m_nrf_log_PRS_logs_data_const            0x0002b254   Data           8  nrfx_prs.o(log_const_data)
    m_nrf_log_UART_logs_data_const           0x0002b25c   Data           8  nrfx_uart.o(log_const_data)
    m_nrf_log_UARTE_logs_data_const          0x0002b264   Data           8  nrfx_uarte.o(log_const_data)
    m_nrf_log_pwr_mgmt_logs_data_const       0x0002b26c   Data           8  nrf_pwr_mgmt.o(log_const_data)
    m_nrf_log_balloc_log_mempool_logs_data_const 0x0002b274   Data           8  nrf_log_frontend.o(log_const_data)
    m_nrf_log_app_logs_data_const            0x0002b27c   Data           8  nrf_log_frontend.o(log_const_data)
    m_nrf_log_nrf_sdh_logs_data_const        0x0002b284   Data           8  nrf_sdh.o(log_const_data)
    m_nrf_log_nrf_sdh_ble_logs_data_const    0x0002b28c   Data           8  nrf_sdh_ble.o(log_const_data)
    m_nrf_log_nrf_sdh_soc_logs_data_const    0x0002b294   Data           8  nrf_sdh_soc.o(log_const_data)
    log_const_data$$Limit                    0x0002b29c   Number         0  nrf_sdh_soc.o(log_const_data)
    log_mempool                              0x0002b29c   Data          24  nrf_log_frontend.o(nrf_balloc)
    sdh_soc_observers0$$Base                 0x0002b2b4   Number         0  nrf_drv_clock.o(sdh_soc_observers0)
    sdh_soc_observers0$$Limit                0x0002b2bc   Number         0  nrf_drv_clock.o(sdh_soc_observers0)
    sdh_stack_observers0$$Base               0x0002b2bc   Number         0  nrf_sdh_ble.o(sdh_stack_observers0)
    sdh_stack_observers0$$Limit              0x0002b2cc   Number         0  nrf_sdh_soc.o(sdh_stack_observers0)
    sdh_state_observers0$$Base               0x0002b2cc   Number         0  nrf_drv_clock.o(sdh_state_observers0)
    sdh_state_observers0$$Limit              0x0002b2d4   Number         0  nrf_drv_clock.o(sdh_state_observers0)
    Image$$RW_IRAM1$$Base                    0x200018a8   Number         0  anon$$obj.o ABSOLUTE
    BTN_PRS                                  0x200018a9   Data           1  main.o(.data)
    newdata                                  0x200018aa   Data           3  main.o(.data)
    BPS_DIA                                  0x200018ad   Data           3  main.o(.data)
    BPS_SYS                                  0x200018b0   Data           3  main.o(.data)
    PULSE                                    0x200018b3   Data           3  main.o(.data)
    BODY_TEMP                                0x200018b6   Data           3  main.o(.data)
    nrf_drv_uart_use_easy_dma                0x200018dc   Data           1  nrf_drv_uart.o(.data)
    m_uart                                   0x2000193c   Data          20  nrf_log_backend_uart.o(.data)
    SystemCoreClock                          0x200019bc   Data           4  system_nrf52.o(.data)
    __microlib_freelist                      0x200019c4   Data           4  mvars.o(.data)
    __microlib_freelist_initialised          0x200019c8   Data           4  mvars.o(.data)
    log_dynamic_data$$Base                   0x200019cc   Number         0  nrf_drv_clock.o(log_dynamic_data)
    m_nrf_log_clock_logs_data_dynamic        0x200019cc   Data           4  nrf_drv_clock.o(log_dynamic_data)
    m_nrf_log_CLOCK_logs_data_dynamic        0x200019d0   Data           4  nrfx_clock.o(log_dynamic_data)
    m_nrf_log_GPIOTE_logs_data_dynamic       0x200019d4   Data           4  nrfx_gpiote.o(log_dynamic_data)
    m_nrf_log_PRS_logs_data_dynamic          0x200019d8   Data           4  nrfx_prs.o(log_dynamic_data)
    m_nrf_log_UART_logs_data_dynamic         0x200019dc   Data           4  nrfx_uart.o(log_dynamic_data)
    m_nrf_log_UARTE_logs_data_dynamic        0x200019e0   Data           4  nrfx_uarte.o(log_dynamic_data)
    m_nrf_log_pwr_mgmt_logs_data_dynamic     0x200019e4   Data           4  nrf_pwr_mgmt.o(log_dynamic_data)
    m_nrf_log_balloc_log_mempool_logs_data_dynamic 0x200019e8   Data           4  nrf_log_frontend.o(log_dynamic_data)
    m_nrf_log_app_logs_data_dynamic          0x200019ec   Data           4  nrf_log_frontend.o(log_dynamic_data)
    m_nrf_log_nrf_sdh_logs_data_dynamic      0x200019f0   Data           4  nrf_sdh.o(log_dynamic_data)
    m_nrf_log_nrf_sdh_ble_logs_data_dynamic  0x200019f4   Data           4  nrf_sdh_ble.o(log_dynamic_data)
    m_nrf_log_nrf_sdh_soc_logs_data_dynamic  0x200019f8   Data           4  nrf_sdh_soc.o(log_dynamic_data)
    FIN_DATA                                 0x20001a54   Data          13  main.o(.bss)
    nrf_nvic_state                           0x20001cd8   Data          12  app_util_platform.o(.bss)
    _SEGGER_RTT                              0x20002254   Data         120  segger_rtt.o(.bss)
    __heap_base                              0x200024e0   Data           0  arm_startup_nrf52.o(HEAP)
    __heap_limit                             0x200044e0   Data           0  arm_startup_nrf52.o(HEAP)
    __initial_sp                             0x200064e0   Data           0  arm_startup_nrf52.o(STACK)



==============================================================================

Memory Map of the image

  Image Entry point : 0x00026201

  Load Region LR_IROM1 (Base: 0x00026000, Size: 0x00005428, Max: 0x0005a000, ABSOLUTE, COMPRESSED[0x0000531c])

    Execution Region ER_IROM1 (Exec base: 0x00026000, Load base: 0x00026000, Size: 0x000052d4, Max: 0x0005a000, ABSOLUTE)

    Exec Addr    Load Addr    Size         Type   Attr      Idx    E Section Name        Object

    0x00026000   0x00026000   0x00000200   Data   RO         3908    RESET               arm_startup_nrf52.o
    0x00026200   0x00026200   0x00000000   Code   RO         3949  * .ARM.Collect$$$$00000000  mc_w.l(entry.o)
    0x00026200   0x00026200   0x00000004   Code   RO         4034    .ARM.Collect$$$$00000001  mc_w.l(entry2.o)
    0x00026204   0x00026204   0x00000004   Code   RO         4037    .ARM.Collect$$$$00000004  mc_w.l(entry5.o)
    0x00026208   0x00026208   0x00000000   Code   RO         4039    .ARM.Collect$$$$00000008  mc_w.l(entry7b.o)
    0x00026208   0x00026208   0x00000000   Code   RO         4041    .ARM.Collect$$$$0000000A  mc_w.l(entry8b.o)
    0x00026208   0x00026208   0x00000008   Code   RO         4042    .ARM.Collect$$$$0000000B  mc_w.l(entry9a.o)
    0x00026210   0x00026210   0x00000000   Code   RO         4044    .ARM.Collect$$$$0000000D  mc_w.l(entry10a.o)
    0x00026210   0x00026210   0x00000000   Code   RO         4046    .ARM.Collect$$$$0000000F  mc_w.l(entry11a.o)
    0x00026210   0x00026210   0x00000004   Code   RO         4035    .ARM.Collect$$$$00002712  mc_w.l(entry2.o)
    0x00026214   0x00026214   0x000000e2   Code   RO         2408    .emb_text           nrf_atomic.o
    0x000262f6   0x000262f6   0x00000002   PAD
    0x000262f8   0x000262f8   0x00000024   Code   RO         3909    .text               arm_startup_nrf52.o
    0x0002631c   0x0002631c   0x00000062   Code   RO         3957    .text               mc_w.l(uldiv.o)
    0x0002637e   0x0002637e   0x0000001e   Code   RO         3959    .text               mc_w.l(llshl.o)
    0x0002639c   0x0002639c   0x00000008   Code   RO         3961    .text               mc_w.l(ctype_o.o)
    0x000263a4   0x000263a4   0x00000024   Code   RO         3989    .text               mc_w.l(rand.o)
    0x000263c8   0x000263c8   0x00000024   Code   RO         3992    .text               mc_w.l(memcpya.o)
    0x000263ec   0x000263ec   0x00000024   Code   RO         3994    .text               mc_w.l(memseta.o)
    0x00026410   0x00026410   0x0000000e   Code   RO         3996    .text               mc_w.l(strlen.o)
    0x0002641e   0x0002641e   0x00000012   Code   RO         4002    .text               mc_w.l(strcpy.o)
    0x00026430   0x00026430   0x00000020   Code   RO         4049    .text               mc_w.l(llushr.o)
    0x00026450   0x00026450   0x00000024   Code   RO         4054    .text               mc_w.l(init.o)
    0x00026474   0x00026474   0x00000056   Code   RO         4064    .text               mc_w.l(__dczerorl2.o)
    0x000264ca   0x000264ca   0x00000002   PAD
    0x000264cc   0x000264cc   0x00000164   Code   RO         1104    i.GPIOTE_IRQHandler  nrfx_gpiote.o
    0x00026630   0x00026630   0x00000016   Code   RO         2049    i.NVIC_ClearPendingIRQ  app_timer.o
    0x00026646   0x00026646   0x00000016   Code   RO         2050    i.NVIC_EnableIRQ    app_timer.o
    0x0002665c   0x0002665c   0x00000016   Code   RO         2051    i.NVIC_SetPendingIRQ  app_timer.o
    0x00026672   0x00026672   0x00000020   Code   RO         2052    i.NVIC_SetPriority  app_timer.o
    0x00026692   0x00026692   0x00000002   PAD
    0x00026694   0x00026694   0x00000058   Code   RO          972    i.POWER_CLOCK_IRQHandler  nrfx_clock.o
    0x000266ec   0x000266ec   0x00000024   Code   RO         2053    i.RTC1_IRQHandler   app_timer.o
    0x00026710   0x00026710   0x00000004   Code   RO         3347    i.SEGGER_RTT_Init   segger_rtt.o
    0x00026714   0x00026714   0x0000005c   Code   RO         3361    i.SEGGER_RTT_WriteNoLock  segger_rtt.o
    0x00026770   0x00026770   0x00000004   Code   RO         2054    i.SWI0_EGU0_IRQHandler  app_timer.o
    0x00026774   0x00026774   0x00000004   Code   RO         3695    i.SWI2_EGU2_IRQHandler  nrf_sdh.o
    0x00026778   0x00026778   0x0000031c   Code   RO         3917    i.SystemInit        system_nrf52.o
    0x00026a94   0x00026a94   0x0000000c   Code   RO         1403    i.UARTE0_UART0_IRQHandler  nrfx_prs.o
    0x00026aa0   0x00026aa0   0x00000068   Code   RO         3365    i._DoInit           segger_rtt.o
    0x00026b08   0x00026b08   0x00000016   Code   RO         3366    i._GetAvailWriteSpace  segger_rtt.o
    0x00026b1e   0x00026b1e   0x0000005a   Code   RO         3368    i._WriteBlocking    segger_rtt.o
    0x00026b78   0x00026b78   0x00000042   Code   RO         3369    i._WriteNoCheck     segger_rtt.o
    0x00026bba   0x00026bba   0x0000000e   Code   RO         4058    i.__scatterload_copy  mc_w.l(handlers.o)
    0x00026bc8   0x00026bc8   0x00000002   Code   RO         4059    i.__scatterload_null  mc_w.l(handlers.o)
    0x00026bca   0x00026bca   0x0000000e   Code   RO         4060    i.__scatterload_zeroinit  mc_w.l(handlers.o)
    0x00026bd8   0x00026bd8   0x00000024   Code   RO         3696    i.__sd_nvic_app_accessible_irq  nrf_sdh.o
    0x00026bfc   0x00026bfc   0x00000016   Code   RO         3697    i.__sd_nvic_is_app_accessible_priority  nrf_sdh.o
    0x00026c12   0x00026c12   0x00000002   PAD
    0x00026c14   0x00026c14   0x00000080   Code   RO            4    i.advertising_init  main.o
    0x00026c94   0x00026c94   0x00000028   Code   RO            5    i.advertising_start  main.o
    0x00026cbc   0x00026cbc   0x00000006   Code   RO          473    i.alert_timer_handler  bsp.o
    0x00026cc2   0x00026cc2   0x00000002   PAD
    0x00026cc4   0x00026cc4   0x00000024   Code   RO         1795    i.app_button_enable  app_button.o
    0x00026ce8   0x00026ce8   0x00000078   Code   RO         1796    i.app_button_init   app_button.o
    0x00026d60   0x00026d60   0x0000007c   Code   RO         1952    i.app_error_fault_handler  app_error_weak.o
    0x00026ddc   0x00026ddc   0x00000016   Code   RO         1892    i.app_error_handler_bare  app_error.o
    0x00026df2   0x00026df2   0x00000002   PAD
    0x00026df4   0x00026df4   0x00000028   Code   RO         2057    i.app_timer_create  app_timer.o
    0x00026e1c   0x00026e1c   0x00000054   Code   RO         2058    i.app_timer_init    app_timer.o
    0x00026e70   0x00026e70   0x00000088   Code   RO         2061    i.app_timer_start   app_timer.o
    0x00026ef8   0x00026ef8   0x00000020   Code   RO         2062    i.app_timer_stop    app_timer.o
    0x00026f18   0x00026f18   0x00000048   Code   RO         2222    i.app_util_critical_region_enter  app_util_platform.o
    0x00026f60   0x00026f60   0x00000034   Code   RO         2223    i.app_util_critical_region_exit  app_util_platform.o
    0x00026f94   0x00026f94   0x00000088   Code   RO         1454    i.apply_config      nrfx_uart.o
    0x0002701c   0x0002701c   0x00000088   Code   RO         1642    i.apply_config      nrfx_uarte.o
    0x000270a4   0x000270a4   0x00000182   Code   RO          591    i.ble_advdata_encode  ble_advdata.o
    0x00027226   0x00027226   0x00000060   Code   RO          597    i.ble_device_addr_encode  ble_advdata.o
    0x00027286   0x00027286   0x00000052   Code   RO            8    i.ble_tag_test      main.o
    0x000272d8   0x000272d8   0x00000038   Code   RO            9    i.body_temp_update  main.o
    0x00027310   0x00027310   0x00000038   Code   RO           10    i.bps_dia_update    main.o
    0x00027348   0x00027348   0x00000038   Code   RO           11    i.bps_sys_update    main.o
    0x00027380   0x00027380   0x00000054   Code   RO          372    i.bsp_board_init    boards.o
    0x000273d4   0x000273d4   0x00000024   Code   RO          374    i.bsp_board_led_invert  boards.o
    0x000273f8   0x000273f8   0x00000010   Code   RO          375    i.bsp_board_led_off  boards.o
    0x00027408   0x00027408   0x00000010   Code   RO          376    i.bsp_board_led_on  boards.o
    0x00027418   0x00027418   0x00000020   Code   RO          377    i.bsp_board_led_state_get  boards.o
    0x00027438   0x00027438   0x00000012   Code   RO          378    i.bsp_board_leds_off  boards.o
    0x0002744a   0x0002744a   0x00000012   Code   RO          379    i.bsp_board_leds_on  boards.o
    0x0002745c   0x0002745c   0x00000024   Code   RO          380    i.bsp_board_pin_to_button_idx  boards.o
    0x00027480   0x00027480   0x00000090   Code   RO          474    i.bsp_button_event_handler  bsp.o
    0x00027510   0x00027510   0x00000054   Code   RO           12    i.bsp_event_handler  main.o
    0x00027564   0x00027564   0x00000044   Code   RO          478    i.bsp_event_to_button_action_assign  bsp.o
    0x000275a8   0x000275a8   0x00000018   Code   RO          479    i.bsp_indication_set  bsp.o
    0x000275c0   0x000275c0   0x00000094   Code   RO          480    i.bsp_init          bsp.o
    0x00027654   0x00027654   0x000001b8   Code   RO          481    i.bsp_led_indication  bsp.o
    0x0002780c   0x0002780c   0x00000028   Code   RO           13    i.btn_state_handler  main.o
    0x00027834   0x00027834   0x0000000c   Code   RO           14    i.btn_state_update  main.o
    0x00027840   0x00027840   0x00000090   Code   RO         3101    i.buf_prealloc      nrf_log_frontend.o
    0x000278d0   0x000278d0   0x0000001e   Code   RO         2623    i.buffer_add        nrf_fprintf_format.o
    0x000278ee   0x000278ee   0x00000002   PAD
    0x000278f0   0x000278f0   0x00000014   Code   RO         3102    i.buffer_is_empty   nrf_log_frontend.o
    0x00027904   0x00027904   0x00000008   Code   RO          484    i.button_timer_handler  bsp.o
    0x0002790c   0x0002790c   0x0000001c   Code   RO         1105    i.channel_free      nrfx_gpiote.o
    0x00027928   0x00027928   0x00000048   Code   RO         1106    i.channel_port_alloc  nrfx_gpiote.o
    0x00027970   0x00027970   0x00000010   Code   RO         1107    i.channel_port_get  nrfx_gpiote.o
    0x00027980   0x00027980   0x00000028   Code   RO          768    i.clock_clk_started_notify  nrf_drv_clock.o
    0x000279a8   0x000279a8   0x0000001c   Code   RO          769    i.clock_irq_handler  nrf_drv_clock.o
    0x000279c4   0x000279c4   0x000000ac   Code   RO         2064    i.compare_reg_update  app_timer.o
    0x00027a70   0x00027a70   0x00000088   Code   RO          598    i.conn_int_encode   ble_advdata.o
    0x00027af8   0x00027af8   0x00000074   Code   RO           15    i.data_ary_append   main.o
    0x00027b6c   0x00027b6c   0x00000098   Code   RO         1798    i.detection_delay_timeout_handler  app_button.o
    0x00027c04   0x00027c04   0x00000014   Code   RO         3104    i.dropped_sat16_get  nrf_log_frontend.o
    0x00027c18   0x00027c18   0x00000040   Code   RO         2065    i.elapsed_ticks_acquire  app_timer.o
    0x00027c58   0x00027c58   0x00000050   Code   RO         4006    i.free              mc_w.l(malloc.o)
    0x00027ca8   0x00027ca8   0x00000084   Code   RO         1799    i.gpiote_event_handler  app_button.o
    0x00027d2c   0x00027d2c   0x000000a6   Code   RO         2624    i.int_print         nrf_fprintf_format.o
    0x00027dd2   0x00027dd2   0x00000002   PAD
    0x00027dd4   0x00027dd4   0x00000080   Code   RO         1643    i.interrupts_enable  nrfx_uarte.o
    0x00027e54   0x00027e54   0x0000004c   Code   RO         3105    i.invalid_packets_pushed_str_omit  nrf_log_frontend.o
    0x00027ea0   0x00027ea0   0x00000030   Code   RO          485    i.leds_off          bsp.o
    0x00027ed0   0x00027ed0   0x00000014   Code   RO          486    i.leds_timer_handler  bsp.o
    0x00027ee4   0x00027ee4   0x000000f8   Code   RO         2066    i.list_insertions_handler  app_timer.o
    0x00027fdc   0x00027fdc   0x0000009c   Code   RO         3106    i.log_skip          nrf_log_frontend.o
    0x00028078   0x00028078   0x000001a0   Code   RO           17    i.main              main.o
    0x00028218   0x00028218   0x0000006c   Code   RO         4007    i.malloc            mc_w.l(malloc.o)
    0x00028284   0x00028284   0x00000064   Code   RO          599    i.manuf_specific_data_encode  ble_advdata.o
    0x000282e8   0x000282e8   0x00000076   Code   RO         2663    i.memobj_op         nrf_memobj.o
    0x0002835e   0x0002835e   0x00000002   PAD
    0x00028360   0x00028360   0x00000030   Code   RO         3107    i.module_idx_get    nrf_log_frontend.o
    0x00028390   0x00028390   0x0000009c   Code   RO          600    i.name_encode       ble_advdata.o
    0x0002842c   0x0002842c   0x00000006   Code   RO         2410    i.nrf_atomic_flag_clear_fetch  nrf_atomic.o
    0x00028432   0x00028432   0x00000006   Code   RO         2411    i.nrf_atomic_flag_set  nrf_atomic.o
    0x00028438   0x00028438   0x0000000c   Code   RO         2413    i.nrf_atomic_u32_add  nrf_atomic.o
    0x00028444   0x00028444   0x0000000a   Code   RO         2417    i.nrf_atomic_u32_fetch_and  nrf_atomic.o
    0x0002844e   0x0002844e   0x0000000a   Code   RO         2419    i.nrf_atomic_u32_fetch_store  nrf_atomic.o
    0x00028458   0x00028458   0x0000000c   Code   RO         2423    i.nrf_atomic_u32_or  nrf_atomic.o
    0x00028464   0x00028464   0x0000000c   Code   RO         2425    i.nrf_atomic_u32_sub  nrf_atomic.o
    0x00028470   0x00028470   0x00000044   Code   RO         2547    i.nrf_balloc_alloc  nrf_balloc.o
    0x000284b4   0x000284b4   0x00000030   Code   RO         2548    i.nrf_balloc_free   nrf_balloc.o
    0x000284e4   0x000284e4   0x00000030   Code   RO         2549    i.nrf_balloc_init   nrf_balloc.o
    0x00028514   0x00028514   0x00000010   Code   RO         1108    i.nrf_bitmask_bit_is_set  nrfx_gpiote.o
    0x00028524   0x00028524   0x00000014   Code   RO         1109    i.nrf_bitmask_bit_set  nrfx_gpiote.o
    0x00028538   0x00028538   0x0000000e   Code   RO          973    i.nrf_clock_event_check  nrfx_clock.o
    0x00028546   0x00028546   0x00000010   Code   RO          974    i.nrf_clock_event_clear  nrfx_clock.o
    0x00028556   0x00028556   0x00000002   PAD
    0x00028558   0x00028558   0x00000038   Code   RO          776    i.nrf_drv_clock_init  nrf_drv_clock.o
    0x00028590   0x00028590   0x00000030   Code   RO          780    i.nrf_drv_clock_lfclk_release  nrf_drv_clock.o
    0x000285c0   0x000285c0   0x00000068   Code   RO          920    i.nrf_drv_uart_init  nrf_drv_uart.o
    0x00028628   0x00028628   0x0000001a   Code   RO         2584    i.nrf_fprintf       nrf_fprintf.o
    0x00028642   0x00028642   0x00000018   Code   RO         2585    i.nrf_fprintf_buffer_flush  nrf_fprintf.o
    0x0002865a   0x0002865a   0x000001da   Code   RO         2625    i.nrf_fprintf_fmt   nrf_fprintf_format.o
    0x00028834   0x00028834   0x00000024   Code   RO          382    i.nrf_gpio_cfg      boards.o
    0x00028858   0x00028858   0x00000024   Code   RO         1110    i.nrf_gpio_cfg      nrfx_gpiote.o
    0x0002887c   0x0002887c   0x00000024   Code   RO         1455    i.nrf_gpio_cfg      nrfx_uart.o
    0x000288a0   0x000288a0   0x00000024   Code   RO         1644    i.nrf_gpio_cfg      nrfx_uarte.o
    0x000288c4   0x000288c4   0x00000012   Code   RO         1456    i.nrf_gpio_cfg_default  nrfx_uart.o
    0x000288d6   0x000288d6   0x00000012   Code   RO         1645    i.nrf_gpio_cfg_default  nrfx_uarte.o
    0x000288e8   0x000288e8   0x00000012   Code   RO         1457    i.nrf_gpio_cfg_input  nrfx_uart.o
    0x000288fa   0x000288fa   0x00000012   Code   RO         1646    i.nrf_gpio_cfg_input  nrfx_uarte.o
    0x0002890c   0x0002890c   0x00000014   Code   RO         1458    i.nrf_gpio_cfg_output  nrfx_uart.o
    0x00028920   0x00028920   0x00000014   Code   RO         1647    i.nrf_gpio_cfg_output  nrfx_uarte.o
    0x00028934   0x00028934   0x00000022   Code   RO         1112    i.nrf_gpio_cfg_sense_set  nrfx_gpiote.o
    0x00028956   0x00028956   0x00000016   Code   RO          383    i.nrf_gpio_pin_write  boards.o
    0x0002896c   0x0002896c   0x00000028   Code   RO         1113    i.nrf_gpio_ports_read  nrfx_gpiote.o
    0x00028994   0x00028994   0x00000014   Code   RO         1114    i.nrf_gpiote_event_clear  nrfx_gpiote.o
    0x000289a8   0x000289a8   0x00000010   Code   RO         1115    i.nrf_gpiote_event_is_set  nrfx_gpiote.o
    0x000289b8   0x000289b8   0x00000050   Code   RO         3108    i.nrf_log_backend_add  nrf_log_frontend.o
    0x00028a08   0x00028a08   0x00000002   Code   RO         2882    i.nrf_log_backend_rtt_flush  nrf_log_backend_rtt.o
    0x00028a0a   0x00028a0a   0x00000004   Code   RO         2883    i.nrf_log_backend_rtt_init  nrf_log_backend_rtt.o
    0x00028a0e   0x00028a0e   0x00000002   Code   RO         2884    i.nrf_log_backend_rtt_panic_set  nrf_log_backend_rtt.o
    0x00028a10   0x00028a10   0x00000018   Code   RO         2885    i.nrf_log_backend_rtt_put  nrf_log_backend_rtt.o
    0x00028a28   0x00028a28   0x000000c8   Code   RO         2951    i.nrf_log_backend_serial_put  nrf_log_backend_serial.o
    0x00028af0   0x00028af0   0x00000002   Code   RO         2985    i.nrf_log_backend_uart_flush  nrf_log_backend_uart.o
    0x00028af2   0x00028af2   0x00000006   Code   RO         2986    i.nrf_log_backend_uart_init  nrf_log_backend_uart.o
    0x00028af8   0x00028af8   0x0000002c   Code   RO         2987    i.nrf_log_backend_uart_panic_set  nrf_log_backend_uart.o
    0x00028b24   0x00028b24   0x00000018   Code   RO         2988    i.nrf_log_backend_uart_put  nrf_log_backend_uart.o
    0x00028b3c   0x00028b3c   0x00000030   Code   RO         3110    i.nrf_log_color_id_get  nrf_log_frontend.o
    0x00028b6c   0x00028b6c   0x00000030   Code   RO         3064    i.nrf_log_default_backends_init  nrf_log_default_backends.o
    0x00028b9c   0x00028b9c   0x00000220   Code   RO         3111    i.nrf_log_frontend_dequeue  nrf_log_frontend.o
    0x00028dbc   0x00028dbc   0x00000008   Code   RO         3113    i.nrf_log_frontend_std_0  nrf_log_frontend.o
    0x00028dc4   0x00028dc4   0x0000000e   Code   RO         3114    i.nrf_log_frontend_std_1  nrf_log_frontend.o
    0x00028dd2   0x00028dd2   0x00000010   Code   RO         3115    i.nrf_log_frontend_std_2  nrf_log_frontend.o
    0x00028de2   0x00028de2   0x0000001c   Code   RO         3119    i.nrf_log_frontend_std_6  nrf_log_frontend.o
    0x00028dfe   0x00028dfe   0x00000002   PAD
    0x00028e00   0x00028e00   0x000000ac   Code   RO         3288    i.nrf_log_hexdump_entry_process  nrf_log_str_formatter.o
    0x00028eac   0x00028eac   0x00000058   Code   RO         3120    i.nrf_log_init      nrf_log_frontend.o
    0x00028f04   0x00028f04   0x00000014   Code   RO         3121    i.nrf_log_module_cnt_get  nrf_log_frontend.o
    0x00028f18   0x00028f18   0x0000001c   Code   RO         3124    i.nrf_log_module_name_get  nrf_log_frontend.o
    0x00028f34   0x00028f34   0x00000028   Code   RO         3125    i.nrf_log_panic     nrf_log_frontend.o
    0x00028f5c   0x00028f5c   0x000000b6   Code   RO         3289    i.nrf_log_std_entry_process  nrf_log_str_formatter.o
    0x00029012   0x00029012   0x00000060   Code   RO         2664    i.nrf_memobj_alloc  nrf_memobj.o
    0x00029072   0x00029072   0x00000032   Code   RO         2665    i.nrf_memobj_free   nrf_memobj.o
    0x000290a4   0x000290a4   0x00000008   Code   RO         2666    i.nrf_memobj_get    nrf_memobj.o
    0x000290ac   0x000290ac   0x00000004   Code   RO         2667    i.nrf_memobj_pool_init  nrf_memobj.o
    0x000290b0   0x000290b0   0x0000001e   Code   RO         2668    i.nrf_memobj_put    nrf_memobj.o
    0x000290ce   0x000290ce   0x0000000c   Code   RO         2669    i.nrf_memobj_read   nrf_memobj.o
    0x000290da   0x000290da   0x0000000c   Code   RO         2670    i.nrf_memobj_write  nrf_memobj.o
    0x000290e6   0x000290e6   0x00000002   PAD
    0x000290e8   0x000290e8   0x00000028   Code   RO         2742    i.nrf_pwr_mgmt_init  nrf_pwr_mgmt.o
    0x00029110   0x00029110   0x00000044   Code   RO         2743    i.nrf_pwr_mgmt_run  nrf_pwr_mgmt.o
    0x00029154   0x00029154   0x00000014   Code   RO         3826    i.nrf_sdh_ble_app_ram_start_get  nrf_sdh_ble.o
    0x00029168   0x00029168   0x00000100   Code   RO         3827    i.nrf_sdh_ble_default_cfg_set  nrf_sdh_ble.o
    0x00029268   0x00029268   0x0000012c   Code   RO         3828    i.nrf_sdh_ble_enable  nrf_sdh_ble.o
    0x00029394   0x00029394   0x0000005c   Code   RO         3829    i.nrf_sdh_ble_evts_poll  nrf_sdh_ble.o
    0x000293f0   0x000293f0   0x00000090   Code   RO         3699    i.nrf_sdh_enable_request  nrf_sdh.o
    0x00029480   0x00029480   0x00000024   Code   RO         3700    i.nrf_sdh_evts_poll  nrf_sdh.o
    0x000294a4   0x000294a4   0x0000000c   Code   RO         3701    i.nrf_sdh_is_enabled  nrf_sdh.o
    0x000294b0   0x000294b0   0x0000003c   Code   RO         3877    i.nrf_sdh_soc_evts_poll  nrf_sdh_soc.o
    0x000294ec   0x000294ec   0x0000000a   Code   RO         2814    i.nrf_section_iter_init  nrf_section_iter.o
    0x000294f6   0x000294f6   0x00000024   Code   RO         2815    i.nrf_section_iter_item_set  nrf_section_iter.o
    0x0002951a   0x0002951a   0x00000020   Code   RO         2816    i.nrf_section_iter_next  nrf_section_iter.o
    0x0002953a   0x0002953a   0x00000002   PAD
    0x0002953c   0x0002953c   0x00000038   Code   RO         2849    i.nrf_strerror_find  nrf_strerror.o
    0x00029574   0x00029574   0x00000014   Code   RO         2850    i.nrf_strerror_get  nrf_strerror.o
    0x00029588   0x00029588   0x0000000a   Code   RO         1459    i.nrf_uart_event_check  nrfx_uart.o
    0x00029592   0x00029592   0x0000000c   Code   RO         1460    i.nrf_uart_event_clear  nrfx_uart.o
    0x0002959e   0x0002959e   0x0000000c   Code   RO         1461    i.nrf_uart_int_enable_check  nrfx_uart.o
    0x000295aa   0x000295aa   0x0000000a   Code   RO         1648    i.nrf_uarte_event_check  nrfx_uarte.o
    0x000295b4   0x000295b4   0x0000000c   Code   RO         1649    i.nrf_uarte_event_clear  nrfx_uarte.o
    0x000295c0   0x000295c0   0x0000002c   Code   RO          979    i.nrfx_clock_enable  nrfx_clock.o
    0x000295ec   0x000295ec   0x00000020   Code   RO          982    i.nrfx_clock_init   nrfx_clock.o
    0x0002960c   0x0002960c   0x0000001c   Code   RO          985    i.nrfx_clock_lfclk_stop  nrfx_clock.o
    0x00029628   0x00029628   0x00000010   Code   RO         2067    i.nrfx_coredep_delay_us  app_timer.o
    0x00029638   0x00029638   0x000000a4   Code   RO         1120    i.nrfx_gpiote_in_event_enable  nrfx_gpiote.o
    0x000296dc   0x000296dc   0x000000d0   Code   RO         1121    i.nrfx_gpiote_in_init  nrfx_gpiote.o
    0x000297ac   0x000297ac   0x00000014   Code   RO         1122    i.nrfx_gpiote_in_is_set  nrfx_gpiote.o
    0x000297c0   0x000297c0   0x00000070   Code   RO         1124    i.nrfx_gpiote_init  nrfx_gpiote.o
    0x00029830   0x00029830   0x00000014   Code   RO         1125    i.nrfx_gpiote_is_init  nrfx_gpiote.o
    0x00029844   0x00029844   0x00000010   Code   RO         1650    i.nrfx_is_in_ram    nrfx_uarte.o
    0x00029854   0x00029854   0x0000003a   Code   RO         1404    i.nrfx_prs_acquire  nrfx_prs.o
    0x0002988e   0x0002988e   0x00000012   Code   RO         1405    i.nrfx_prs_release  nrfx_prs.o
    0x000298a0   0x000298a0   0x00000010   Code   RO         1462    i.nrfx_uart_0_irq_handler  nrfx_uart.o
    0x000298b0   0x000298b0   0x000000d4   Code   RO         1464    i.nrfx_uart_init    nrfx_uart.o
    0x00029984   0x00029984   0x000000a4   Code   RO         1470    i.nrfx_uart_tx      nrfx_uart.o
    0x00029a28   0x00029a28   0x00000020   Code   RO         1472    i.nrfx_uart_tx_in_progress  nrfx_uart.o
    0x00029a48   0x00029a48   0x000000b4   Code   RO         1473    i.nrfx_uart_uninit  nrfx_uart.o
    0x00029afc   0x00029afc   0x00000010   Code   RO         1651    i.nrfx_uarte_0_irq_handler  nrfx_uarte.o
    0x00029b0c   0x00029b0c   0x0000006c   Code   RO         1653    i.nrfx_uarte_init   nrfx_uarte.o
    0x00029b78   0x00029b78   0x00000090   Code   RO         1657    i.nrfx_uarte_tx     nrfx_uarte.o
    0x00029c08   0x00029c08   0x0000001c   Code   RO         1659    i.nrfx_uarte_tx_in_progress  nrfx_uarte.o
    0x00029c24   0x00029c24   0x000000b0   Code   RO         1660    i.nrfx_uarte_uninit  nrfx_uarte.o
    0x00029cd4   0x00029cd4   0x00000018   Code   RO         1141    i.pin_in_use_by_port  nrfx_gpiote.o
    0x00029cec   0x00029cec   0x00000018   Code   RO         1142    i.pin_in_use_by_te  nrfx_gpiote.o
    0x00029d04   0x00029d04   0x0000003c   Code   RO         3291    i.postfix_process   nrf_log_str_formatter.o
    0x00029d40   0x00029d40   0x00000098   Code   RO         3292    i.prefix_process    nrf_log_str_formatter.o
    0x00029dd8   0x00029dd8   0x00000018   Code   RO         1406    i.prs_box_get       nrfx_prs.o
    0x00029df0   0x00029df0   0x00000038   Code   RO           18    i.pulse_update      main.o
    0x00029e28   0x00029e28   0x00000016   Code   RO           19    i.restarter_timer_handler  main.o
    0x00029e3e   0x00029e3e   0x00000002   PAD
    0x00029e40   0x00029e40   0x0000003c   Code   RO         2068    i.rtc1_stop         app_timer.o
    0x00029e7c   0x00029e7c   0x00000032   Code   RO         1474    i.rx_byte           nrfx_uart.o
    0x00029eae   0x00029eae   0x00000016   Code   RO         1475    i.rx_done_event     nrfx_uart.o
    0x00029ec4   0x00029ec4   0x00000018   Code   RO         1661    i.rx_done_event     nrfx_uarte.o
    0x00029edc   0x00029edc   0x00000042   Code   RO         3706    i.sd_nvic_SetPriority  nrf_sdh.o
    0x00029f1e   0x00029f1e   0x00000002   PAD
    0x00029f20   0x00029f20   0x00000050   Code   RO          783    i.sd_state_evt_handler  nrf_drv_clock.o
    0x00029f70   0x00029f70   0x00000030   Code   RO         3707    i.sdh_request_observer_notify  nrf_sdh.o
    0x00029fa0   0x00029fa0   0x0000002c   Code   RO         3708    i.sdh_state_observer_notify  nrf_sdh.o
    0x00029fcc   0x00029fcc   0x00000050   Code   RO         2886    i.serial_tx         nrf_log_backend_rtt.o
    0x0002a01c   0x0002a01c   0x00000040   Code   RO         2989    i.serial_tx         nrf_log_backend_uart.o
    0x0002a05c   0x0002a05c   0x00000088   Code   RO          601    i.service_data_encode  ble_advdata.o
    0x0002a0e4   0x0002a0e4   0x00000018   Code   RO          784    i.soc_evt_handler   nrf_drv_clock.o
    0x0002a0fc   0x0002a0fc   0x00000050   Code   RO         3710    i.softdevices_evt_irq_enable  nrf_sdh.o
    0x0002a14c   0x0002a14c   0x0000008c   Code   RO         3127    i.std_n             nrf_log_frontend.o
    0x0002a1d8   0x0002a1d8   0x00000080   Code   RO         2069    i.timer_list_handler  app_timer.o
    0x0002a258   0x0002a258   0x0000003c   Code   RO         2070    i.timer_list_insert  app_timer.o
    0x0002a294   0x0002a294   0x00000060   Code   RO         2071    i.timer_list_remove  app_timer.o
    0x0002a2f4   0x0002a2f4   0x00000048   Code   RO         2072    i.timer_stop_op_schedule  app_timer.o
    0x0002a33c   0x0002a33c   0x00000074   Code   RO         2073    i.timer_timeouts_check  app_timer.o
    0x0002a3b0   0x0002a3b0   0x00000020   Code   RO         1477    i.tx_byte           nrfx_uart.o
    0x0002a3d0   0x0002a3d0   0x0000001a   Code   RO         1478    i.tx_done_event     nrfx_uart.o
    0x0002a3ea   0x0002a3ea   0x00000002   PAD
    0x0002a3ec   0x0002a3ec   0x00000030   Code   RO          921    i.uart_evt_handler  nrf_drv_uart.o
    0x0002a41c   0x0002a41c   0x0000000c   Code   RO         2990    i.uart_evt_handler  nrf_log_backend_uart.o
    0x0002a428   0x0002a428   0x00000050   Code   RO         2991    i.uart_init         nrf_log_backend_uart.o
    0x0002a478   0x0002a478   0x00000128   Code   RO         1479    i.uart_irq_handler  nrfx_uart.o
    0x0002a5a0   0x0002a5a0   0x00000030   Code   RO          922    i.uarte_evt_handler  nrf_drv_uart.o
    0x0002a5d0   0x0002a5d0   0x000000f4   Code   RO         1662    i.uarte_irq_handler  nrfx_uarte.o
    0x0002a6c4   0x0002a6c4   0x0000000a   Code   RO          602    i.uint16_encode     ble_advdata.o
    0x0002a6ce   0x0002a6ce   0x00000002   PAD
    0x0002a6d0   0x0002a6d0   0x000000b4   Code   RO         2626    i.unsigned_print    nrf_fprintf_format.o
    0x0002a784   0x0002a784   0x00000030   Code   RO         2074    i.user_op_alloc     app_timer.o
    0x0002a7b4   0x0002a7b4   0x00000030   Code   RO          603    i.uuid_list_encode  ble_advdata.o
    0x0002a7e4   0x0002a7e4   0x0000009e   Code   RO          604    i.uuid_list_sized_encode  ble_advdata.o
    0x0002a882   0x0002a882   0x00000002   PAD
    0x0002a884   0x0002a884   0x00000008   Data   RO           24    .constdata          main.o
    0x0002a88c   0x0002a88c   0x00000008   Data   RO          384    .constdata          boards.o
    0x0002a894   0x0002a894   0x0000002c   Data   RO          492    .constdata          bsp.o
    0x0002a8c0   0x0002a8c0   0x00000004   Data   RO         1144    .constdata          nrfx_gpiote.o
    0x0002a8c4   0x0002a8c4   0x00000004   Data   RO         1482    .constdata          nrfx_uart.o
    0x0002a8c8   0x0002a8c8   0x00000004   Data   RO         1665    .constdata          nrfx_uarte.o
    0x0002a8cc   0x0002a8cc   0x00000008   Data   RO         1801    .constdata          app_button.o
    0x0002a8d4   0x0002a8d4   0x0000000c   PAD
    0x0002a8e0   0x0002a8e0   0x00000006   Data   RO         2076    .constdata          app_timer.o
    0x0002a8e6   0x0002a8e6   0x00000010   Data   RO         2627    .constdata          nrf_fprintf_format.o
    0x0002a8f6   0x0002a8f6   0x00000002   PAD
    0x0002a8f8   0x0002a8f8   0x00000018   Data   RO         2747    .constdata          nrf_pwr_mgmt.o
    0x0002a910   0x0002a910   0x0000000c   Data   RO         2748    .constdata          nrf_pwr_mgmt.o
    0x0002a91c   0x0002a91c   0x0000013c   Data   RO         2851    .constdata          nrf_strerror.o
    0x0002aa58   0x0002aa58   0x0000000c   Data   RO         2888    .constdata          nrf_log_backend_rtt.o
    0x0002aa64   0x0002aa64   0x0000000c   PAD
    0x0002aa70   0x0002aa70   0x00000006   Data   RO         2889    .constdata          nrf_log_backend_rtt.o
    0x0002aa76   0x0002aa76   0x00000002   PAD
    0x0002aa78   0x0002aa78   0x0000000c   Data   RO         2993    .constdata          nrf_log_backend_uart.o
    0x0002aa84   0x0002aa84   0x00000020   Data   RO         2994    .constdata          nrf_log_backend_uart.o
    0x0002aaa4   0x0002aaa4   0x00000010   Data   RO         3711    .constdata          nrf_sdh.o
    0x0002aab4   0x0002aab4   0x00000028   Data   RO         3712    .constdata          nrf_sdh.o
    0x0002aadc   0x0002aadc   0x00000010   Data   RO         3713    .constdata          nrf_sdh.o
    0x0002aaec   0x0002aaec   0x00000010   Data   RO         3714    .constdata          nrf_sdh.o
    0x0002aafc   0x0002aafc   0x00000020   Data   RO         3830    .constdata          nrf_sdh_ble.o
    0x0002ab1c   0x0002ab1c   0x00000010   Data   RO         3831    .constdata          nrf_sdh_ble.o
    0x0002ab2c   0x0002ab2c   0x00000010   Data   RO         3878    .constdata          nrf_sdh_soc.o
    0x0002ab3c   0x0002ab3c   0x0000000c   Data   RO         3879    .constdata          nrf_sdh_soc.o
    0x0002ab48   0x0002ab48   0x00000081   Data   RO         3962    .constdata          mc_w.l(ctype_o.o)
    0x0002abc9   0x0002abc9   0x00000003   PAD
    0x0002abcc   0x0002abcc   0x00000004   Data   RO         3963    .constdata          mc_w.l(ctype_o.o)
    0x0002abd0   0x0002abd0   0x000003eb   Data   RO         2852    .conststring        nrf_strerror.o
    0x0002afbb   0x0002afbb   0x00000001   PAD
    0x0002afbc   0x0002afbc   0x00000066   Data   RO         3293    .conststring        nrf_log_str_formatter.o
    0x0002b022   0x0002b022   0x00000002   PAD
    0x0002b024   0x0002b024   0x00000188   Data   RO         3832    .conststring        nrf_sdh_ble.o
    0x0002b1ac   0x0002b1ac   0x00000006   Data   RO          790    .conststrlit        nrf_drv_clock.o
    0x0002b1b2   0x0002b1b2   0x00000002   PAD
    0x0002b1b4   0x0002b1b4   0x00000006   Data   RO          989    .conststrlit        nrfx_clock.o
    0x0002b1ba   0x0002b1ba   0x00000002   PAD
    0x0002b1bc   0x0002b1bc   0x00000007   Data   RO         1148    .conststrlit        nrfx_gpiote.o
    0x0002b1c3   0x0002b1c3   0x00000001   PAD
    0x0002b1c4   0x0002b1c4   0x00000004   Data   RO         1408    .conststrlit        nrfx_prs.o
    0x0002b1c8   0x0002b1c8   0x00000005   Data   RO         1485    .conststrlit        nrfx_uart.o
    0x0002b1cd   0x0002b1cd   0x00000003   PAD
    0x0002b1d0   0x0002b1d0   0x00000006   Data   RO         1668    .conststrlit        nrfx_uarte.o
    0x0002b1d6   0x0002b1d6   0x00000002   PAD
    0x0002b1d8   0x0002b1d8   0x00000009   Data   RO         2749    .conststrlit        nrf_pwr_mgmt.o
    0x0002b1e1   0x0002b1e1   0x00000003   PAD
    0x0002b1e4   0x0002b1e4   0x00000018   Data   RO         3130    .conststrlit        nrf_log_frontend.o
    0x0002b1fc   0x0002b1fc   0x00000008   Data   RO         3715    .conststrlit        nrf_sdh.o
    0x0002b204   0x0002b204   0x0000000c   Data   RO         3833    .conststrlit        nrf_sdh_ble.o
    0x0002b210   0x0002b210   0x0000000c   Data   RO         3880    .conststrlit        nrf_sdh_soc.o
    0x0002b21c   0x0002b21c   0x00000020   Data   RO         4056    Region$$Table       anon$$obj.o
    0x0002b23c   0x0002b23c   0x00000008   Data   RO          791    log_const_data      nrf_drv_clock.o
    0x0002b244   0x0002b244   0x00000008   Data   RO          991    log_const_data      nrfx_clock.o
    0x0002b24c   0x0002b24c   0x00000008   Data   RO         1149    log_const_data      nrfx_gpiote.o
    0x0002b254   0x0002b254   0x00000008   Data   RO         1410    log_const_data      nrfx_prs.o
    0x0002b25c   0x0002b25c   0x00000008   Data   RO         1486    log_const_data      nrfx_uart.o
    0x0002b264   0x0002b264   0x00000008   Data   RO         1669    log_const_data      nrfx_uarte.o
    0x0002b26c   0x0002b26c   0x00000008   Data   RO         2751    log_const_data      nrf_pwr_mgmt.o
    0x0002b274   0x0002b274   0x00000010   Data   RO         3133    log_const_data      nrf_log_frontend.o
    0x0002b284   0x0002b284   0x00000008   Data   RO         3717    log_const_data      nrf_sdh.o
    0x0002b28c   0x0002b28c   0x00000008   Data   RO         3835    log_const_data      nrf_sdh_ble.o
    0x0002b294   0x0002b294   0x00000008   Data   RO         3881    log_const_data      nrf_sdh_soc.o
    0x0002b29c   0x0002b29c   0x00000018   Data   RO         3135    nrf_balloc          nrf_log_frontend.o
    0x0002b2b4   0x0002b2b4   0x00000008   Data   RO          793    sdh_soc_observers0  nrf_drv_clock.o
    0x0002b2bc   0x0002b2bc   0x00000008   Data   RO         3837    sdh_stack_observers0  nrf_sdh_ble.o
    0x0002b2c4   0x0002b2c4   0x00000008   Data   RO         3883    sdh_stack_observers0  nrf_sdh_soc.o
    0x0002b2cc   0x0002b2cc   0x00000008   Data   RO          794    sdh_state_observers0  nrf_drv_clock.o


    Execution Region RW_IRAM1 (Exec base: 0x200018a8, Load base: 0x0002b2d4, Size: 0x00004c38, Max: 0x0000e758, ABSOLUTE, COMPRESSED[0x00000048])

    Exec Addr    Load Addr    Size         Type   Attr      Idx    E Section Name        Object

    0x200018a8   COMPRESSED   0x00000024   Data   RW           25    .data               main.o
    0x200018cc   COMPRESSED   0x00000010   Data   RW          493    .data               bsp.o
    0x200018dc   COMPRESSED   0x0000000c   Data   RW          923    .data               nrf_drv_uart.o
    0x200018e8   COMPRESSED   0x00000008   Data   RW          990    .data               nrfx_clock.o
    0x200018f0   COMPRESSED   0x00000008   Data   RW         1409    .data               nrfx_prs.o
    0x200018f8   COMPRESSED   0x00000020   Data   RW         1802    .data               app_button.o
    0x20001918   COMPRESSED   0x00000014   Data   RW         2077    .data               app_timer.o
    0x2000192c   COMPRESSED   0x00000008   Data   RW         2750    .data               nrf_pwr_mgmt.o
    0x20001934   COMPRESSED   0x00000001   Data   RW         2890    .data               nrf_log_backend_rtt.o
    0x20001935   COMPRESSED   0x00000003   PAD
    0x20001938   COMPRESSED   0x00000018   Data   RW         2995    .data               nrf_log_backend_uart.o
    0x20001950   COMPRESSED   0x00000018   Data   RW         3065    .data               nrf_log_default_backends.o
    0x20001968   COMPRESSED   0x00000008   Data   RW         3131    .data               nrf_log_frontend.o
    0x20001970   COMPRESSED   0x00000008   Data   RW         3132    .data               nrf_log_frontend.o
    0x20001978   COMPRESSED   0x00000040   Data   RW         3294    .data               nrf_log_str_formatter.o
    0x200019b8   COMPRESSED   0x00000003   Data   RW         3716    .data               nrf_sdh.o
    0x200019bb   COMPRESSED   0x00000001   Data   RW         3834    .data               nrf_sdh_ble.o
    0x200019bc   COMPRESSED   0x00000004   Data   RW         3918    .data               system_nrf52.o
    0x200019c0   COMPRESSED   0x00000004   Data   RW         3990    .data               mc_w.l(rand.o)
    0x200019c4   COMPRESSED   0x00000004   Data   RW         4051    .data               mc_w.l(mvars.o)
    0x200019c8   COMPRESSED   0x00000004   Data   RW         4052    .data               mc_w.l(mvars.o)
    0x200019cc   COMPRESSED   0x00000004   Data   RW          792    log_dynamic_data    nrf_drv_clock.o
    0x200019d0   COMPRESSED   0x00000004   Data   RW          992    log_dynamic_data    nrfx_clock.o
    0x200019d4   COMPRESSED   0x00000004   Data   RW         1150    log_dynamic_data    nrfx_gpiote.o
    0x200019d8   COMPRESSED   0x00000004   Data   RW         1411    log_dynamic_data    nrfx_prs.o
    0x200019dc   COMPRESSED   0x00000004   Data   RW         1487    log_dynamic_data    nrfx_uart.o
    0x200019e0   COMPRESSED   0x00000004   Data   RW         1670    log_dynamic_data    nrfx_uarte.o
    0x200019e4   COMPRESSED   0x00000004   Data   RW         2752    log_dynamic_data    nrf_pwr_mgmt.o
    0x200019e8   COMPRESSED   0x00000008   Data   RW         3134    log_dynamic_data    nrf_log_frontend.o
    0x200019f0   COMPRESSED   0x00000004   Data   RW         3718    log_dynamic_data    nrf_sdh.o
    0x200019f4   COMPRESSED   0x00000004   Data   RW         3836    log_dynamic_data    nrf_sdh_ble.o
    0x200019f8   COMPRESSED   0x00000004   Data   RW         3882    log_dynamic_data    nrf_sdh_soc.o
    0x200019fc        -       0x00000020   Zero   RW           20    .bss                main.o
    0x20001a1c        -       0x00000020   Zero   RW           21    .bss                main.o
    0x20001a3c        -       0x00000025   Zero   RW           22    .bss                main.o
    0x20001a61        -       0x0000001f   Zero   RW           23    .bss                main.o
    0x20001a80        -       0x00000020   Zero   RW          488    .bss                bsp.o
    0x20001aa0        -       0x00000020   Zero   RW          489    .bss                bsp.o
    0x20001ac0        -       0x0000000c   Zero   RW          490    .bss                bsp.o
    0x20001acc        -       0x00000020   Zero   RW          491    .bss                bsp.o
    0x20001aec        -       0x00000014   Zero   RW          785    .bss                nrf_drv_clock.o
    0x20001b00        -       0x0000005c   Zero   RW         1143    .bss                nrfx_gpiote.o
    0x20001b5c        -       0x0000002c   Zero   RW         1480    .bss                nrfx_uart.o
    0x20001b88        -       0x00000024   Zero   RW         1663    .bss                nrfx_uarte.o
    0x20001bac        -       0x00000020   Zero   RW         1800    .bss                app_button.o
    0x20001bcc        -       0x0000010c   Zero   RW         2075    .bss                app_timer.o
    0x20001cd8        -       0x0000000c   Zero   RW         2228    .bss                app_util_platform.o
    0x20001ce4        -       0x0000000c   Zero   RW         2746    .bss                nrf_pwr_mgmt.o
    0x20001cf0        -       0x00000040   Zero   RW         2887    .bss                nrf_log_backend_rtt.o
    0x20001d30        -       0x00000040   Zero   RW         2992    .bss                nrf_log_backend_uart.o
    0x20001d70        -       0x000000c0   Zero   RW         3128    .bss                nrf_log_frontend.o
    0x20001e30        -       0x00000424   Zero   RW         3129    .bss                nrf_log_frontend.o
    0x20002254        -       0x00000288   Zero   RW         3370    .bss                segger_rtt.o
    0x200024dc   COMPRESSED   0x00000004   PAD
    0x200024e0        -       0x00002000   Zero   RW         3907    HEAP                arm_startup_nrf52.o
    0x200044e0        -       0x00002000   Zero   RW         3906    STACK               arm_startup_nrf52.o


==============================================================================

Image component sizes


      Code (inc. data)   RO Data    RW Data    ZI Data      Debug   Object Name

       440         36          8         32         32      46910   app_button.o
        22          0          0          0          0       2529   app_error.o
       124         40          0          0          0      30605   app_error_weak.o
      1510        118          6         20        268      49359   app_timer.o
       124         14          0          0         12       9638   app_util_platform.o
        36          8        512          0      16384        964   arm_startup_nrf52.o
      1226          0          0          0          0      37219   ble_advdata.o
       314         30          8          0          0      12352   boards.o
       906         82         44         16        108      13536   bsp.o
      1164        140          8         36        132     139108   main.o
       294          0          0          0          0       8247   nrf_atomic.o
       164          0          0          0          0       3796   nrf_balloc.o
       276         34         30          4         20      39738   nrf_drv_clock.o
       200         26          0         12          0      18052   nrf_drv_uart.o
        50          0          0          0          0       3681   nrf_fprintf.o
       850          4         16          0          0       5670   nrf_fprintf_format.o
       112         18         18          1         64       6681   nrf_log_backend_rtt.o
       200          0          0          0          0      10947   nrf_log_backend_serial.o
       232         44         44         24         64      21678   nrf_log_backend_uart.o
        48          6          0         24          0       4177   nrf_log_default_backends.o
      1518        118         64         24       1252      31638   nrf_log_frontend.o
       566        108        102         64          0       6016   nrf_log_str_formatter.o
       330          0          0          0          0       9955   nrf_memobj.o
       108         16         53         12         12      38351   nrf_pwr_mgmt.o
       492         46        104          7          0      41423   nrf_sdh.o
       668        222        468          5          0       6173   nrf_sdh_ble.o
        60          4         56          4          0       2688   nrf_sdh_soc.o
        78          0          0          0          0       2932   nrf_section_iter.o
        76         10       1319          0          0       2891   nrf_strerror.o
       222         28         14         12          0      41800   nrfx_clock.o
      1226         92         19          4         92      59582   nrfx_gpiote.o
       112         16         12         12          0       4804   nrfx_prs.o
      1292         40         17          4         44      32186   nrfx_uart.o
      1134         44         18          4         36      25197   nrfx_uarte.o
       378         34          0          0        648       9321   segger_rtt.o
       796         70          0          4          0       3055   system_nrf52.o

    ----------------------------------------------------------------------
     17382       1448       3016        328      19172     782899   Object Totals
         0          0         32          0          0          0   (incl. Generated)
        34          0         44          3          4          0   (incl. Padding)

    ----------------------------------------------------------------------

      Code (inc. data)   RO Data    RW Data    ZI Data      Debug   Library Member Name

        86          0          0          0          0          0   __dczerorl2.o
         8          4        133          0          0         68   ctype_o.o
         0          0          0          0          0          0   entry.o
         0          0          0          0          0          0   entry10a.o
         0          0          0          0          0          0   entry11a.o
         8          4          0          0          0          0   entry2.o
         4          0          0          0          0          0   entry5.o
         0          0          0          0          0          0   entry7b.o
         0          0          0          0          0          0   entry8b.o
         8          4          0          0          0          0   entry9a.o
        30          0          0          0          0          0   handlers.o
        36          8          0          0          0         68   init.o
        30          0          0          0          0         68   llshl.o
        32          0          0          0          0         68   llushr.o
       188         20          0          0          0        160   malloc.o
        36          0          0          0          0         68   memcpya.o
        36          0          0          0          0        108   memseta.o
         0          0          0          8          0          0   mvars.o
        36         10          0          4          0        136   rand.o
        18          0          0          0          0         68   strcpy.o
        14          0          0          0          0         68   strlen.o
        98          0          0          0          0         92   uldiv.o

    ----------------------------------------------------------------------
       670         50        136         12          0        972   Library Totals
         2          0          3          0          0          0   (incl. Padding)

    ----------------------------------------------------------------------

      Code (inc. data)   RO Data    RW Data    ZI Data      Debug   Library Name

       668         50        133         12          0        972   mc_w.l

    ----------------------------------------------------------------------
       670         50        136         12          0        972   Library Totals

    ----------------------------------------------------------------------

==============================================================================


      Code (inc. data)   RO Data    RW Data    ZI Data      Debug   

     18052       1498       3152        340      19172     761291   Grand Totals
     18052       1498       3152         72      19172     761291   ELF Image Totals (compressed)
     18052       1498       3152         72          0          0   ROM Totals

==============================================================================

    Total RO  Size (Code + RO Data)                21204 (  20.71kB)
    Total RW  Size (RW Data + ZI Data)             19512 (  19.05kB)
    Total ROM Size (Code + RO Data + RW Data)      21276 (  20.78kB)

==============================================================================

